Archive member included because of file (symbol)

.\CortexM3\ARM_GCC_493\Debug\TFT_with_emWin.a(cyfitter_cfg.o)
                              .\CortexM3\ARM_GCC_493\Debug\Cm3Start.o (cyfitter_cfg)
.\CortexM3\ARM_GCC_493\Debug\TFT_with_emWin.a(SPIM_1.o)
                              .\CortexM3\ARM_GCC_493\Debug\tft.o (SPIM_1_ReadTxStatus)
.\CortexM3\ARM_GCC_493\Debug\TFT_with_emWin.a(DC.o)
                              .\CortexM3\ARM_GCC_493\Debug\tft.o (DC_Write)
.\CortexM3\ARM_GCC_493\Debug\TFT_with_emWin.a(SPIM_1_IntClock.o)
                              .\CortexM3\ARM_GCC_493\Debug\TFT_with_emWin.a(SPIM_1.o) (SPIM_1_IntClock_Start)
.\CortexM3\ARM_GCC_493\Debug\TFT_with_emWin.a(CyBootAsmGnu.o)
                              .\CortexM3\ARM_GCC_493\Debug\TFT_with_emWin.a(cyfitter_cfg.o) (CyDelayCycles)
.\CortexM3\ARM_GCC_493\Debug\TFT_with_emWin.a(CyDmac.o)
                              .\CortexM3\ARM_GCC_493\Debug\Cm3Start.o (CyDmacConfigure)
.\CortexM3\ARM_GCC_493\Debug\TFT_with_emWin.a(CyLib.o)
                              .\CortexM3\ARM_GCC_493\Debug\GUI_X.o (CyHalt)
.\CortexM3\ARM_GCC_493\Debug\TFT_with_emWin.a(cyPm.o)
                              .\CortexM3\ARM_GCC_493\Debug\TFT_with_emWin.a(CyLib.o) (CyPmReadStatus)
.\CortexM3\ARM_GCC_493\Debug\TFT_with_emWin.a(FORWARD_BTN.o)
                              .\CortexM3\ARM_GCC_493\Debug\main.o (FORWARD_BTN_Read)
.\CortexM3\ARM_GCC_493\Debug\TFT_with_emWin.a(BACK_BTN.o)
                              .\CortexM3\ARM_GCC_493\Debug\action_select.o (BACK_BTN_Read)
.\CortexM3\ARM_GCC_493\Debug\TFT_with_emWin.a(I2CRTC.o)
                              .\CortexM3\ARM_GCC_493\Debug\main.o (I2CRTC_Start)
.\CortexM3\ARM_GCC_493\Debug\TFT_with_emWin.a(I2CRTC_INT.o)
                              .\CortexM3\ARM_GCC_493\Debug\TFT_with_emWin.a(I2CRTC.o) (I2CRTC_ISR)
.\CortexM3\ARM_GCC_493\Debug\TFT_with_emWin.a(I2CRTC_PM.o)
                              .\CortexM3\ARM_GCC_493\Debug\TFT_with_emWin.a(I2CRTC.o) (I2CRTC_backup)
.\CortexM3\ARM_GCC_493\Debug\TFT_with_emWin.a(I2CRTC_MASTER.o)
                              .\CortexM3\ARM_GCC_493\Debug\ds3231.o (I2CRTC_MasterWriteBuf)
.\CortexM3\ARM_GCC_493\Debug\TFT_with_emWin.a(LCD_Char_1.o)
                              .\CortexM3\ARM_GCC_493\Debug\main.o (LCD_Char_1_PrintString)
.\CortexM3\ARM_GCC_493\Debug\TFT_with_emWin.a(LCD_Char_1_CustChars.o)
                              .\CortexM3\ARM_GCC_493\Debug\TFT_with_emWin.a(LCD_Char_1.o) (LCD_Char_1_LoadCustomFonts)
.\CortexM3\ARM_GCC_493\Debug\TFT_with_emWin.a(tick_isr.o)
                              .\CortexM3\ARM_GCC_493\Debug\main.o (tick_isr_StartEx)
.\CortexM3\ARM_GCC_493\Debug\TFT_with_emWin.a(Timer_1.o)
                              .\CortexM3\ARM_GCC_493\Debug\main.o (Timer_1_ReadStatusRegister)
.\CortexM3\ARM_GCC_493\Debug\TFT_with_emWin.a(LED_1.o)
                              .\CortexM3\ARM_GCC_493\Debug\main.o (LED_1_Write)
.\CortexM3\ARM_GCC_493\Debug\TFT_with_emWin.a(WaveDAC8_1.o)
                              .\CortexM3\ARM_GCC_493\Debug\task.o (WaveDAC8_1_Stop)
.\CortexM3\ARM_GCC_493\Debug\TFT_with_emWin.a(ADC_DelSig_1.o)
                              .\CortexM3\ARM_GCC_493\Debug\start_menu.o (ADC_DelSig_1_Start)
.\CortexM3\ARM_GCC_493\Debug\TFT_with_emWin.a(ADC_DelSig_1_INT.o)
                              .\CortexM3\ARM_GCC_493\Debug\TFT_with_emWin.a(ADC_DelSig_1.o) (ADC_DelSig_1_ISR1)
.\CortexM3\ARM_GCC_493\Debug\TFT_with_emWin.a(UART_1.o)
                              .\CortexM3\ARM_GCC_493\Debug\main.o (UART_1_Init)
.\CortexM3\ARM_GCC_493\Debug\TFT_with_emWin.a(WaveDAC8_1_DacClk.o)
                              .\CortexM3\ARM_GCC_493\Debug\TFT_with_emWin.a(WaveDAC8_1.o) (WaveDAC8_1_DacClk_Start)
.\CortexM3\ARM_GCC_493\Debug\TFT_with_emWin.a(WaveDAC8_1_Wave1_DMA_dma.o)
                              .\CortexM3\ARM_GCC_493\Debug\TFT_with_emWin.a(WaveDAC8_1.o) (WaveDAC8_1_Wave1_DMA_DmaInitialize)
.\CortexM3\ARM_GCC_493\Debug\TFT_with_emWin.a(WaveDAC8_1_Wave2_DMA_dma.o)
                              .\CortexM3\ARM_GCC_493\Debug\TFT_with_emWin.a(WaveDAC8_1.o) (WaveDAC8_1_Wave2_DMA_DmaInitialize)
.\CortexM3\ARM_GCC_493\Debug\TFT_with_emWin.a(WaveDAC8_1_VDAC8.o)
                              .\CortexM3\ARM_GCC_493\Debug\TFT_with_emWin.a(WaveDAC8_1.o) (WaveDAC8_1_VDAC8_Enable)
.\CortexM3\ARM_GCC_493\Debug\TFT_with_emWin.a(ADC_DelSig_1_AMux.o)
                              .\CortexM3\ARM_GCC_493\Debug\TFT_with_emWin.a(ADC_DelSig_1.o) (ADC_DelSig_1_AMux_Select)
.\CortexM3\ARM_GCC_493\Debug\TFT_with_emWin.a(ADC_DelSig_1_Ext_CP_Clk.o)
                              .\CortexM3\ARM_GCC_493\Debug\TFT_with_emWin.a(ADC_DelSig_1.o) (ADC_DelSig_1_Ext_CP_Clk_SetModeRegister)
.\CortexM3\ARM_GCC_493\Debug\TFT_with_emWin.a(ADC_DelSig_1_theACLK.o)
                              .\CortexM3\ARM_GCC_493\Debug\TFT_with_emWin.a(ADC_DelSig_1.o) (ADC_DelSig_1_theACLK_SetModeRegister)
[...]
Memory Configuration

Name             Origin             Length             Attributes
rom              0x00000000         0x00040000         xr
ram              0x1fff8000         0x00010000         xrw
*default*        0x00000000         0xffffffff

Linker script and memory map

LOAD c:/program files (x86)/cypress/psoc creator/3.3/psoc creator/import/gnu/arm/4.9.3/bin/../lib/gcc/arm-none-eabi/4.9.3/armv7-m/crti.o
LOAD c:/program files (x86)/cypress/psoc creator/3.3/psoc creator/import/gnu/arm/4.9.3/bin/../lib/gcc/arm-none-eabi/4.9.3/armv7-m/crtbegin.o
LOAD c:/program files (x86)/cypress/psoc creator/3.3/psoc creator/import/gnu/arm/4.9.3/bin/../lib/gcc/arm-none-eabi/4.9.3/../../../../arm-none-eabi/lib/armv7-m/crt0.o
START GROUP
LOAD .\CortexM3\ARM_GCC_493\Debug\main.o
LOAD .\CortexM3\ARM_GCC_493\Debug\tft.o
LOAD .\CortexM3\ARM_GCC_493\Debug\GUI_X.o
LOAD .\CortexM3\ARM_GCC_493\Debug\GUIConf.o
LOAD .\CortexM3\ARM_GCC_493\Debug\LCDConf.o
LOAD .\CortexM3\ARM_GCC_493\Debug\start_menu.o
LOAD .\CortexM3\ARM_GCC_493\Debug\ds3231.o
LOAD .\CortexM3\ARM_GCC_493\Debug\sound.o
LOAD .\CortexM3\ARM_GCC_493\Debug\action_select.o
LOAD .\CortexM3\ARM_GCC_493\Debug\cute_mascot.o
LOAD .\CortexM3\ARM_GCC_493\Debug\task.o
LOAD .\CortexM3\ARM_GCC_493\Debug\cute_mascot_full.o
LOAD .\CortexM3\ARM_GCC_493\Debug\cymetadata.o
LOAD .\CortexM3\ARM_GCC_493\Debug\Cm3Start.o
LOAD .\CortexM3\ARM_GCC_493\Debug\TFT_with_emWin.a
LOAD C:\Program Files (x86)\Cypress\PSoC Creator\3.3\PSoC Creator\psoc\content\cycomponentlibrary\CyComponentLibrary.cylib\CortexM3\ARM_GCC_493\Debug\CyComponentLibrary.a
LOAD c:/program files (x86)/cypress/psoc creator/3.3/psoc creator/import/gnu/arm/4.9.3/bin/../lib/gcc/arm-none-eabi/4.9.3/../../../../arm-none-eabi/lib/armv7-m\libm.a
LOAD ..\..\emWinGraphics_v5_46\LinkLibrary\PSoC5\GCC\libemWin_nosnts_cm3_gcc.a
END GROUP
START GROUP
LOAD c:/program files (x86)/cypress/psoc creator/3.3/psoc creator/import/gnu/arm/4.9.3/bin/../lib/gcc/arm-none-eabi/4.9.3/armv7-m\libgcc.a
LOAD c:/program files (x86)/cypress/psoc creator/3.3/psoc creator/import/gnu/arm/4.9.3/bin/../lib/gcc/arm-none-eabi/4.9.3/../../../../arm-none-eabi/lib/armv7-m\libg_nano.a
LOAD c:/program files (x86)/cypress/psoc creator/3.3/psoc creator/import/gnu/arm/4.9.3/bin/../lib/gcc/arm-none-eabi/4.9.3/../../../../arm-none-eabi/lib/armv7-m\libc_nano.a
END GROUP
START GROUP
LOAD c:/program files (x86)/cypress/psoc creator/3.3/psoc creator/import/gnu/arm/4.9.3/bin/../lib/gcc/arm-none-eabi/4.9.3/armv7-m\libgcc.a
LOAD c:/program files (x86)/cypress/psoc creator/3.3/psoc creator/import/gnu/arm/4.9.3/bin/../lib/gcc/arm-none-eabi/4.9.3/../../../../arm-none-eabi/lib/armv7-m\libc_nano.a
END GROUP
LOAD c:/program files (x86)/cypress/psoc creator/3.3/psoc creator/import/gnu/arm/4.9.3/bin/../lib/gcc/arm-none-eabi/4.9.3/armv7-m/crtend.o
LOAD c:/program files (x86)/cypress/psoc creator/3.3/psoc creator/import/gnu/arm/4.9.3/bin/../lib/gcc/arm-none-eabi/4.9.3/armv7-m/crtn.o
START GROUP
LOAD c:/program files (x86)/cypress/psoc creator/3.3/psoc creator/import/gnu/arm/4.9.3/bin/../lib/gcc/arm-none-eabi/4.9.3/armv7-m\libgcc.a
LOAD c:/program files (x86)/cypress/psoc creator/3.3/psoc creator/import/gnu/arm/4.9.3/bin/../lib/gcc/arm-none-eabi/4.9.3/../../../../arm-none-eabi/lib/armv7-m\libc.a
LOAD c:/program files (x86)/cypress/psoc creator/3.3/psoc creator/import/gnu/arm/4.9.3/bin/../lib/gcc/arm-none-eabi/4.9.3/../../../../arm-none-eabi/lib/armv7-m\libnosys.a
END GROUP
                0x00000000                CY_APPL_ORIGIN = 0x0
                0x00000100                CY_FLASH_ROW_SIZE = 0x100
                0x00000020                CY_ECC_ROW_SIZE = 0x20
                0x00000000                CY_EE_IN_BTLDR = 0x0
                0x00000000                CY_APPL_LOADABLE = 0x0
                0x00000800                CY_EE_SIZE = 0x800
                0x00000001                CY_APPL_NUM = 0x1
                0x00000001                CY_APPL_MAX = 0x1
                0x00000040                CY_METADATA_SIZE = 0x40
                0x00000000                CY_APPL_LOADABLE = 0x0
                0x00000000                CY_CHECKSUM_EXCLUDE_SIZE = ALIGN (0x0, CY_FLASH_ROW_SIZE)
                0x1fffa658                PROVIDE (__cy_heap_start, _end)
                0x00000001                PROVIDE (__cy_region_num, ((__cy_regions_end - __cy_regions) / 0x10))
                0x20008000                PROVIDE (__cy_stack, (ORIGIN (ram) + 0x10000))
                0x20007800                PROVIDE (__cy_heap_end, (__cy_stack - 0x800))

.cybootloader   0x00000000        0x0
 *(.cybootloader)
                0x00000000                appl1_start = CY_APPL_ORIGIN?CY_APPL_ORIGIN:ALIGN (CY_FLASH_ROW_SIZE)
                0x0001ff00                appl2_start = (appl1_start + ALIGN ((((0x40000 - appl1_start) - (0x2 * CY_FLASH_ROW_SIZE)) / 0x2), CY_FLASH_ROW_SIZE))
                0x00000000                appl_start = (CY_APPL_NUM == 0x1)?appl1_start:appl2_start
                0x00000000                ecc_offset = ((appl_start / CY_FLASH_ROW_SIZE) * CY_ECC_ROW_SIZE)
                0x00000000                ee_offset = (CY_APPL_LOADABLE && ! (CY_EE_IN_BTLDR))?((CY_EE_SIZE / CY_APPL_MAX) * (CY_APPL_NUM - 0x1)):0x0
                0x00000800                ee_size = (CY_APPL_LOADABLE && ! (CY_EE_IN_BTLDR))?(CY_EE_SIZE / CY_APPL_MAX):CY_EE_SIZE
                0x00000000                PROVIDE (CY_ECC_OFFSET, ecc_offset)

.text           0x00000000     0xa8e8
 CREATE_OBJECT_SYMBOLS
                0x00000000                PROVIDE (__cy_interrupt_vector, RomVectors)
 *(.romvectors)
 .romvectors    0x00000000       0x10 .\CortexM3\ARM_GCC_493\Debug\Cm3Start.o
                0x00000000                RomVectors
                0x00000001                ASSERT ((. != __cy_interrupt_vector), No interrupt vector)
                0x00000001                ASSERT (CY_APPL_ORIGIN?(SIZEOF (.cybootloader) <= CY_APPL_ORIGIN):0x1, Wrong image location)
                0x00000010                PROVIDE (__cy_reset, Reset)
 *(.text.Reset)
 .text.Reset    0x00000010       0x18 .\CortexM3\ARM_GCC_493\Debug\Cm3Start.o
                0x00000010                Reset
                0x00000001                ASSERT ((. != __cy_reset), No reset code)
 *(.dma_init)
                0x00000001                ASSERT ((((appl_start + .) <= 0x10000) || 0x1), DMA Init must be within the first 64k of flash)
 *(.text .text.* .gnu.linkonce.t.*)
 .text          0x00000028       0x5c c:/program files (x86)/cypress/psoc creator/3.3/psoc creator/import/gnu/arm/4.9.3/bin/../lib/gcc/arm-none-eabi/4.9.3/armv7-m/crtbegin.o
 .text.Snooze_Btn_Handler
                0x00000084        0x8 .\CortexM3\ARM_GCC_493\Debug\main.o
                0x00000084                Snooze_Btn_Handler
 .text.alarmCheck
                0x0000008c       0x78 .\CortexM3\ARM_GCC_493\Debug\main.o
                0x0000008c                alarmCheck
 .text.Timer_1_Handler
                0x00000104       0x7c .\CortexM3\ARM_GCC_493\Debug\main.o
                0x00000104                Timer_1_Handler
 .text.home     0x00000180       0xcc .\CortexM3\ARM_GCC_493\Debug\main.o
                0x00000180                home
 .text.main     0x0000024c       0x84 .\CortexM3\ARM_GCC_493\Debug\main.o
                0x0000024c                main
 .text.print    0x000002d0       0x30 .\CortexM3\ARM_GCC_493\Debug\main.o
                0x000002d0                print
 .text.error    0x00000300       0x14 .\CortexM3\ARM_GCC_493\Debug\main.o
                0x00000300                error
 .text.write8_a0
                0x00000314       0x1c .\CortexM3\ARM_GCC_493\Debug\tft.o
                0x00000314                write8_a0
 .text.write8_a1
                0x00000330       0x1c .\CortexM3\ARM_GCC_493\Debug\tft.o
                0x00000330                write8_a1
 .text.writeM8_a1
                0x0000034c       0x28 .\CortexM3\ARM_GCC_493\Debug\tft.o
                0x0000034c                writeM8_a1
 .text.read8_a1
                0x00000374        0x4 .\CortexM3\ARM_GCC_493\Debug\tft.o
                0x00000374                read8_a1
 .text.readM8_a1
                0x00000378        0x4 .\CortexM3\ARM_GCC_493\Debug\tft.o
                0x00000378                readM8_a1
 .text.tftStart
                0x0000037c       0x3c .\CortexM3\ARM_GCC_493\Debug\tft.o
                0x0000037c                tftStart
 .text.GUI_X_Systick_Intr
                0x000003b8       0x10 .\CortexM3\ARM_GCC_493\Debug\GUI_X.o
                0x000003b8                GUI_X_Systick_Intr
 .text.GUI_X_GetTime
                0x000003c8        0xc .\CortexM3\ARM_GCC_493\Debug\GUI_X.o
                0x000003c8                GUI_X_GetTime
 .text.GUI_X_Systick_Init
                0x000003d4       0x34 .\CortexM3\ARM_GCC_493\Debug\GUI_X.o
                0x000003d4                GUI_X_Systick_Init
 .text.GUI_X_Init
                0x00000408        0x8 .\CortexM3\ARM_GCC_493\Debug\GUI_X.o
                0x00000408                GUI_X_Init
 .text.GUI_X_Config
                0x00000410       0x1c .\CortexM3\ARM_GCC_493\Debug\GUIConf.o
                0x00000410                GUI_X_Config
 .text._InitController
                0x0000042c        0x8 .\CortexM3\ARM_GCC_493\Debug\LCDConf.o
 .text.LCD_X_Config
                0x00000434       0x94 .\CortexM3\ARM_GCC_493\Debug\LCDConf.o
                0x00000434                LCD_X_Config
 .text.LCD_X_DisplayDriver
                0x000004c8       0x14 .\CortexM3\ARM_GCC_493\Debug\LCDConf.o
                0x000004c8                LCD_X_DisplayDriver
 .text.mainTask
                0x000004dc       0x3c .\CortexM3\ARM_GCC_493\Debug\start_menu.o
                0x000004dc                mainTask
 .text.start    0x00000518        0x8 .\CortexM3\ARM_GCC_493\Debug\start_menu.o
                0x00000518                start
 .text.bcd2bin  0x00000520       0x10 .\CortexM3\ARM_GCC_493\Debug\ds3231.o
                0x00000520                bcd2bin
 .text.RTC_now  0x00000530       0x98 .\CortexM3\ARM_GCC_493\Debug\ds3231.o
                0x00000530                RTC_now
 .text.createActionList
                0x000005c8       0x9c .\CortexM3\ARM_GCC_493\Debug\action_select.o
                0x000005c8                createActionList
 .text.mainTask2
                0x00000664       0x8c .\CortexM3\ARM_GCC_493\Debug\action_select.o
                0x00000664                mainTask2
 .text.action_select
                0x000006f0        0x8 .\CortexM3\ARM_GCC_493\Debug\action_select.o
                0x000006f0                action_select
 .text.endAlarm
                0x000006f8       0x20 .\CortexM3\ARM_GCC_493\Debug\task.o
                0x000006f8                endAlarm
 .text.alarmHandler
                0x00000718       0x80 .\CortexM3\ARM_GCC_493\Debug\task.o
                0x00000718                alarmHandler
 .text.IntDefaultHandler
                0x00000798        0x4 .\CortexM3\ARM_GCC_493\Debug\Cm3Start.o
                0x00000798                IntDefaultHandler
 .text._sbrk    0x0000079c       0x30 .\CortexM3\ARM_GCC_493\Debug\Cm3Start.o
                0x0000079c                _sbrk
 .text.Start_c  0x000007cc       0x4c .\CortexM3\ARM_GCC_493\Debug\Cm3Start.o
                0x000007cc                Start_c
 .text.initialize_psoc
                0x00000818       0x78 .\CortexM3\ARM_GCC_493\Debug\Cm3Start.o
                0x00000818                initialize_psoc
 .text.CyClockStartupError
                0x00000890        0x4 .\CortexM3\ARM_GCC_493\Debug\TFT_with_emWin.a(cyfitter_cfg.o)
 .text.cfg_write_bytes32
                0x00000894       0x34 .\CortexM3\ARM_GCC_493\Debug\TFT_with_emWin.a(cyfitter_cfg.o)
 .text.AnalogSetDefault
                0x000008c8       0x44 .\CortexM3\ARM_GCC_493\Debug\TFT_with_emWin.a(cyfitter_cfg.o)
 .text.CYMEMZERO
                0x0000090c        0xc .\CortexM3\ARM_GCC_493\Debug\TFT_with_emWin.a(cyfitter_cfg.o)
 .text.CYCONFIGCPY
                0x00000918        0x8 .\CortexM3\ARM_GCC_493\Debug\TFT_with_emWin.a(cyfitter_cfg.o)
 .text.ClockSetup
                0x00000920      0x124 .\CortexM3\ARM_GCC_493\Debug\TFT_with_emWin.a(cyfitter_cfg.o)
 .text.ADC_DelSig_1_AMux_Set
                0x00000a44       0x1c .\CortexM3\ARM_GCC_493\Debug\TFT_with_emWin.a(cyfitter_cfg.o)
                0x00000a44                ADC_DelSig_1_AMux_Set
 .text.ADC_DelSig_1_AMux_Unset
                0x00000a60       0x1c .\CortexM3\ARM_GCC_493\Debug\TFT_with_emWin.a(cyfitter_cfg.o)
                0x00000a60                ADC_DelSig_1_AMux_Unset
 .text.cyfitter_cfg
                0x00000a7c      0x190 .\CortexM3\ARM_GCC_493\Debug\TFT_with_emWin.a(cyfitter_cfg.o)
                0x00000a7c                cyfitter_cfg
 .text.SPIM_1_Enable
                0x00000c0c       0x34 .\CortexM3\ARM_GCC_493\Debug\TFT_with_emWin.a(SPIM_1.o)
                0x00000c0c                SPIM_1_Enable
 .text.SPIM_1_ReadTxStatus
                0x00000c40        0xc .\CortexM3\ARM_GCC_493\Debug\TFT_with_emWin.a(SPIM_1.o)
                0x00000c40                SPIM_1_ReadTxStatus
 .text.SPIM_1_ReadRxStatus
                0x00000c4c        0xc .\CortexM3\ARM_GCC_493\Debug\TFT_with_emWin.a(SPIM_1.o)
                0x00000c4c                SPIM_1_ReadRxStatus
 .text.SPIM_1_WriteTxData
                0x00000c58       0x18 .\CortexM3\ARM_GCC_493\Debug\TFT_with_emWin.a(SPIM_1.o)
                0x00000c58                SPIM_1_WriteTxData
 .text.SPIM_1_ClearFIFO
                0x00000c70       0x3c .\CortexM3\ARM_GCC_493\Debug\TFT_with_emWin.a(SPIM_1.o)
                0x00000c70                SPIM_1_ClearFIFO
 .text.SPIM_1_Init
                0x00000cac       0x28 .\CortexM3\ARM_GCC_493\Debug\TFT_with_emWin.a(SPIM_1.o)
                0x00000cac                SPIM_1_Init
 .text.SPIM_1_Start
                0x00000cd4       0x1c .\CortexM3\ARM_GCC_493\Debug\TFT_with_emWin.a(SPIM_1.o)
                0x00000cd4                SPIM_1_Start
 .text.DC_Write
                0x00000cf0       0x18 .\CortexM3\ARM_GCC_493\Debug\TFT_with_emWin.a(DC.o)
                0x00000cf0                DC_Write
 .text.SPIM_1_IntClock_Start
                0x00000d08       0x1c .\CortexM3\ARM_GCC_493\Debug\TFT_with_emWin.a(SPIM_1_IntClock.o)
                0x00000d08                SPIM_1_IntClock_Start
 *fill*         0x00000d24        0x4 
 .text          0x00000d28       0x20 .\CortexM3\ARM_GCC_493\Debug\TFT_with_emWin.a(CyBootAsmGnu.o)
                0x00000d28                CyDelayCycles
                0x00000d38                CyEnterCriticalSection
                0x00000d40                CyExitCriticalSection
 .text.CyDmacConfigure
                0x00000d48       0x34 .\CortexM3\ARM_GCC_493\Debug\TFT_with_emWin.a(CyDmac.o)
                0x00000d48                CyDmacConfigure
 .text.CyDmaChEnable
                0x00000d7c       0x38 .\CortexM3\ARM_GCC_493\Debug\TFT_with_emWin.a(CyDmac.o)
                0x00000d7c                CyDmaChEnable
 .text.CyDmaChDisable
                0x00000db4       0x24 .\CortexM3\ARM_GCC_493\Debug\TFT_with_emWin.a(CyDmac.o)
                0x00000db4                CyDmaChDisable
 .text.CyDmaChPriority
                0x00000dd8       0x24 .\CortexM3\ARM_GCC_493\Debug\TFT_with_emWin.a(CyDmac.o)
                0x00000dd8                CyDmaChPriority
 .text.CyDmaChSetExtendedAddress
                0x00000dfc       0x34 .\CortexM3\ARM_GCC_493\Debug\TFT_with_emWin.a(CyDmac.o)
                0x00000dfc                CyDmaChSetExtendedAddress
 .text.CyDmaChSetInitialTd
                0x00000e30       0x18 .\CortexM3\ARM_GCC_493\Debug\TFT_with_emWin.a(CyDmac.o)
                0x00000e30                CyDmaChSetInitialTd
 .text.CyDmaChSetConfiguration
                0x00000e48       0x48 .\CortexM3\ARM_GCC_493\Debug\TFT_with_emWin.a(CyDmac.o)
                0x00000e48                CyDmaChSetConfiguration
 .text.CyDmaTdAllocate
                0x00000e90       0x34 .\CortexM3\ARM_GCC_493\Debug\TFT_with_emWin.a(CyDmac.o)
                0x00000e90                CyDmaTdAllocate
 .text.CyDmaTdSetConfiguration
                0x00000ec4       0x28 .\CortexM3\ARM_GCC_493\Debug\TFT_with_emWin.a(CyDmac.o)
                0x00000ec4                CyDmaTdSetConfiguration
 .text.CyDmaTdSetAddress
                0x00000eec       0x1c .\CortexM3\ARM_GCC_493\Debug\TFT_with_emWin.a(CyDmac.o)
                0x00000eec                CyDmaTdSetAddress
 .text.CyHalt   0x00000f08        0x4 .\CortexM3\ARM_GCC_493\Debug\TFT_with_emWin.a(CyLib.o)
                0x00000f08                CyHalt
 .text.CyDelay  0x00000f0c       0x2c .\CortexM3\ARM_GCC_493\Debug\TFT_with_emWin.a(CyLib.o)
                0x00000f0c                CyDelay
 .text.CyDelayUs
                0x00000f38       0x14 .\CortexM3\ARM_GCC_493\Debug\TFT_with_emWin.a(CyLib.o)
                0x00000f38                CyDelayUs
 .text.CyIntSetSysVector
                0x00000f4c       0x28 .\CortexM3\ARM_GCC_493\Debug\TFT_with_emWin.a(CyLib.o)
                0x00000f4c                CyIntSetSysVector
 .text.CyIntSetVector
                0x00000f74       0x28 .\CortexM3\ARM_GCC_493\Debug\TFT_with_emWin.a(CyLib.o)
                0x00000f74                CyIntSetVector
 .text.CyIntSetPriority
                0x00000f9c       0x30 .\CortexM3\ARM_GCC_493\Debug\TFT_with_emWin.a(CyLib.o)
                0x00000f9c                CyIntSetPriority
 .text.CySysTickEnableInterrupt
                0x00000fcc       0x10 .\CortexM3\ARM_GCC_493\Debug\TFT_with_emWin.a(CyLib.o)
                0x00000fcc                CySysTickEnableInterrupt
 .text.CySysTickEnable
                0x00000fdc       0x18 .\CortexM3\ARM_GCC_493\Debug\TFT_with_emWin.a(CyLib.o)
                0x00000fdc                CySysTickEnable
 .text.CySysTickSetReload
                0x00000ff4       0x10 .\CortexM3\ARM_GCC_493\Debug\TFT_with_emWin.a(CyLib.o)
                0x00000ff4                CySysTickSetReload
 .text.CySysTickSetClockSource
                0x00001004       0x20 .\CortexM3\ARM_GCC_493\Debug\TFT_with_emWin.a(CyLib.o)
                0x00001004                CySysTickSetClockSource
 .text.CySysTickGetCountFlag
                0x00001024       0x10 .\CortexM3\ARM_GCC_493\Debug\TFT_with_emWin.a(CyLib.o)
                0x00001024                CySysTickGetCountFlag
 .text.CySysTickServiceCallbacks
                0x00001034       0x28 .\CortexM3\ARM_GCC_493\Debug\TFT_with_emWin.a(CyLib.o)
 .text.CySysTickClear
                0x0000105c        0xc .\CortexM3\ARM_GCC_493\Debug\TFT_with_emWin.a(CyLib.o)
                0x0000105c                CySysTickClear
 .text.CySysTickInit
                0x00001068       0x58 .\CortexM3\ARM_GCC_493\Debug\TFT_with_emWin.a(CyLib.o)
                0x00001068                CySysTickInit
 .text.CySysTickStart
                0x000010c0       0x1c .\CortexM3\ARM_GCC_493\Debug\TFT_with_emWin.a(CyLib.o)
                0x000010c0                CySysTickStart
 .text.CySysTickSetCallback
                0x000010dc       0x10 .\CortexM3\ARM_GCC_493\Debug\TFT_with_emWin.a(CyLib.o)
                0x000010dc                CySysTickSetCallback
 .text.CySysTickGetCallback
                0x000010ec       0x10 .\CortexM3\ARM_GCC_493\Debug\TFT_with_emWin.a(CyLib.o)
                0x000010ec                CySysTickGetCallback
 .text.FORWARD_BTN_Read
                0x000010fc       0x10 .\CortexM3\ARM_GCC_493\Debug\TFT_with_emWin.a(FORWARD_BTN.o)
                0x000010fc                FORWARD_BTN_Read
 .text.BACK_BTN_Read
                0x0000110c       0x10 .\CortexM3\ARM_GCC_493\Debug\TFT_with_emWin.a(BACK_BTN.o)
                0x0000110c                BACK_BTN_Read
 .text.I2CRTC_Init
                0x0000111c       0x68 .\CortexM3\ARM_GCC_493\Debug\TFT_with_emWin.a(I2CRTC.o)
                0x0000111c                I2CRTC_Init
 .text.I2CRTC_Enable
                0x00001184       0x24 .\CortexM3\ARM_GCC_493\Debug\TFT_with_emWin.a(I2CRTC.o)
                0x00001184                I2CRTC_Enable
 .text.I2CRTC_Start
                0x000011a8       0x28 .\CortexM3\ARM_GCC_493\Debug\TFT_with_emWin.a(I2CRTC.o)
                0x000011a8                I2CRTC_Start
 .text.I2CRTC_ISR
                0x000011d0      0x2cc .\CortexM3\ARM_GCC_493\Debug\TFT_with_emWin.a(I2CRTC_INT.o)
                0x000011d0                I2CRTC_ISR
 .text.I2CRTC_MasterWriteBuf
                0x0000149c       0xcc .\CortexM3\ARM_GCC_493\Debug\TFT_with_emWin.a(I2CRTC_MASTER.o)
                0x0000149c                I2CRTC_MasterWriteBuf
 .text.I2CRTC_MasterReadBuf
                0x00001568       0xd0 .\CortexM3\ARM_GCC_493\Debug\TFT_with_emWin.a(I2CRTC_MASTER.o)
                0x00001568                I2CRTC_MasterReadBuf
 .text.I2CRTC_MasterStatus
                0x00001638       0x38 .\CortexM3\ARM_GCC_493\Debug\TFT_with_emWin.a(I2CRTC_MASTER.o)
                0x00001638                I2CRTC_MasterStatus
 .text.I2CRTC_MasterClearStatus
                0x00001670       0x24 .\CortexM3\ARM_GCC_493\Debug\TFT_with_emWin.a(I2CRTC_MASTER.o)
                0x00001670                I2CRTC_MasterClearStatus
 .text.I2CRTC_MasterClearReadBuf
                0x00001694       0x30 .\CortexM3\ARM_GCC_493\Debug\TFT_with_emWin.a(I2CRTC_MASTER.o)
                0x00001694                I2CRTC_MasterClearReadBuf
 .text.LCD_Char_1_WrCntrlNib
                0x000016c4       0x34 .\CortexM3\ARM_GCC_493\Debug\TFT_with_emWin.a(LCD_Char_1.o)
 .text.LCD_Char_1_WrDatNib
                0x000016f8       0x44 .\CortexM3\ARM_GCC_493\Debug\TFT_with_emWin.a(LCD_Char_1.o)
 .text.LCD_Char_1_IsReady
                0x0000173c       0xe4 .\CortexM3\ARM_GCC_493\Debug\TFT_with_emWin.a(LCD_Char_1.o)
                0x0000173c                LCD_Char_1_IsReady
 .text.LCD_Char_1_WriteData
                0x00001820       0x18 .\CortexM3\ARM_GCC_493\Debug\TFT_with_emWin.a(LCD_Char_1.o)
                0x00001820                LCD_Char_1_WriteData
 .text.LCD_Char_1_PrintString
                0x00001838       0x1c .\CortexM3\ARM_GCC_493\Debug\TFT_with_emWin.a(LCD_Char_1.o)
                0x00001838                LCD_Char_1_PrintString
 .text.LCD_Char_1_WriteControl
                0x00001854       0x18 .\CortexM3\ARM_GCC_493\Debug\TFT_with_emWin.a(LCD_Char_1.o)
                0x00001854                LCD_Char_1_WriteControl
 .text.LCD_Char_1_Init
                0x0000186c       0x74 .\CortexM3\ARM_GCC_493\Debug\TFT_with_emWin.a(LCD_Char_1.o)
                0x0000186c                LCD_Char_1_Init
 .text.LCD_Char_1_Enable
                0x000018e0       0x14 .\CortexM3\ARM_GCC_493\Debug\TFT_with_emWin.a(LCD_Char_1.o)
                0x000018e0                LCD_Char_1_Enable
 .text.LCD_Char_1_Start
                0x000018f4       0x1c .\CortexM3\ARM_GCC_493\Debug\TFT_with_emWin.a(LCD_Char_1.o)
                0x000018f4                LCD_Char_1_Start
 .text.LCD_Char_1_Position
                0x00001910       0x3c .\CortexM3\ARM_GCC_493\Debug\TFT_with_emWin.a(LCD_Char_1.o)
                0x00001910                LCD_Char_1_Position
 .text.LCD_Char_1_LoadCustomFonts
                0x0000194c       0x2c .\CortexM3\ARM_GCC_493\Debug\TFT_with_emWin.a(LCD_Char_1_CustChars.o)
                0x0000194c                LCD_Char_1_LoadCustomFonts
 .text.tick_isr_SetVector
                0x00001978       0x10 .\CortexM3\ARM_GCC_493\Debug\TFT_with_emWin.a(tick_isr.o)
                0x00001978                tick_isr_SetVector
 .text.tick_isr_SetPriority
                0x00001988       0x10 .\CortexM3\ARM_GCC_493\Debug\TFT_with_emWin.a(tick_isr.o)
                0x00001988                tick_isr_SetPriority
 .text.tick_isr_Enable
                0x00001998       0x10 .\CortexM3\ARM_GCC_493\Debug\TFT_with_emWin.a(tick_isr.o)
                0x00001998                tick_isr_Enable
 .text.tick_isr_Disable
                0x000019a8       0x10 .\CortexM3\ARM_GCC_493\Debug\TFT_with_emWin.a(tick_isr.o)
                0x000019a8                tick_isr_Disable
 .text.tick_isr_StartEx
                0x000019b8       0x1c .\CortexM3\ARM_GCC_493\Debug\TFT_with_emWin.a(tick_isr.o)
                0x000019b8                tick_isr_StartEx
 .text.tick_isr_ClearPending
                0x000019d4       0x10 .\CortexM3\ARM_GCC_493\Debug\TFT_with_emWin.a(tick_isr.o)
                0x000019d4                tick_isr_ClearPending
 .text.Timer_1_Enable
                0x000019e4       0x28 .\CortexM3\ARM_GCC_493\Debug\TFT_with_emWin.a(Timer_1.o)
                0x000019e4                Timer_1_Enable
 .text.Timer_1_SetInterruptMode
                0x00001a0c        0xc .\CortexM3\ARM_GCC_493\Debug\TFT_with_emWin.a(Timer_1.o)
                0x00001a0c                Timer_1_SetInterruptMode
 .text.Timer_1_ReadStatusRegister
                0x00001a18        0xc .\CortexM3\ARM_GCC_493\Debug\TFT_with_emWin.a(Timer_1.o)
                0x00001a18                Timer_1_ReadStatusRegister
 .text.Timer_1_WritePeriod
                0x00001a24        0xc .\CortexM3\ARM_GCC_493\Debug\TFT_with_emWin.a(Timer_1.o)
                0x00001a24                Timer_1_WritePeriod
 .text.Timer_1_WriteCounter
                0x00001a30        0xc .\CortexM3\ARM_GCC_493\Debug\TFT_with_emWin.a(Timer_1.o)
                0x00001a30                Timer_1_WriteCounter
 .text.Timer_1_Init
                0x00001a3c       0x68 .\CortexM3\ARM_GCC_493\Debug\TFT_with_emWin.a(Timer_1.o)
                0x00001a3c                Timer_1_Init
 .text.Timer_1_Start
                0x00001aa4       0x1c .\CortexM3\ARM_GCC_493\Debug\TFT_with_emWin.a(Timer_1.o)
                0x00001aa4                Timer_1_Start
 .text.LED_1_Write
                0x00001ac0       0x18 .\CortexM3\ARM_GCC_493\Debug\TFT_with_emWin.a(LED_1.o)
                0x00001ac0                LED_1_Write
 .text.LED_1_Read
                0x00001ad8       0x10 .\CortexM3\ARM_GCC_493\Debug\TFT_with_emWin.a(LED_1.o)
                0x00001ad8                LED_1_Read
 .text.WaveDAC8_1_Enable
                0x00001ae8       0x28 .\CortexM3\ARM_GCC_493\Debug\TFT_with_emWin.a(WaveDAC8_1.o)
                0x00001ae8                WaveDAC8_1_Enable
 .text.WaveDAC8_1_Stop
                0x00001b10       0x20 .\CortexM3\ARM_GCC_493\Debug\TFT_with_emWin.a(WaveDAC8_1.o)
                0x00001b10                WaveDAC8_1_Stop
 .text.WaveDAC8_1_Wave1Setup
                0x00001b30       0x40 .\CortexM3\ARM_GCC_493\Debug\TFT_with_emWin.a(WaveDAC8_1.o)
                0x00001b30                WaveDAC8_1_Wave1Setup
 .text.WaveDAC8_1_Wave2Setup
                0x00001b70       0x40 .\CortexM3\ARM_GCC_493\Debug\TFT_with_emWin.a(WaveDAC8_1.o)
                0x00001b70                WaveDAC8_1_Wave2Setup
 .text.WaveDAC8_1_Init
                0x00001bb0       0x44 .\CortexM3\ARM_GCC_493\Debug\TFT_with_emWin.a(WaveDAC8_1.o)
                0x00001bb0                WaveDAC8_1_Init
 .text.WaveDAC8_1_Start
                0x00001bf4       0x1c .\CortexM3\ARM_GCC_493\Debug\TFT_with_emWin.a(WaveDAC8_1.o)
                0x00001bf4                WaveDAC8_1_Start
 .text.ADC_DelSig_1_GainCompensation
                0x00001c10       0xcc .\CortexM3\ARM_GCC_493\Debug\TFT_with_emWin.a(ADC_DelSig_1.o)
 .text.ADC_DelSig_1_SetDSMRef0Reg
                0x00001cdc       0x4c .\CortexM3\ARM_GCC_493\Debug\TFT_with_emWin.a(ADC_DelSig_1.o)
 .text.ADC_DelSig_1_InitConfig
                0x00001d28       0xdc .\CortexM3\ARM_GCC_493\Debug\TFT_with_emWin.a(ADC_DelSig_1.o)
 .text.ADC_DelSig_1_Init
                0x00001e04       0xc4 .\CortexM3\ARM_GCC_493\Debug\TFT_with_emWin.a(ADC_DelSig_1.o)
                0x00001e04                ADC_DelSig_1_Init
 .text.ADC_DelSig_1_Enable
                0x00001ec8       0xd8 .\CortexM3\ARM_GCC_493\Debug\TFT_with_emWin.a(ADC_DelSig_1.o)
                0x00001ec8                ADC_DelSig_1_Enable
 .text.ADC_DelSig_1_Start
                0x00001fa0       0x28 .\CortexM3\ARM_GCC_493\Debug\TFT_with_emWin.a(ADC_DelSig_1.o)
                0x00001fa0                ADC_DelSig_1_Start
 .text.ADC_DelSig_1_StartConvert
                0x00001fc8       0x10 .\CortexM3\ARM_GCC_493\Debug\TFT_with_emWin.a(ADC_DelSig_1.o)
                0x00001fc8                ADC_DelSig_1_StartConvert
 .text.ADC_DelSig_1_IsEndConversion
                0x00001fd8       0x30 .\CortexM3\ARM_GCC_493\Debug\TFT_with_emWin.a(ADC_DelSig_1.o)
                0x00001fd8                ADC_DelSig_1_IsEndConversion
 .text.ADC_DelSig_1_GetResult16
                0x00002008       0x50 .\CortexM3\ARM_GCC_493\Debug\TFT_with_emWin.a(ADC_DelSig_1.o)
                0x00002008                ADC_DelSig_1_GetResult16
 .text.ADC_DelSig_1_ISR1
                0x00002058        0x4 .\CortexM3\ARM_GCC_493\Debug\TFT_with_emWin.a(ADC_DelSig_1_INT.o)
                0x00002058                ADC_DelSig_1_ISR1
 .text.UART_1_Init
                0x0000205c       0x28 .\CortexM3\ARM_GCC_493\Debug\TFT_with_emWin.a(UART_1.o)
                0x0000205c                UART_1_Init
 .text.UART_1_Enable
                0x00002084       0x38 .\CortexM3\ARM_GCC_493\Debug\TFT_with_emWin.a(UART_1.o)
                0x00002084                UART_1_Enable
 .text.UART_1_Start
                0x000020bc       0x1c .\CortexM3\ARM_GCC_493\Debug\TFT_with_emWin.a(UART_1.o)
                0x000020bc                UART_1_Start
 .text.UART_1_GetChar
                0x000020d8       0x2c .\CortexM3\ARM_GCC_493\Debug\TFT_with_emWin.a(UART_1.o)
                0x000020d8                UART_1_GetChar
 .text.UART_1_GetRxBufferSize
                0x00002104       0x18 .\CortexM3\ARM_GCC_493\Debug\TFT_with_emWin.a(UART_1.o)
                0x00002104                UART_1_GetRxBufferSize
 .text.UART_1_PutChar
                0x0000211c       0x18 .\CortexM3\ARM_GCC_493\Debug\TFT_with_emWin.a(UART_1.o)
                0x0000211c                UART_1_PutChar
 .text.WaveDAC8_1_DacClk_Start
                0x00002134       0x1c .\CortexM3\ARM_GCC_493\Debug\TFT_with_emWin.a(WaveDAC8_1_DacClk.o)
                0x00002134                WaveDAC8_1_DacClk_Start
 .text.WaveDAC8_1_DacClk_Stop
                0x00002150       0x1c .\CortexM3\ARM_GCC_493\Debug\TFT_with_emWin.a(WaveDAC8_1_DacClk.o)
                0x00002150                WaveDAC8_1_DacClk_Stop
 .text.WaveDAC8_1_Wave1_DMA_DmaInitialize
                0x0000216c       0x3c .\CortexM3\ARM_GCC_493\Debug\TFT_with_emWin.a(WaveDAC8_1_Wave1_DMA_dma.o)
                0x0000216c                WaveDAC8_1_Wave1_DMA_DmaInitialize
 .text.WaveDAC8_1_Wave2_DMA_DmaInitialize
                0x000021a8       0x3c .\CortexM3\ARM_GCC_493\Debug\TFT_with_emWin.a(WaveDAC8_1_Wave2_DMA_dma.o)
                0x000021a8                WaveDAC8_1_Wave2_DMA_DmaInitialize
 .text.WaveDAC8_1_VDAC8_Enable
                0x000021e4       0x1c .\CortexM3\ARM_GCC_493\Debug\TFT_with_emWin.a(WaveDAC8_1_VDAC8.o)
                0x000021e4                WaveDAC8_1_VDAC8_Enable
 .text.WaveDAC8_1_VDAC8_Stop
                0x00002200       0x1c .\CortexM3\ARM_GCC_493\Debug\TFT_with_emWin.a(WaveDAC8_1_VDAC8.o)
                0x00002200                WaveDAC8_1_VDAC8_Stop
 .text.WaveDAC8_1_VDAC8_SetSpeed
                0x0000221c       0x1c .\CortexM3\ARM_GCC_493\Debug\TFT_with_emWin.a(WaveDAC8_1_VDAC8.o)
                0x0000221c                WaveDAC8_1_VDAC8_SetSpeed
 .text.WaveDAC8_1_VDAC8_SetValue
                0x00002238        0xc .\CortexM3\ARM_GCC_493\Debug\TFT_with_emWin.a(WaveDAC8_1_VDAC8.o)
                0x00002238                WaveDAC8_1_VDAC8_SetValue
 .text.WaveDAC8_1_VDAC8_DacTrim
                0x00002244       0x24 .\CortexM3\ARM_GCC_493\Debug\TFT_with_emWin.a(WaveDAC8_1_VDAC8.o)
                0x00002244                WaveDAC8_1_VDAC8_DacTrim
 .text.WaveDAC8_1_VDAC8_SetRange
                0x00002268       0x20 .\CortexM3\ARM_GCC_493\Debug\TFT_with_emWin.a(WaveDAC8_1_VDAC8.o)
                0x00002268                WaveDAC8_1_VDAC8_SetRange
 .text.WaveDAC8_1_VDAC8_Init
                0x00002288       0x2c .\CortexM3\ARM_GCC_493\Debug\TFT_with_emWin.a(WaveDAC8_1_VDAC8.o)
                0x00002288                WaveDAC8_1_VDAC8_Init
 .text.ADC_DelSig_1_AMux_Start
                0x000022b4       0x20 .\CortexM3\ARM_GCC_493\Debug\TFT_with_emWin.a(ADC_DelSig_1_AMux.o)
                0x000022b4                ADC_DelSig_1_AMux_Start
 .text.ADC_DelSig_1_AMux_Select
                0x000022d4       0x18 .\CortexM3\ARM_GCC_493\Debug\TFT_with_emWin.a(ADC_DelSig_1_AMux.o)
                0x000022d4                ADC_DelSig_1_AMux_Select
 .text.ADC_DelSig_1_Ext_CP_Clk_GetDividerRegister
                0x000022ec        0xc .\CortexM3\ARM_GCC_493\Debug\TFT_with_emWin.a(ADC_DelSig_1_Ext_CP_Clk.o)
                0x000022ec                ADC_DelSig_1_Ext_CP_Clk_GetDividerRegister
 .text.ADC_DelSig_1_Ext_CP_Clk_SetModeRegister
                0x000022f8       0x14 .\CortexM3\ARM_GCC_493\Debug\TFT_with_emWin.a(ADC_DelSig_1_Ext_CP_Clk.o)
                0x000022f8                ADC_DelSig_1_Ext_CP_Clk_SetModeRegister
 .text.ADC_DelSig_1_Ext_CP_Clk_GetSourceRegister
                0x0000230c       0x10 .\CortexM3\ARM_GCC_493\Debug\TFT_with_emWin.a(ADC_DelSig_1_Ext_CP_Clk.o)
                0x0000230c                ADC_DelSig_1_Ext_CP_Clk_GetSourceRegister
 .text.ADC_DelSig_1_Ext_CP_Clk_SetDividerRegister
                0x0000231c       0xd8 .\CortexM3\ARM_GCC_493\Debug\TFT_with_emWin.a(ADC_DelSig_1_Ext_CP_Clk.o)
                0x0000231c                ADC_DelSig_1_Ext_CP_Clk_SetDividerRegister
 .text.ADC_DelSig_1_theACLK_GetDividerRegister
                0x000023f4        0xc .\CortexM3\ARM_GCC_493\Debug\TFT_with_emWin.a(ADC_DelSig_1_theACLK.o)
                0x000023f4                ADC_DelSig_1_theACLK_GetDividerRegister
 .text.ADC_DelSig_1_theACLK_SetModeRegister
                0x00002400       0x14 .\CortexM3\ARM_GCC_493\Debug\TFT_with_emWin.a(ADC_DelSig_1_theACLK.o)
                0x00002400                ADC_DelSig_1_theACLK_SetModeRegister
 .text.ADC_DelSig_1_theACLK_GetSourceRegister
                0x00002414       0x10 .\CortexM3\ARM_GCC_493\Debug\TFT_with_emWin.a(ADC_DelSig_1_theACLK.o)
                0x00002414                ADC_DelSig_1_theACLK_GetSourceRegister
 .text.ADC_DelSig_1_theACLK_SetDividerRegister
                0x00002424       0xd8 .\CortexM3\ARM_GCC_493\Debug\TFT_with_emWin.a(ADC_DelSig_1_theACLK.o)
                0x00002424                ADC_DelSig_1_theACLK_SetDividerRegister
 .text.UART_1_IntClock_Start
                0x000024fc       0x1c .\CortexM3\ARM_GCC_493\Debug\TFT_with_emWin.a(UART_1_IntClock.o)
                0x000024fc                UART_1_IntClock_Start
 .text.LED_3_Write
                0x00002518       0x18 .\CortexM3\ARM_GCC_493\Debug\TFT_with_emWin.a(LED_3.o)
                0x00002518                LED_3_Write
 .text.LED_3_Read
                0x00002530       0x10 .\CortexM3\ARM_GCC_493\Debug\TFT_with_emWin.a(LED_3.o)
                0x00002530                LED_3_Read
 .text.SwInt_SetVector
                0x00002540        0xc .\CortexM3\ARM_GCC_493\Debug\TFT_with_emWin.a(SwInt.o)
                0x00002540                SwInt_SetVector
 .text.SwInt_SetPriority
                0x0000254c       0x10 .\CortexM3\ARM_GCC_493\Debug\TFT_with_emWin.a(SwInt.o)
                0x0000254c                SwInt_SetPriority
 .text.SwInt_Enable
                0x0000255c        0xc .\CortexM3\ARM_GCC_493\Debug\TFT_with_emWin.a(SwInt.o)
                0x0000255c                SwInt_Enable
 .text.SwInt_Disable
                0x00002568        0xc .\CortexM3\ARM_GCC_493\Debug\TFT_with_emWin.a(SwInt.o)
                0x00002568                SwInt_Disable
 .text.SwInt_StartEx
                0x00002574       0x1c .\CortexM3\ARM_GCC_493\Debug\TFT_with_emWin.a(SwInt.o)
                0x00002574                SwInt_StartEx
 .text.SwInt_ClearPending
                0x00002590        0xc .\CortexM3\ARM_GCC_493\Debug\TFT_with_emWin.a(SwInt.o)
                0x00002590                SwInt_ClearPending
 .text._PushFreeBlock
                0x0000259c       0x24 ..\..\emWinGraphics_v5_46\LinkLibrary\PSoC5\GCC\libemWin_nosnts_cm3_gcc.a(GUI_Alloc.o)
 .text._RemoveFreeBlock
                0x000025c0       0x40 ..\..\emWinGraphics_v5_46\LinkLibrary\PSoC5\GCC\libemWin_nosnts_cm3_gcc.a(GUI_Alloc.o)
 .text._AddFreeMemory
                0x00002600       0xa4 ..\..\emWinGraphics_v5_46\LinkLibrary\PSoC5\GCC\libemWin_nosnts_cm3_gcc.a(GUI_Alloc.o)
 .text._RemoveHoles
                0x000026a4       0x98 ..\..\emWinGraphics_v5_46\LinkLibrary\PSoC5\GCC\libemWin_nosnts_cm3_gcc.a(GUI_Alloc.o)
 .text.GUI_ALLOC_FreeFixedBlock
                0x0000273c       0x14 ..\..\emWinGraphics_v5_46\LinkLibrary\PSoC5\GCC\libemWin_nosnts_cm3_gcc.a(GUI_Alloc.o)
                0x0000273c                GUI_ALLOC_FreeFixedBlock
 .text.GUI_ALLOC_h2p
                0x00002750       0x14 ..\..\emWinGraphics_v5_46\LinkLibrary\PSoC5\GCC\libemWin_nosnts_cm3_gcc.a(GUI_Alloc.o)
                0x00002750                GUI_ALLOC_h2p
 .text.GUI_ALLOC_LockH
                0x00002764       0x1c ..\..\emWinGraphics_v5_46\LinkLibrary\PSoC5\GCC\libemWin_nosnts_cm3_gcc.a(GUI_Alloc.o)
                0x00002764                GUI_ALLOC_LockH
 .text.GUI_ALLOC_UnlockH
                0x00002780       0x30 ..\..\emWinGraphics_v5_46\LinkLibrary\PSoC5\GCC\libemWin_nosnts_cm3_gcc.a(GUI_Alloc.o)
                0x00002780                GUI_ALLOC_UnlockH
 .text.GUI_ALLOC_AssignMemory
                0x000027b0       0x10 ..\..\emWinGraphics_v5_46\LinkLibrary\PSoC5\GCC\libemWin_nosnts_cm3_gcc.a(GUI_Alloc.o)
                0x000027b0                GUI_ALLOC_AssignMemory
 .text.GUI_ALLOC_GetSize
                0x000027c0       0x18 ..\..\emWinGraphics_v5_46\LinkLibrary\PSoC5\GCC\libemWin_nosnts_cm3_gcc.a(GUI_Alloc.o)
                0x000027c0                GUI_ALLOC_GetSize
 .text.GUI_ALLOC_Free
                0x000027d8       0x28 ..\..\emWinGraphics_v5_46\LinkLibrary\PSoC5\GCC\libemWin_nosnts_cm3_gcc.a(GUI_Alloc.o)
                0x000027d8                GUI_ALLOC_Free
 .text._EnlargeBlocks
                0x00002800       0x9c ..\..\emWinGraphics_v5_46\LinkLibrary\PSoC5\GCC\libemWin_nosnts_cm3_gcc.a(GUI_Alloc.o)
 .text._InitOnce
                0x0000289c       0x6c ..\..\emWinGraphics_v5_46\LinkLibrary\PSoC5\GCC\libemWin_nosnts_cm3_gcc.a(GUI_Alloc.o)
 .text.GUI_ALLOC_GetFixedBlock
                0x00002908       0xa4 ..\..\emWinGraphics_v5_46\LinkLibrary\PSoC5\GCC\libemWin_nosnts_cm3_gcc.a(GUI_Alloc.o)
                0x00002908                GUI_ALLOC_GetFixedBlock
 .text.GUI_ALLOC_GetMaxSize
                0x000029ac       0x3c ..\..\emWinGraphics_v5_46\LinkLibrary\PSoC5\GCC\libemWin_nosnts_cm3_gcc.a(GUI_Alloc.o)
                0x000029ac                GUI_ALLOC_GetMaxSize
 .text._Alloc   0x000029e8       0xf0 ..\..\emWinGraphics_v5_46\LinkLibrary\PSoC5\GCC\libemWin_nosnts_cm3_gcc.a(GUI_Alloc.o)
 .text.GUI_ALLOC_AllocNoInit
                0x00002ad8        0x8 ..\..\emWinGraphics_v5_46\LinkLibrary\PSoC5\GCC\libemWin_nosnts_cm3_gcc.a(GUI_Alloc.o)
                0x00002ad8                GUI_ALLOC_AllocNoInit
 .text.GUI_ALLOC_FreePtr
                0x00002ae0       0x10 ..\..\emWinGraphics_v5_46\LinkLibrary\PSoC5\GCC\libemWin_nosnts_cm3_gcc.a(GUI_Alloc.o)
                0x00002ae0                GUI_ALLOC_FreePtr
 .text.GUI_ALLOC_AllocInit
                0x00002af0       0x44 ..\..\emWinGraphics_v5_46\LinkLibrary\PSoC5\GCC\libemWin_nosnts_cm3_gcc.a(GUI_Alloc.o)
                0x00002af0                GUI_ALLOC_AllocInit
 .text.GUI_ALLOC_AllocZero
                0x00002b34       0x30 ..\..\emWinGraphics_v5_46\LinkLibrary\PSoC5\GCC\libemWin_nosnts_cm3_gcc.a(GUI_Alloc.o)
                0x00002b34                GUI_ALLOC_AllocZero
 .text.GUI_ALLOC_Realloc
                0x00002b64       0x5c ..\..\emWinGraphics_v5_46\LinkLibrary\PSoC5\GCC\libemWin_nosnts_cm3_gcc.a(GUI_Alloc.o)
                0x00002b64                GUI_ALLOC_Realloc
 .text.GUIMONO_DispChar
                0x00002bc0      0x13c ..\..\emWinGraphics_v5_46\LinkLibrary\PSoC5\GCC\libemWin_nosnts_cm3_gcc.a(GUI_CharM.o)
                0x00002bc0                GUIMONO_DispChar
 .text.GUIMONO_GetCharDistX
                0x00002cfc       0x18 ..\..\emWinGraphics_v5_46\LinkLibrary\PSoC5\GCC\libemWin_nosnts_cm3_gcc.a(GUI_CharM.o)
                0x00002cfc                GUIMONO_GetCharDistX
 .text.GUIMONO_GetFontInfo
                0x00002d14        0x6 ..\..\emWinGraphics_v5_46\LinkLibrary\PSoC5\GCC\libemWin_nosnts_cm3_gcc.a(GUI_CharM.o)
                0x00002d14                GUIMONO_GetFontInfo
 .text.GUIMONO_IsInFont
                0x00002d1a       0x36 ..\..\emWinGraphics_v5_46\LinkLibrary\PSoC5\GCC\libemWin_nosnts_cm3_gcc.a(GUI_CharM.o)
                0x00002d1a                GUIMONO_IsInFont
 .text.GUIPROP__FindChar
                0x00002d50       0x14 ..\..\emWinGraphics_v5_46\LinkLibrary\PSoC5\GCC\libemWin_nosnts_cm3_gcc.a(GUI_CharP.o)
                0x00002d50                GUIPROP__FindChar
 .text.GUIPROP_DispChar
                0x00002d64       0xec ..\..\emWinGraphics_v5_46\LinkLibrary\PSoC5\GCC\libemWin_nosnts_cm3_gcc.a(GUI_CharP.o)
                0x00002d64                GUIPROP_DispChar
 .text.GUIPROP_GetCharDistX
                0x00002e50       0x38 ..\..\emWinGraphics_v5_46\LinkLibrary\PSoC5\GCC\libemWin_nosnts_cm3_gcc.a(GUI_CharP.o)
                0x00002e50                GUIPROP_GetCharDistX
 .text.GUIPROP_GetFontInfo
                0x00002e88        0x6 ..\..\emWinGraphics_v5_46\LinkLibrary\PSoC5\GCC\libemWin_nosnts_cm3_gcc.a(GUI_CharP.o)
                0x00002e88                GUIPROP_GetFontInfo
 .text.GUIPROP_IsInFont
                0x00002e8e       0x10 ..\..\emWinGraphics_v5_46\LinkLibrary\PSoC5\GCC\libemWin_nosnts_cm3_gcc.a(GUI_CharP.o)
                0x00002e8e                GUIPROP_IsInFont
 .text.GUI_CalcColorDist
                0x00002e9e       0x4e ..\..\emWinGraphics_v5_46\LinkLibrary\PSoC5\GCC\libemWin_nosnts_cm3_gcc.a(GUI_Common.o)
                0x00002e9e                GUI_CalcColorDist
 .text.GUI_GetClientRect
                0x00002eec        0x8 ..\..\emWinGraphics_v5_46\LinkLibrary\PSoC5\GCC\libemWin_nosnts_cm3_gcc.a(GUI_Common.o)
                0x00002eec                GUI_GetClientRect
 .text.GUI_GetBkColor
                0x00002ef4        0xe ..\..\emWinGraphics_v5_46\LinkLibrary\PSoC5\GCC\libemWin_nosnts_cm3_gcc.a(GUI_Common.o)
                0x00002ef4                GUI_GetBkColor
 .text.GUI_GetColor
                0x00002f02        0xe ..\..\emWinGraphics_v5_46\LinkLibrary\PSoC5\GCC\libemWin_nosnts_cm3_gcc.a(GUI_Common.o)
                0x00002f02                GUI_GetColor
 .text.GUI_GetYSizeOfFont
                0x00002f10        0x8 ..\..\emWinGraphics_v5_46\LinkLibrary\PSoC5\GCC\libemWin_nosnts_cm3_gcc.a(GUI_Common.o)
                0x00002f10                GUI_GetYSizeOfFont
 .text.GUI_MergeRect
                0x00002f18       0x56 ..\..\emWinGraphics_v5_46\LinkLibrary\PSoC5\GCC\libemWin_nosnts_cm3_gcc.a(GUI_Common.o)
                0x00002f18                GUI_MergeRect
 .text.GUI_MoveRect
                0x00002f6e       0x20 ..\..\emWinGraphics_v5_46\LinkLibrary\PSoC5\GCC\libemWin_nosnts_cm3_gcc.a(GUI_Common.o)
                0x00002f6e                GUI_MoveRect
 *fill*         0x00002f8e        0x2 
 .text.GUI_GotoXY
                0x00002f90       0x10 ..\..\emWinGraphics_v5_46\LinkLibrary\PSoC5\GCC\libemWin_nosnts_cm3_gcc.a(GUI_Common.o)
                0x00002f90                GUI_GotoXY
 .text.GUI_RectsIntersect
                0x00002fa0       0x3a ..\..\emWinGraphics_v5_46\LinkLibrary\PSoC5\GCC\libemWin_nosnts_cm3_gcc.a(GUI_Common.o)
                0x00002fa0                GUI_RectsIntersect
 *fill*         0x00002fda        0x2 
 .text.GUI_SaveContext_W
                0x00002fdc       0x14 ..\..\emWinGraphics_v5_46\LinkLibrary\PSoC5\GCC\libemWin_nosnts_cm3_gcc.a(GUI_Common.o)
                0x00002fdc                GUI_SaveContext_W
 .text.GUI_RestoreContext
                0x00002ff0       0x14 ..\..\emWinGraphics_v5_46\LinkLibrary\PSoC5\GCC\libemWin_nosnts_cm3_gcc.a(GUI_Common.o)
                0x00002ff0                GUI_RestoreContext
 .text.GUI_GetScreenSizeX
                0x00003004       0x18 ..\..\emWinGraphics_v5_46\LinkLibrary\PSoC5\GCC\libemWin_nosnts_cm3_gcc.a(GUI_Common.o)
                0x00003004                GUI_GetScreenSizeX
 .text.GUI_SelectLCD
                0x0000301c       0x12 ..\..\emWinGraphics_v5_46\LinkLibrary\PSoC5\GCC\libemWin_nosnts_cm3_gcc.a(GUI_Common.o)
                0x0000301c                GUI_SelectLCD
 .text.GUI_SetBkColor
                0x0000302e        0x4 ..\..\emWinGraphics_v5_46\LinkLibrary\PSoC5\GCC\libemWin_nosnts_cm3_gcc.a(GUI_Common.o)
                0x0000302e                GUI_SetBkColor
 .text.GUI_SetColor
                0x00003032        0x4 ..\..\emWinGraphics_v5_46\LinkLibrary\PSoC5\GCC\libemWin_nosnts_cm3_gcc.a(GUI_Common.o)
                0x00003032                GUI_SetColor
 .text.GUI_SetDrawMode
                0x00003036        0x4 ..\..\emWinGraphics_v5_46\LinkLibrary\PSoC5\GCC\libemWin_nosnts_cm3_gcc.a(GUI_Common.o)
                0x00003036                GUI_SetDrawMode
 *fill*         0x0000303a        0x2 
 .text.GUI_SetFont
                0x0000303c       0x14 ..\..\emWinGraphics_v5_46\LinkLibrary\PSoC5\GCC\libemWin_nosnts_cm3_gcc.a(GUI_Common.o)
                0x0000303c                GUI_SetFont
 .text.GUI_SetOrg
                0x00003050       0x38 ..\..\emWinGraphics_v5_46\LinkLibrary\PSoC5\GCC\libemWin_nosnts_cm3_gcc.a(GUI_Common.o)
                0x00003050                GUI_SetOrg
 .text.GUI_SetTextAlign
                0x00003088       0x14 ..\..\emWinGraphics_v5_46\LinkLibrary\PSoC5\GCC\libemWin_nosnts_cm3_gcc.a(GUI_Common.o)
                0x00003088                GUI_SetTextAlign
 .text.GUI_SetTextMode
                0x0000309c       0x14 ..\..\emWinGraphics_v5_46\LinkLibrary\PSoC5\GCC\libemWin_nosnts_cm3_gcc.a(GUI_Common.o)
                0x0000309c                GUI_SetTextMode
 .text._OnExit  0x000030b0       0x48 ..\..\emWinGraphics_v5_46\LinkLibrary\PSoC5\GCC\libemWin_nosnts_cm3_gcc.a(GUI_Core.o)
 .text.GUI_SetDefaultFont
                0x000030f8        0xc ..\..\emWinGraphics_v5_46\LinkLibrary\PSoC5\GCC\libemWin_nosnts_cm3_gcc.a(GUI_Core.o)
                0x000030f8                GUI_SetDefaultFont
 .text.GUI_ClearRect
                0x00003104       0x60 ..\..\emWinGraphics_v5_46\LinkLibrary\PSoC5\GCC\libemWin_nosnts_cm3_gcc.a(GUI_Core.o)
                0x00003104                GUI_ClearRect
 .text.GUI_ClearRectEx
                0x00003164       0x14 ..\..\emWinGraphics_v5_46\LinkLibrary\PSoC5\GCC\libemWin_nosnts_cm3_gcc.a(GUI_Core.o)
                0x00003164                GUI_ClearRectEx
 .text.GUI_Clear
                0x00003178       0x20 ..\..\emWinGraphics_v5_46\LinkLibrary\PSoC5\GCC\libemWin_nosnts_cm3_gcc.a(GUI_Core.o)
                0x00003178                GUI_Clear
 .text.GUI__RegisterExit
                0x00003198       0x10 ..\..\emWinGraphics_v5_46\LinkLibrary\PSoC5\GCC\libemWin_nosnts_cm3_gcc.a(GUI_Core.o)
                0x00003198                GUI__RegisterExit
 .text.GUI__Config
                0x000031a8       0x30 ..\..\emWinGraphics_v5_46\LinkLibrary\PSoC5\GCC\libemWin_nosnts_cm3_gcc.a(GUI_Core.o)
                0x000031a8                GUI__Config
 .text.GUI_Init
                0x000031d8       0xec ..\..\emWinGraphics_v5_46\LinkLibrary\PSoC5\GCC\libemWin_nosnts_cm3_gcc.a(GUI_Core.o)
                0x000031d8                GUI_Init
 .text.GUI_DEVICE__GetpDriver
                0x000032c4       0x20 ..\..\emWinGraphics_v5_46\LinkLibrary\PSoC5\GCC\libemWin_nosnts_cm3_gcc.a(GUI_Device.o)
                0x000032c4                GUI_DEVICE__GetpDriver
 .text.GUI_DEVICE_Delete
                0x000032e4        0x4 ..\..\emWinGraphics_v5_46\LinkLibrary\PSoC5\GCC\libemWin_nosnts_cm3_gcc.a(GUI_Device.o)
                0x000032e4                GUI_DEVICE_Delete
 .text.GUI_DEVICE_Create
                0x000032e8       0x48 ..\..\emWinGraphics_v5_46\LinkLibrary\PSoC5\GCC\libemWin_nosnts_cm3_gcc.a(GUI_Device.o)
                0x000032e8                GUI_DEVICE_Create
 .text.GUI_DEVICE_Unlink
                0x00003330       0x30 ..\..\emWinGraphics_v5_46\LinkLibrary\PSoC5\GCC\libemWin_nosnts_cm3_gcc.a(GUI_Device.o)
                0x00003330                GUI_DEVICE_Unlink
 .text.GUI_DEVICE_Link
                0x00003360       0x84 ..\..\emWinGraphics_v5_46\LinkLibrary\PSoC5\GCC\libemWin_nosnts_cm3_gcc.a(GUI_Device.o)
                0x00003360                GUI_DEVICE_Link
 .text.GUI_DEVICE_CreateAndLink
                0x000033e4       0x28 ..\..\emWinGraphics_v5_46\LinkLibrary\PSoC5\GCC\libemWin_nosnts_cm3_gcc.a(GUI_Device.o)
                0x000033e4                GUI_DEVICE_CreateAndLink
 .text.GUI_DispString
                0x0000340c      0x118 ..\..\emWinGraphics_v5_46\LinkLibrary\PSoC5\GCC\libemWin_nosnts_cm3_gcc.a(GUI_DispString.o)
                0x0000340c                GUI_DispString
 .text.GUI_DispStringAt
                0x00003524       0x10 ..\..\emWinGraphics_v5_46\LinkLibrary\PSoC5\GCC\libemWin_nosnts_cm3_gcc.a(GUI_DispString.o)
                0x00003524                GUI_DispStringAt
 .text.GUI_DispStringHCenterAt
                0x00003534       0x34 ..\..\emWinGraphics_v5_46\LinkLibrary\PSoC5\GCC\libemWin_nosnts_cm3_gcc.a(GUI_DispString.o)
                0x00003534                GUI_DispStringHCenterAt
 .text.GUI__DispStringInRect
                0x00003568      0x1e8 ..\..\emWinGraphics_v5_46\LinkLibrary\PSoC5\GCC\libemWin_nosnts_cm3_gcc.a(GUI_DispString.o)
                0x00003568                GUI__DispStringInRect
 .text.GUI_DispStringInRectMax
                0x00003750       0x46 ..\..\emWinGraphics_v5_46\LinkLibrary\PSoC5\GCC\libemWin_nosnts_cm3_gcc.a(GUI_DispString.o)
                0x00003750                GUI_DispStringInRectMax
 *fill*         0x00003796        0x2 
 .text.GUI_DispStringInRectEx
                0x00003798       0xa0 ..\..\emWinGraphics_v5_46\LinkLibrary\PSoC5\GCC\libemWin_nosnts_cm3_gcc.a(GUI_DispStringInRectEx.o)
                0x00003798                GUI_DispStringInRectEx
 .text.GL_DrawBitmap
                0x00003838       0xa8 ..\..\emWinGraphics_v5_46\LinkLibrary\PSoC5\GCC\libemWin_nosnts_cm3_gcc.a(GUI_DrawBitmap.o)
                0x00003838                GL_DrawBitmap
 .text.GUI_DrawBitmap
                0x000038e0       0x4c ..\..\emWinGraphics_v5_46\LinkLibrary\PSoC5\GCC\libemWin_nosnts_cm3_gcc.a(GUI_DrawBitmap.o)
                0x000038e0                GUI_DrawBitmap
 .text._DrawBitmap444_12
                0x0000392c       0x28 ..\..\emWinGraphics_v5_46\LinkLibrary\PSoC5\GCC\libemWin_nosnts_cm3_gcc.a(GUI_DrawBitmap_444.o)
 .text._DrawBitmapM444_12
                0x00003954       0x28 ..\..\emWinGraphics_v5_46\LinkLibrary\PSoC5\GCC\libemWin_nosnts_cm3_gcc.a(GUI_DrawBitmap_444.o)
 .text._DrawBitmap444_12_1
                0x0000397c       0x28 ..\..\emWinGraphics_v5_46\LinkLibrary\PSoC5\GCC\libemWin_nosnts_cm3_gcc.a(GUI_DrawBitmap_444.o)
 .text._DrawBitmapM444_12_1
                0x000039a4       0x28 ..\..\emWinGraphics_v5_46\LinkLibrary\PSoC5\GCC\libemWin_nosnts_cm3_gcc.a(GUI_DrawBitmap_444.o)
 .text._DrawBitmap444_16
                0x000039cc       0x28 ..\..\emWinGraphics_v5_46\LinkLibrary\PSoC5\GCC\libemWin_nosnts_cm3_gcc.a(GUI_DrawBitmap_444.o)
 .text._DrawBitmapM444_16
                0x000039f4       0x28 ..\..\emWinGraphics_v5_46\LinkLibrary\PSoC5\GCC\libemWin_nosnts_cm3_gcc.a(GUI_DrawBitmap_444.o)
 .text.GUI_FillRect
                0x00003a1c       0x44 ..\..\emWinGraphics_v5_46\LinkLibrary\PSoC5\GCC\libemWin_nosnts_cm3_gcc.a(GUI_DrawLib.o)
                0x00003a1c                GUI_FillRect
 .text.GUI_StoreKey
                0x00003a60       0x10 ..\..\emWinGraphics_v5_46\LinkLibrary\PSoC5\GCC\libemWin_nosnts_cm3_gcc.a(GUI_OnKey.o)
                0x00003a60                GUI_StoreKey
 .text.GUI_UC__GetCharCodeInc
                0x00003a70       0x28 ..\..\emWinGraphics_v5_46\LinkLibrary\PSoC5\GCC\libemWin_nosnts_cm3_gcc.a(GUI_UC.o)
                0x00003a70                GUI_UC__GetCharCodeInc
 .text.GUI_UC__NumChars2NumBytes
                0x00003a98       0x24 ..\..\emWinGraphics_v5_46\LinkLibrary\PSoC5\GCC\libemWin_nosnts_cm3_gcc.a(GUI_UC.o)
                0x00003a98                GUI_UC__NumChars2NumBytes
 .text._GetCharCode
                0x00003abc        0x4 ..\..\emWinGraphics_v5_46\LinkLibrary\PSoC5\GCC\libemWin_nosnts_cm3_gcc.a(GUI_UC_EncodeNone.o)
 .text._GetCharSize
                0x00003ac0        0x4 ..\..\emWinGraphics_v5_46\LinkLibrary\PSoC5\GCC\libemWin_nosnts_cm3_gcc.a(GUI_UC_EncodeNone.o)
 .text._CalcSizeOfChar
                0x00003ac4        0x4 ..\..\emWinGraphics_v5_46\LinkLibrary\PSoC5\GCC\libemWin_nosnts_cm3_gcc.a(GUI_UC_EncodeNone.o)
 .text._Encode  0x00003ac8        0x6 ..\..\emWinGraphics_v5_46\LinkLibrary\PSoC5\GCC\libemWin_nosnts_cm3_gcc.a(GUI_UC_EncodeNone.o)
 *fill*         0x00003ace        0x2 
 .text.GUI_SignalEvent
                0x00003ad0       0x10 ..\..\emWinGraphics_v5_46\LinkLibrary\PSoC5\GCC\libemWin_nosnts_cm3_gcc.a(GUI_WaitEvent.o)
                0x00003ad0                GUI_SignalEvent
 .text.LCD_Index2Color_444_12_1
                0x00003ae0       0x24 ..\..\emWinGraphics_v5_46\LinkLibrary\PSoC5\GCC\libemWin_nosnts_cm3_gcc.a(GUICC_444_12_1_Index2Color.o)
                0x00003ae0                LCD_Index2Color_444_12_1
 .text.LCD_Index2Color_444_12
                0x00003b04       0x24 ..\..\emWinGraphics_v5_46\LinkLibrary\PSoC5\GCC\libemWin_nosnts_cm3_gcc.a(GUICC_444_12_Index2Color.o)
                0x00003b04                LCD_Index2Color_444_12
 .text.LCD_Index2Color_444_16
                0x00003b28       0x24 ..\..\emWinGraphics_v5_46\LinkLibrary\PSoC5\GCC\libemWin_nosnts_cm3_gcc.a(GUICC_444_16_Index2Color.o)
                0x00003b28                LCD_Index2Color_444_16
 .text.LCD_Index2Color_M444_12_1
                0x00003b4c       0x24 ..\..\emWinGraphics_v5_46\LinkLibrary\PSoC5\GCC\libemWin_nosnts_cm3_gcc.a(GUICC_M444_12_1_Index2Color.o)
                0x00003b4c                LCD_Index2Color_M444_12_1
 .text.LCD_Index2Color_M444_12
                0x00003b70       0x24 ..\..\emWinGraphics_v5_46\LinkLibrary\PSoC5\GCC\libemWin_nosnts_cm3_gcc.a(GUICC_M444_12_Index2Color.o)
                0x00003b70                LCD_Index2Color_M444_12
 .text.LCD_Index2Color_M444_16
                0x00003b94       0x24 ..\..\emWinGraphics_v5_46\LinkLibrary\PSoC5\GCC\libemWin_nosnts_cm3_gcc.a(GUICC_M444_16_Index2Color.o)
                0x00003b94                LCD_Index2Color_M444_16
 .text.LCD_Index2Color_M565
                0x00003bb8       0x28 ..\..\emWinGraphics_v5_46\LinkLibrary\PSoC5\GCC\libemWin_nosnts_cm3_gcc.a(GUICC_M565.o)
                0x00003bb8                LCD_Index2Color_M565
 .text._Color2Index_M565
                0x00003be0       0x28 ..\..\emWinGraphics_v5_46\LinkLibrary\PSoC5\GCC\libemWin_nosnts_cm3_gcc.a(GUICC_M565.o)
 .text._GetIndexMask_M565
                0x00003c08        0x6 ..\..\emWinGraphics_v5_46\LinkLibrary\PSoC5\GCC\libemWin_nosnts_cm3_gcc.a(GUICC_M565.o)
 *fill*         0x00003c0e        0x2 
 .text._Color2IndexBulk
                0x00003c10       0x5c ..\..\emWinGraphics_v5_46\LinkLibrary\PSoC5\GCC\libemWin_nosnts_cm3_gcc.a(GUICC_M565.o)
 .text._Index2ColorBulk
                0x00003c6c       0x64 ..\..\emWinGraphics_v5_46\LinkLibrary\PSoC5\GCC\libemWin_nosnts_cm3_gcc.a(GUICC_M565.o)
 .text._Log2PhysY_X1Y0S0
                0x00003cd0        0x4 ..\..\emWinGraphics_v5_46\LinkLibrary\PSoC5\GCC\libemWin_nosnts_cm3_gcc.a(GUIDRV_FlexColor.o)
 .text._Log2PhysY_X1Y1S0
                0x00003cd4        0x8 ..\..\emWinGraphics_v5_46\LinkLibrary\PSoC5\GCC\libemWin_nosnts_cm3_gcc.a(GUIDRV_FlexColor.o)
 .text._Log2PhysY_X1Y0S1
                0x00003cdc        0x4 ..\..\emWinGraphics_v5_46\LinkLibrary\PSoC5\GCC\libemWin_nosnts_cm3_gcc.a(GUIDRV_FlexColor.o)
 .text._Log2PhysY_X1Y1S1
                0x00003ce0        0x8 ..\..\emWinGraphics_v5_46\LinkLibrary\PSoC5\GCC\libemWin_nosnts_cm3_gcc.a(GUIDRV_FlexColor.o)
 .text._SetPixelIndex
                0x00003ce8        0xe ..\..\emWinGraphics_v5_46\LinkLibrary\PSoC5\GCC\libemWin_nosnts_cm3_gcc.a(GUIDRV_FlexColor.o)
 .text._GetPixelIndex
                0x00003cf6        0x8 ..\..\emWinGraphics_v5_46\LinkLibrary\PSoC5\GCC\libemWin_nosnts_cm3_gcc.a(GUIDRV_FlexColor.o)
 .text._XorPixel
                0x00003cfe       0x24 ..\..\emWinGraphics_v5_46\LinkLibrary\PSoC5\GCC\libemWin_nosnts_cm3_gcc.a(GUIDRV_FlexColor.o)
 .text._DrawHLine
                0x00003d22       0x10 ..\..\emWinGraphics_v5_46\LinkLibrary\PSoC5\GCC\libemWin_nosnts_cm3_gcc.a(GUIDRV_FlexColor.o)
 .text._DrawVLine
                0x00003d32       0x12 ..\..\emWinGraphics_v5_46\LinkLibrary\PSoC5\GCC\libemWin_nosnts_cm3_gcc.a(GUIDRV_FlexColor.o)
 .text._FillRect
                0x00003d44        0xe ..\..\emWinGraphics_v5_46\LinkLibrary\PSoC5\GCC\libemWin_nosnts_cm3_gcc.a(GUIDRV_FlexColor.o)
 .text._DrawBitmap
                0x00003d52        0xe ..\..\emWinGraphics_v5_46\LinkLibrary\PSoC5\GCC\libemWin_nosnts_cm3_gcc.a(GUIDRV_FlexColor.o)
 .text._GetDevFunc_SetRect
                0x00003d60        0x2 ..\..\emWinGraphics_v5_46\LinkLibrary\PSoC5\GCC\libemWin_nosnts_cm3_gcc.a(GUIDRV_FlexColor.o)
 *fill*         0x00003d62        0x2 
 .text._GetDevFunc_SetRectOutside
                0x00003d64       0x40 ..\..\emWinGraphics_v5_46\LinkLibrary\PSoC5\GCC\libemWin_nosnts_cm3_gcc.a(GUIDRV_FlexColor.o)
 .text._ReadPixelCust_16bpp
                0x00003da4        0xa ..\..\emWinGraphics_v5_46\LinkLibrary\PSoC5\GCC\libemWin_nosnts_cm3_gcc.a(GUIDRV_FlexColor.o)
 .text._ReadPixelCust_18bpp
                0x00003dae        0xa ..\..\emWinGraphics_v5_46\LinkLibrary\PSoC5\GCC\libemWin_nosnts_cm3_gcc.a(GUIDRV_FlexColor.o)
 .text._ReadRectCust_16bpp
                0x00003db8       0x3a ..\..\emWinGraphics_v5_46\LinkLibrary\PSoC5\GCC\libemWin_nosnts_cm3_gcc.a(GUIDRV_FlexColor.o)
 .text._ReadRectCust_18bpp
                0x00003df2       0x3a ..\..\emWinGraphics_v5_46\LinkLibrary\PSoC5\GCC\libemWin_nosnts_cm3_gcc.a(GUIDRV_FlexColor.o)
 .text._GetDevFunc
                0x00003e2c       0x7c ..\..\emWinGraphics_v5_46\LinkLibrary\PSoC5\GCC\libemWin_nosnts_cm3_gcc.a(GUIDRV_FlexColor.o)
 .text._GetDevProp
                0x00003ea8       0x5a ..\..\emWinGraphics_v5_46\LinkLibrary\PSoC5\GCC\libemWin_nosnts_cm3_gcc.a(GUIDRV_FlexColor.o)
 .text._GetDevData
                0x00003f02        0xc ..\..\emWinGraphics_v5_46\LinkLibrary\PSoC5\GCC\libemWin_nosnts_cm3_gcc.a(GUIDRV_FlexColor.o)
 .text._GetRect
                0x00003f0e       0x16 ..\..\emWinGraphics_v5_46\LinkLibrary\PSoC5\GCC\libemWin_nosnts_cm3_gcc.a(GUIDRV_FlexColor.o)
 .text.GUIDRV_FlexColor__SetLog2Phys
                0x00003f24       0x48 ..\..\emWinGraphics_v5_46\LinkLibrary\PSoC5\GCC\libemWin_nosnts_cm3_gcc.a(GUIDRV_FlexColor.o)
                0x00003f24                GUIDRV_FlexColor__SetLog2Phys
 .text._SetOrg  0x00003f6c       0x16 ..\..\emWinGraphics_v5_46\LinkLibrary\PSoC5\GCC\libemWin_nosnts_cm3_gcc.a(GUIDRV_FlexColor.o)
 .text._Log2PhysY_X0Y0S1
                0x00003f82        0x4 ..\..\emWinGraphics_v5_46\LinkLibrary\PSoC5\GCC\libemWin_nosnts_cm3_gcc.a(GUIDRV_FlexColor.o)
 .text._Log2PhysX_X0Y0S0
                0x00003f86        0x4 ..\..\emWinGraphics_v5_46\LinkLibrary\PSoC5\GCC\libemWin_nosnts_cm3_gcc.a(GUIDRV_FlexColor.o)
 .text._Log2PhysX_X0Y1S0
                0x00003f8a        0x4 ..\..\emWinGraphics_v5_46\LinkLibrary\PSoC5\GCC\libemWin_nosnts_cm3_gcc.a(GUIDRV_FlexColor.o)
 .text._Log2PhysX_X0Y0S1
                0x00003f8e        0x4 ..\..\emWinGraphics_v5_46\LinkLibrary\PSoC5\GCC\libemWin_nosnts_cm3_gcc.a(GUIDRV_FlexColor.o)
 .text._Log2PhysX_X0Y1S1
                0x00003f92        0x4 ..\..\emWinGraphics_v5_46\LinkLibrary\PSoC5\GCC\libemWin_nosnts_cm3_gcc.a(GUIDRV_FlexColor.o)
 .text._Log2PhysY_X0Y0S0
                0x00003f96        0x4 ..\..\emWinGraphics_v5_46\LinkLibrary\PSoC5\GCC\libemWin_nosnts_cm3_gcc.a(GUIDRV_FlexColor.o)
 .text._Log2PhysY_X0Y1S0
                0x00003f9a        0x8 ..\..\emWinGraphics_v5_46\LinkLibrary\PSoC5\GCC\libemWin_nosnts_cm3_gcc.a(GUIDRV_FlexColor.o)
 .text._Log2PhysX_X1Y0S0
                0x00003fa2        0x8 ..\..\emWinGraphics_v5_46\LinkLibrary\PSoC5\GCC\libemWin_nosnts_cm3_gcc.a(GUIDRV_FlexColor.o)
 .text._Log2PhysX_X1Y1S0
                0x00003faa        0x8 ..\..\emWinGraphics_v5_46\LinkLibrary\PSoC5\GCC\libemWin_nosnts_cm3_gcc.a(GUIDRV_FlexColor.o)
 .text._Log2PhysX_X1Y0S1
                0x00003fb2        0x8 ..\..\emWinGraphics_v5_46\LinkLibrary\PSoC5\GCC\libemWin_nosnts_cm3_gcc.a(GUIDRV_FlexColor.o)
 .text._Log2PhysX_X1Y1S1
                0x00003fba        0x8 ..\..\emWinGraphics_v5_46\LinkLibrary\PSoC5\GCC\libemWin_nosnts_cm3_gcc.a(GUIDRV_FlexColor.o)
 .text._Log2PhysY_X0Y1S1
                0x00003fc2        0x8 ..\..\emWinGraphics_v5_46\LinkLibrary\PSoC5\GCC\libemWin_nosnts_cm3_gcc.a(GUIDRV_FlexColor.o)
 .text.GUIDRV_FlexColor__SetPixelIndexNoCache
                0x00003fca       0x88 ..\..\emWinGraphics_v5_46\LinkLibrary\PSoC5\GCC\libemWin_nosnts_cm3_gcc.a(GUIDRV_FlexColor.o)
                0x00003fca                GUIDRV_FlexColor__SetPixelIndexNoCache
 .text.GUIDRV_FlexColor__GetPixelIndexNoCache
                0x00004052       0xb2 ..\..\emWinGraphics_v5_46\LinkLibrary\PSoC5\GCC\libemWin_nosnts_cm3_gcc.a(GUIDRV_FlexColor.o)
                0x00004052                GUIDRV_FlexColor__GetPixelIndexNoCache
 .text.GUIDRV_FlexColor__InitOnce
                0x00004104       0x3c ..\..\emWinGraphics_v5_46\LinkLibrary\PSoC5\GCC\libemWin_nosnts_cm3_gcc.a(GUIDRV_FlexColor.o)
                0x00004104                GUIDRV_FlexColor__InitOnce
 .text._SetDevFunc
                0x00004140       0x9c ..\..\emWinGraphics_v5_46\LinkLibrary\PSoC5\GCC\libemWin_nosnts_cm3_gcc.a(GUIDRV_FlexColor.o)
 .text._GetDevFunc_Init
                0x000041dc       0x5a ..\..\emWinGraphics_v5_46\LinkLibrary\PSoC5\GCC\libemWin_nosnts_cm3_gcc.a(GUIDRV_FlexColor.o)
 .text._GetDevFunc_SetSize
                0x00004236       0x14 ..\..\emWinGraphics_v5_46\LinkLibrary\PSoC5\GCC\libemWin_nosnts_cm3_gcc.a(GUIDRV_FlexColor.o)
 .text._GetDevFunc_SetVSize
                0x0000424a       0x14 ..\..\emWinGraphics_v5_46\LinkLibrary\PSoC5\GCC\libemWin_nosnts_cm3_gcc.a(GUIDRV_FlexColor.o)
 .text._GetDevFunc_Off
                0x0000425e       0x16 ..\..\emWinGraphics_v5_46\LinkLibrary\PSoC5\GCC\libemWin_nosnts_cm3_gcc.a(GUIDRV_FlexColor.o)
 .text._GetDevFunc_On
                0x00004274       0x16 ..\..\emWinGraphics_v5_46\LinkLibrary\PSoC5\GCC\libemWin_nosnts_cm3_gcc.a(GUIDRV_FlexColor.o)
 .text.GUIDRV_FlexColor_Config
                0x0000428a       0x3c ..\..\emWinGraphics_v5_46\LinkLibrary\PSoC5\GCC\libemWin_nosnts_cm3_gcc.a(GUIDRV_FlexColor.o)
                0x0000428a                GUIDRV_FlexColor_Config
 .text.GUIDRV_FlexColor_SetFunc
                0x000042c6       0x32 ..\..\emWinGraphics_v5_46\LinkLibrary\PSoC5\GCC\libemWin_nosnts_cm3_gcc.a(GUIDRV_FlexColor.o)
                0x000042c6                GUIDRV_FlexColor_SetFunc
 .text._WriteU16_A1
                0x000042f8       0x14 ..\..\emWinGraphics_v5_46\LinkLibrary\PSoC5\GCC\libemWin_nosnts_cm3_gcc.a(GUIDRV_FlexColor_16bpp_C0B8.o)
 .text._WriteDataMP
                0x0000430c       0x4e ..\..\emWinGraphics_v5_46\LinkLibrary\PSoC5\GCC\libemWin_nosnts_cm3_gcc.a(GUIDRV_FlexColor_16bpp_C0B8.o)
 .text._ReadData
                0x0000435a        0xa ..\..\emWinGraphics_v5_46\LinkLibrary\PSoC5\GCC\libemWin_nosnts_cm3_gcc.a(GUIDRV_FlexColor_16bpp_C0B8.o)
 .text._WriteData
                0x00004364        0x6 ..\..\emWinGraphics_v5_46\LinkLibrary\PSoC5\GCC\libemWin_nosnts_cm3_gcc.a(GUIDRV_FlexColor_16bpp_C0B8.o)
 *fill*         0x0000436a        0x2 
 .text._FillRect
                0x0000436c      0x104 ..\..\emWinGraphics_v5_46\LinkLibrary\PSoC5\GCC\libemWin_nosnts_cm3_gcc.a(GUIDRV_FlexColor_16bpp_C0B8.o)
 .text._DrawBitmap
                0x00004470      0x528 ..\..\emWinGraphics_v5_46\LinkLibrary\PSoC5\GCC\libemWin_nosnts_cm3_gcc.a(GUIDRV_FlexColor_16bpp_C0B8.o)
 .text.GUIDRV_FlexColor_SetMode16bppC0B8
                0x00004998       0x68 ..\..\emWinGraphics_v5_46\LinkLibrary\PSoC5\GCC\libemWin_nosnts_cm3_gcc.a(GUIDRV_FlexColor_16bpp_C0B8.o)
                0x00004998                GUIDRV_FlexColor_SetMode16bppC0B8
 .text._SetPhysRAMAddr
                0x00004a00       0xa6 ..\..\emWinGraphics_v5_46\LinkLibrary\PSoC5\GCC\libemWin_nosnts_cm3_gcc.a(GUIDRV_FlexColor_Func66709.o)
 .text._SetRect
                0x00004aa6       0xa6 ..\..\emWinGraphics_v5_46\LinkLibrary\PSoC5\GCC\libemWin_nosnts_cm3_gcc.a(GUIDRV_FlexColor_Func66709.o)
 .text._SetOrientation
                0x00004b4c       0x40 ..\..\emWinGraphics_v5_46\LinkLibrary\PSoC5\GCC\libemWin_nosnts_cm3_gcc.a(GUIDRV_FlexColor_Func66709.o)
 .text._ReadPixel_16bpp_B8
                0x00004b8c       0x38 ..\..\emWinGraphics_v5_46\LinkLibrary\PSoC5\GCC\libemWin_nosnts_cm3_gcc.a(GUIDRV_FlexColor_Func66709.o)
 .text._ReadPixel_16bpp_B16_I
                0x00004bc4       0x3c ..\..\emWinGraphics_v5_46\LinkLibrary\PSoC5\GCC\libemWin_nosnts_cm3_gcc.a(GUIDRV_FlexColor_Func66709.o)
 .text._SetReg_B8
                0x00004c00       0x1a ..\..\emWinGraphics_v5_46\LinkLibrary\PSoC5\GCC\libemWin_nosnts_cm3_gcc.a(GUIDRV_FlexColor_Func66709.o)
 .text._SetReg_B16
                0x00004c1a        0x8 ..\..\emWinGraphics_v5_46\LinkLibrary\PSoC5\GCC\libemWin_nosnts_cm3_gcc.a(GUIDRV_FlexColor_Func66709.o)
 .text._WritePara_B8
                0x00004c22        0x8 ..\..\emWinGraphics_v5_46\LinkLibrary\PSoC5\GCC\libemWin_nosnts_cm3_gcc.a(GUIDRV_FlexColor_Func66709.o)
 .text._WritePara_B16
                0x00004c2a        0x8 ..\..\emWinGraphics_v5_46\LinkLibrary\PSoC5\GCC\libemWin_nosnts_cm3_gcc.a(GUIDRV_FlexColor_Func66709.o)
 *fill*         0x00004c32        0x2 
 .text._SetInterface
                0x00004c34       0x34 ..\..\emWinGraphics_v5_46\LinkLibrary\PSoC5\GCC\libemWin_nosnts_cm3_gcc.a(GUIDRV_FlexColor_Func66709.o)
 .text._ReadRect_16bpp_B8
                0x00004c68       0x66 ..\..\emWinGraphics_v5_46\LinkLibrary\PSoC5\GCC\libemWin_nosnts_cm3_gcc.a(GUIDRV_FlexColor_Func66709.o)
 .text._ReadRect_16bpp_B16_I
                0x00004cce       0x6a ..\..\emWinGraphics_v5_46\LinkLibrary\PSoC5\GCC\libemWin_nosnts_cm3_gcc.a(GUIDRV_FlexColor_Func66709.o)
 .text.GUIDRV_FlexColor_SetFunc66709
                0x00004d38       0x6c ..\..\emWinGraphics_v5_46\LinkLibrary\PSoC5\GCC\libemWin_nosnts_cm3_gcc.a(GUIDRV_FlexColor_Func66709.o)
                0x00004d38                GUIDRV_FlexColor_SetFunc66709
 .text._SetDrawMode
                0x00004da4       0x28 ..\..\emWinGraphics_v5_46\LinkLibrary\PSoC5\GCC\libemWin_nosnts_cm3_gcc.a(LCD.o)
 .text.LCD_SetDrawMode
                0x00004dcc        0xc ..\..\emWinGraphics_v5_46\LinkLibrary\PSoC5\GCC\libemWin_nosnts_cm3_gcc.a(LCD.o)
                0x00004dcc                LCD_SetDrawMode
 .text.LCD_DrawPixel
                0x00004dd8       0x60 ..\..\emWinGraphics_v5_46\LinkLibrary\PSoC5\GCC\libemWin_nosnts_cm3_gcc.a(LCD.o)
                0x00004dd8                LCD_DrawPixel
 .text.LCD_DrawHLine
                0x00004e38       0x50 ..\..\emWinGraphics_v5_46\LinkLibrary\PSoC5\GCC\libemWin_nosnts_cm3_gcc.a(LCD.o)
                0x00004e38                LCD_DrawHLine
 .text.LCD_DrawVLine
                0x00004e88       0x54 ..\..\emWinGraphics_v5_46\LinkLibrary\PSoC5\GCC\libemWin_nosnts_cm3_gcc.a(LCD.o)
                0x00004e88                LCD_DrawVLine
 .text.LCD_FillRect
                0x00004edc       0x58 ..\..\emWinGraphics_v5_46\LinkLibrary\PSoC5\GCC\libemWin_nosnts_cm3_gcc.a(LCD.o)
                0x00004edc                LCD_FillRect
 .text.LCD__DrawBitmap_1bpp
                0x00004f34      0x1d8 ..\..\emWinGraphics_v5_46\LinkLibrary\PSoC5\GCC\libemWin_nosnts_cm3_gcc.a(LCD.o)
                0x00004f34                LCD__DrawBitmap_1bpp
 .text.LCD_DrawBitmap
                0x0000510c      0x224 ..\..\emWinGraphics_v5_46\LinkLibrary\PSoC5\GCC\libemWin_nosnts_cm3_gcc.a(LCD.o)
                0x0000510c                LCD_DrawBitmap
 .text.LCD_SetClipRectMax
                0x00005330       0x1c ..\..\emWinGraphics_v5_46\LinkLibrary\PSoC5\GCC\libemWin_nosnts_cm3_gcc.a(LCD.o)
                0x00005330                LCD_SetClipRectMax
 .text.LCD_Init
                0x0000534c       0x90 ..\..\emWinGraphics_v5_46\LinkLibrary\PSoC5\GCC\libemWin_nosnts_cm3_gcc.a(LCD.o)
                0x0000534c                LCD_Init
 .text.LCD_Color2Index
                0x000053dc       0x1c ..\..\emWinGraphics_v5_46\LinkLibrary\PSoC5\GCC\libemWin_nosnts_cm3_gcc.a(LCD.o)
                0x000053dc                LCD_Color2Index
 .text.LCD_Index2Color
                0x000053f8       0x1c ..\..\emWinGraphics_v5_46\LinkLibrary\PSoC5\GCC\libemWin_nosnts_cm3_gcc.a(LCD.o)
                0x000053f8                LCD_Index2Color
 .text.LCD_SetColorIndex
                0x00005414       0x18 ..\..\emWinGraphics_v5_46\LinkLibrary\PSoC5\GCC\libemWin_nosnts_cm3_gcc.a(LCD.o)
                0x00005414                LCD_SetColorIndex
 .text._SetColor
                0x0000542c       0x20 ..\..\emWinGraphics_v5_46\LinkLibrary\PSoC5\GCC\libemWin_nosnts_cm3_gcc.a(LCD.o)
 .text.LCD_SetBkColorIndex
                0x0000544c       0x18 ..\..\emWinGraphics_v5_46\LinkLibrary\PSoC5\GCC\libemWin_nosnts_cm3_gcc.a(LCD.o)
                0x0000544c                LCD_SetBkColorIndex
 .text._SetBkColor
                0x00005464       0x20 ..\..\emWinGraphics_v5_46\LinkLibrary\PSoC5\GCC\libemWin_nosnts_cm3_gcc.a(LCD.o)
 .text.LCD_SetBkColor
                0x00005484        0xc ..\..\emWinGraphics_v5_46\LinkLibrary\PSoC5\GCC\libemWin_nosnts_cm3_gcc.a(LCD.o)
                0x00005484                LCD_SetBkColor
 .text.LCD_SetColor
                0x00005490        0xc ..\..\emWinGraphics_v5_46\LinkLibrary\PSoC5\GCC\libemWin_nosnts_cm3_gcc.a(LCD.o)
                0x00005490                LCD_SetColor
 .text._OnExit  0x0000549c       0x1c ..\..\emWinGraphics_v5_46\LinkLibrary\PSoC5\GCC\libemWin_nosnts_cm3_gcc.a(LCD_Color.o)
 .text.LCD_InitColors
                0x000054b8       0x3c ..\..\emWinGraphics_v5_46\LinkLibrary\PSoC5\GCC\libemWin_nosnts_cm3_gcc.a(LCD_Color.o)
                0x000054b8                LCD_InitColors
 .text.LCD_GetpPalConvTableUncached
                0x000054f4       0x6c ..\..\emWinGraphics_v5_46\LinkLibrary\PSoC5\GCC\libemWin_nosnts_cm3_gcc.a(LCD_Color.o)
                0x000054f4                LCD_GetpPalConvTableUncached
 .text.LCD_GetpPalConvTableBM
                0x00005560        0x4 ..\..\emWinGraphics_v5_46\LinkLibrary\PSoC5\GCC\libemWin_nosnts_cm3_gcc.a(LCD_Color.o)
                0x00005560                LCD_GetpPalConvTableBM
 .text.LCD_InitLUT
                0x00005564       0x88 ..\..\emWinGraphics_v5_46\LinkLibrary\PSoC5\GCC\libemWin_nosnts_cm3_gcc.a(LCD_Color.o)
                0x00005564                LCD_InitLUT
 .text.LCD_GetBkColorIndex
                0x000055ec       0x10 ..\..\emWinGraphics_v5_46\LinkLibrary\PSoC5\GCC\libemWin_nosnts_cm3_gcc.a(LCD_GetColorIndex.o)
                0x000055ec                LCD_GetBkColorIndex
 .text.LCD_GetColorIndex
                0x000055fc       0x10 ..\..\emWinGraphics_v5_46\LinkLibrary\PSoC5\GCC\libemWin_nosnts_cm3_gcc.a(LCD_GetColorIndex.o)
                0x000055fc                LCD_GetColorIndex
 .text._GetDevProp.part.0
                0x0000560c       0x18 ..\..\emWinGraphics_v5_46\LinkLibrary\PSoC5\GCC\libemWin_nosnts_cm3_gcc.a(LCD_GetEx.o)
 .text._GetDevProp
                0x00005624        0xc ..\..\emWinGraphics_v5_46\LinkLibrary\PSoC5\GCC\libemWin_nosnts_cm3_gcc.a(LCD_GetEx.o)
 .text._GetMaxValue
                0x00005630       0x10 ..\..\emWinGraphics_v5_46\LinkLibrary\PSoC5\GCC\libemWin_nosnts_cm3_gcc.a(LCD_GetEx.o)
 .text.LCD_GetXSizeEx
                0x00005640        0x6 ..\..\emWinGraphics_v5_46\LinkLibrary\PSoC5\GCC\libemWin_nosnts_cm3_gcc.a(LCD_GetEx.o)
                0x00005640                LCD_GetXSizeEx
 .text.LCD_GetBitsPerPixelEx
                0x00005646        0x6 ..\..\emWinGraphics_v5_46\LinkLibrary\PSoC5\GCC\libemWin_nosnts_cm3_gcc.a(LCD_GetEx.o)
                0x00005646                LCD_GetBitsPerPixelEx
 .text.LCD_GetNumColorsEx
                0x0000564c        0x6 ..\..\emWinGraphics_v5_46\LinkLibrary\PSoC5\GCC\libemWin_nosnts_cm3_gcc.a(LCD_GetEx.o)
                0x0000564c                LCD_GetNumColorsEx
 *fill*         0x00005652        0x2 
 .text.LCD_GetXSize
                0x00005654       0x10 ..\..\emWinGraphics_v5_46\LinkLibrary\PSoC5\GCC\libemWin_nosnts_cm3_gcc.a(LCD_GetEx.o)
                0x00005654                LCD_GetXSize
 .text.LCD_GetNumColors
                0x00005664       0x10 ..\..\emWinGraphics_v5_46\LinkLibrary\PSoC5\GCC\libemWin_nosnts_cm3_gcc.a(LCD_GetEx.o)
                0x00005664                LCD_GetNumColors
 .text.GUI_GetBitsPerPixelEx
                0x00005674       0x14 ..\..\emWinGraphics_v5_46\LinkLibrary\PSoC5\GCC\libemWin_nosnts_cm3_gcc.a(LCD_GetEx.o)
                0x00005674                GUI_GetBitsPerPixelEx
 .text.LCD_GetPaletteEx
                0x00005688       0x16 ..\..\emWinGraphics_v5_46\LinkLibrary\PSoC5\GCC\libemWin_nosnts_cm3_gcc.a(LCD_GetEx.o)
                0x00005688                LCD_GetPaletteEx
 *fill*         0x0000569e        0x2 
 .text.LCD_GetPalette
                0x000056a0       0x10 ..\..\emWinGraphics_v5_46\LinkLibrary\PSoC5\GCC\libemWin_nosnts_cm3_gcc.a(LCD_GetEx.o)
                0x000056a0                LCD_GetPalette
 .text.GUI_GetpfIndex2ColorEx
                0x000056b0       0x10 ..\..\emWinGraphics_v5_46\LinkLibrary\PSoC5\GCC\libemWin_nosnts_cm3_gcc.a(LCD_GetEx.o)
                0x000056b0                GUI_GetpfIndex2ColorEx
 .text.GUI_GetpfColor2IndexEx
                0x000056c0       0x10 ..\..\emWinGraphics_v5_46\LinkLibrary\PSoC5\GCC\libemWin_nosnts_cm3_gcc.a(LCD_GetEx.o)
                0x000056c0                GUI_GetpfColor2IndexEx
 .text.LCD_GetXSizeMax
                0x000056d0        0x6 ..\..\emWinGraphics_v5_46\LinkLibrary\PSoC5\GCC\libemWin_nosnts_cm3_gcc.a(LCD_GetEx.o)
                0x000056d0                LCD_GetXSizeMax
 .text.LCD_GetYSizeMax
                0x000056d6        0x6 ..\..\emWinGraphics_v5_46\LinkLibrary\PSoC5\GCC\libemWin_nosnts_cm3_gcc.a(LCD_GetEx.o)
                0x000056d6                LCD_GetYSizeMax
 .text.LCD_GetVXSizeMax
                0x000056dc        0x6 ..\..\emWinGraphics_v5_46\LinkLibrary\PSoC5\GCC\libemWin_nosnts_cm3_gcc.a(LCD_GetEx.o)
                0x000056dc                LCD_GetVXSizeMax
 *fill*         0x000056e2        0x2 
 .text.LCD_SetDisplaySize
                0x000056e4        0xc ..\..\emWinGraphics_v5_46\LinkLibrary\PSoC5\GCC\libemWin_nosnts_cm3_gcc.a(LCD_GetEx.o)
                0x000056e4                LCD_SetDisplaySize
 .text.LCD_GetXSizeDisplay
                0x000056f0        0xc ..\..\emWinGraphics_v5_46\LinkLibrary\PSoC5\GCC\libemWin_nosnts_cm3_gcc.a(LCD_GetEx.o)
                0x000056f0                LCD_GetXSizeDisplay
 .text.LCD_GetYSizeDisplay
                0x000056fc        0xc ..\..\emWinGraphics_v5_46\LinkLibrary\PSoC5\GCC\libemWin_nosnts_cm3_gcc.a(LCD_GetEx.o)
                0x000056fc                LCD_GetYSizeDisplay
 .text.LCD__GetBPP
                0x00005708       0x7e ..\..\emWinGraphics_v5_46\LinkLibrary\PSoC5\GCC\libemWin_nosnts_cm3_gcc.a(LCD_GetEx.o)
                0x00005708                LCD__GetBPP
 .text.LCD__GetBPPDevice
                0x00005786       0x2c ..\..\emWinGraphics_v5_46\LinkLibrary\PSoC5\GCC\libemWin_nosnts_cm3_gcc.a(LCD_GetEx.o)
                0x00005786                LCD__GetBPPDevice
 .text.LCD_GetNumLayers
                0x000057b2       0x10 ..\..\emWinGraphics_v5_46\LinkLibrary\PSoC5\GCC\libemWin_nosnts_cm3_gcc.a(LCD_GetNumDisplays.o)
                0x000057b2                LCD_GetNumLayers
 *fill*         0x000057c2        0x2 
 .text.LCD_SelectLCD
                0x000057c4       0x40 ..\..\emWinGraphics_v5_46\LinkLibrary\PSoC5\GCC\libemWin_nosnts_cm3_gcc.a(LCD_SelectLCD.o)
                0x000057c4                LCD_SelectLCD
 .text.LCD_SetLUTEntryEx
                0x00005804       0x30 ..\..\emWinGraphics_v5_46\LinkLibrary\PSoC5\GCC\libemWin_nosnts_cm3_gcc.a(LCD_Set.o)
                0x00005804                LCD_SetLUTEntryEx
 .text.LCD_SetSizeEx
                0x00005834       0x30 ..\..\emWinGraphics_v5_46\LinkLibrary\PSoC5\GCC\libemWin_nosnts_cm3_gcc.a(LCD_Set.o)
                0x00005834                LCD_SetSizeEx
 .text.LCD_SetVSizeEx
                0x00005864       0x30 ..\..\emWinGraphics_v5_46\LinkLibrary\PSoC5\GCC\libemWin_nosnts_cm3_gcc.a(LCD_Set.o)
                0x00005864                LCD_SetVSizeEx
 .text.LCD_UpdateColorIndices
                0x00005894       0x24 ..\..\emWinGraphics_v5_46\LinkLibrary\PSoC5\GCC\libemWin_nosnts_cm3_gcc.a(LCD_UpdateColorIndices.o)
                0x00005894                LCD_UpdateColorIndices
 .text._StopAutoMove
                0x000058b8       0x2e ..\..\emWinGraphics_v5_46\LinkLibrary\PSoC5\GCC\libemWin_nosnts_cm3_gcc.a(LISTWHEEL.o)
 .text._CheckTimer
                0x000058e6       0x30 ..\..\emWinGraphics_v5_46\LinkLibrary\PSoC5\GCC\libemWin_nosnts_cm3_gcc.a(LISTWHEEL.o)
 .text._OnPressed
                0x00005916       0xa2 ..\..\emWinGraphics_v5_46\LinkLibrary\PSoC5\GCC\libemWin_nosnts_cm3_gcc.a(LISTWHEEL.o)
 .text._GetDistToNextItem
                0x000059b8       0xba ..\..\emWinGraphics_v5_46\LinkLibrary\PSoC5\GCC\libemWin_nosnts_cm3_gcc.a(LISTWHEEL.o)
 .text.LISTWHEEL_OwnerDraw
                0x00005a72      0x11c ..\..\emWinGraphics_v5_46\LinkLibrary\PSoC5\GCC\libemWin_nosnts_cm3_gcc.a(LISTWHEEL.o)
                0x00005a72                LISTWHEEL_OwnerDraw
 .text._CreateTimer.constprop.3
                0x00005b8e       0x38 ..\..\emWinGraphics_v5_46\LinkLibrary\PSoC5\GCC\libemWin_nosnts_cm3_gcc.a(LISTWHEEL.o)
 .text.LISTWHEEL_Callback
                0x00005bc6      0x5a6 ..\..\emWinGraphics_v5_46\LinkLibrary\PSoC5\GCC\libemWin_nosnts_cm3_gcc.a(LISTWHEEL.o)
                0x00005bc6                LISTWHEEL_Callback
 .text.LISTWHEEL_AddString
                0x0000616c       0xbe ..\..\emWinGraphics_v5_46\LinkLibrary\PSoC5\GCC\libemWin_nosnts_cm3_gcc.a(LISTWHEEL.o)
                0x0000616c                LISTWHEEL_AddString
 .text.LISTWHEEL_SetSnapPosition
                0x0000622a       0x20 ..\..\emWinGraphics_v5_46\LinkLibrary\PSoC5\GCC\libemWin_nosnts_cm3_gcc.a(LISTWHEEL.o)
                0x0000622a                LISTWHEEL_SetSnapPosition
 .text.LISTWHEEL_SetTextAlign
                0x0000624a       0x26 ..\..\emWinGraphics_v5_46\LinkLibrary\PSoC5\GCC\libemWin_nosnts_cm3_gcc.a(LISTWHEEL.o)
                0x0000624a                LISTWHEEL_SetTextAlign
 .text.LISTWHEEL_SetSel
                0x00006270       0x26 ..\..\emWinGraphics_v5_46\LinkLibrary\PSoC5\GCC\libemWin_nosnts_cm3_gcc.a(LISTWHEEL.o)
                0x00006270                LISTWHEEL_SetSel
 .text.LISTWHEEL_SetTextColor
                0x00006296       0x2e ..\..\emWinGraphics_v5_46\LinkLibrary\PSoC5\GCC\libemWin_nosnts_cm3_gcc.a(LISTWHEEL.o)
                0x00006296                LISTWHEEL_SetTextColor
 .text.LISTWHEEL_SetBkColor
                0x000062c4       0x2e ..\..\emWinGraphics_v5_46\LinkLibrary\PSoC5\GCC\libemWin_nosnts_cm3_gcc.a(LISTWHEEL.o)
                0x000062c4                LISTWHEEL_SetBkColor
 .text.LISTWHEEL_SetText
                0x000062f2       0x52 ..\..\emWinGraphics_v5_46\LinkLibrary\PSoC5\GCC\libemWin_nosnts_cm3_gcc.a(LISTWHEEL.o)
                0x000062f2                LISTWHEEL_SetText
 .text.LISTWHEEL_CreateUser
                0x00006344       0xa0 ..\..\emWinGraphics_v5_46\LinkLibrary\PSoC5\GCC\libemWin_nosnts_cm3_gcc.a(LISTWHEEL.o)
                0x00006344                LISTWHEEL_CreateUser
 .text.LISTWHEEL_CreateEx
                0x000063e4       0x24 ..\..\emWinGraphics_v5_46\LinkLibrary\PSoC5\GCC\libemWin_nosnts_cm3_gcc.a(LISTWHEEL.o)
                0x000063e4                LISTWHEEL_CreateEx
 .text.WIDGET__GetInsideRect
                0x00006408       0x1a ..\..\emWinGraphics_v5_46\LinkLibrary\PSoC5\GCC\libemWin_nosnts_cm3_gcc.a(WIDGET.o)
                0x00006408                WIDGET__GetInsideRect
 *fill*         0x00006422        0x2 
 .text.WIDGET__Init
                0x00006424       0x10 ..\..\emWinGraphics_v5_46\LinkLibrary\PSoC5\GCC\libemWin_nosnts_cm3_gcc.a(WIDGET.o)
                0x00006424                WIDGET__Init
 .text.WIDGET_SetState
                0x00006434       0x24 ..\..\emWinGraphics_v5_46\LinkLibrary\PSoC5\GCC\libemWin_nosnts_cm3_gcc.a(WIDGET.o)
                0x00006434                WIDGET_SetState
 .text.WIDGET_HandleActive
                0x00006458      0x140 ..\..\emWinGraphics_v5_46\LinkLibrary\PSoC5\GCC\libemWin_nosnts_cm3_gcc.a(WIDGET.o)
                0x00006458                WIDGET_HandleActive
 .text._DrawUpRect
                0x00006598        0x2 ..\..\emWinGraphics_v5_46\LinkLibrary\PSoC5\GCC\libemWin_nosnts_cm3_gcc.a(WIDGET_Effect_None.o)
 .text._DrawFlat
                0x0000659a        0x2 ..\..\emWinGraphics_v5_46\LinkLibrary\PSoC5\GCC\libemWin_nosnts_cm3_gcc.a(WIDGET_Effect_None.o)
 .text._DrawDownRect
                0x0000659c        0x2 ..\..\emWinGraphics_v5_46\LinkLibrary\PSoC5\GCC\libemWin_nosnts_cm3_gcc.a(WIDGET_Effect_None.o)
 .text._DrawDown
                0x0000659e        0x2 ..\..\emWinGraphics_v5_46\LinkLibrary\PSoC5\GCC\libemWin_nosnts_cm3_gcc.a(WIDGET_Effect_None.o)
 .text._DrawUp  0x000065a0        0x2 ..\..\emWinGraphics_v5_46\LinkLibrary\PSoC5\GCC\libemWin_nosnts_cm3_gcc.a(WIDGET_Effect_None.o)
 *fill*         0x000065a2        0x2 
 .text._DrawDownRect
                0x000065a4       0x38 ..\..\emWinGraphics_v5_46\LinkLibrary\PSoC5\GCC\libemWin_nosnts_cm3_gcc.a(WIDGET_Effect_Simple.o)
 .text._DrawUpRect
                0x000065dc        0x4 ..\..\emWinGraphics_v5_46\LinkLibrary\PSoC5\GCC\libemWin_nosnts_cm3_gcc.a(WIDGET_Effect_Simple.o)
 .text._DrawDown
                0x000065e0       0x14 ..\..\emWinGraphics_v5_46\LinkLibrary\PSoC5\GCC\libemWin_nosnts_cm3_gcc.a(WIDGET_Effect_Simple.o)
 .text._DrawUp  0x000065f4        0x4 ..\..\emWinGraphics_v5_46\LinkLibrary\PSoC5\GCC\libemWin_nosnts_cm3_gcc.a(WIDGET_Effect_Simple.o)
 .text._OnExit  0x000065f8       0x88 ..\..\emWinGraphics_v5_46\LinkLibrary\PSoC5\GCC\libemWin_nosnts_cm3_gcc.a(WM.o)
 .text._Findy1  0x00006680       0xa6 ..\..\emWinGraphics_v5_46\LinkLibrary\PSoC5\GCC\libemWin_nosnts_cm3_gcc.a(WM.o)
 .text._Findx0  0x00006726       0x86 ..\..\emWinGraphics_v5_46\LinkLibrary\PSoC5\GCC\libemWin_nosnts_cm3_gcc.a(WM.o)
 .text._Findx1  0x000067ac       0x72 ..\..\emWinGraphics_v5_46\LinkLibrary\PSoC5\GCC\libemWin_nosnts_cm3_gcc.a(WM.o)
 *fill*         0x0000681e        0x2 
 .text.WM__ClipAtParentBorders
                0x00006820       0x50 ..\..\emWinGraphics_v5_46\LinkLibrary\PSoC5\GCC\libemWin_nosnts_cm3_gcc.a(WM.o)
                0x00006820                WM__ClipAtParentBorders
 .text.WM__InsertWindowIntoList
                0x00006870       0xac ..\..\emWinGraphics_v5_46\LinkLibrary\PSoC5\GCC\libemWin_nosnts_cm3_gcc.a(WM.o)
                0x00006870                WM__InsertWindowIntoList
 .text.WM__RemoveWindowFromList
                0x0000691c       0x3c ..\..\emWinGraphics_v5_46\LinkLibrary\PSoC5\GCC\libemWin_nosnts_cm3_gcc.a(WM.o)
                0x0000691c                WM__RemoveWindowFromList
 .text.WM__Client2Screen
                0x00006958       0x10 ..\..\emWinGraphics_v5_46\LinkLibrary\PSoC5\GCC\libemWin_nosnts_cm3_gcc.a(WM.o)
                0x00006958                WM__Client2Screen
 .text._SetClipRectUserIntersect
                0x00006968       0x50 ..\..\emWinGraphics_v5_46\LinkLibrary\PSoC5\GCC\libemWin_nosnts_cm3_gcc.a(WM.o)
 .text.WM__ActivateClipRect
                0x000069b8       0x48 ..\..\emWinGraphics_v5_46\LinkLibrary\PSoC5\GCC\libemWin_nosnts_cm3_gcc.a(WM.o)
                0x000069b8                WM__ActivateClipRect
 .text.WM__IsWindow
                0x00006a00       0x20 ..\..\emWinGraphics_v5_46\LinkLibrary\PSoC5\GCC\libemWin_nosnts_cm3_gcc.a(WM.o)
                0x00006a00                WM__IsWindow
 .text.WM__InvalidateDrawAndDescs
                0x00006a20       0x50 ..\..\emWinGraphics_v5_46\LinkLibrary\PSoC5\GCC\libemWin_nosnts_cm3_gcc.a(WM.o)
                0x00006a20                WM__InvalidateDrawAndDescs
 .text.WM__RectIsNZ
                0x00006a70       0x22 ..\..\emWinGraphics_v5_46\LinkLibrary\PSoC5\GCC\libemWin_nosnts_cm3_gcc.a(WM.o)
                0x00006a70                WM__RectIsNZ
 *fill*         0x00006a92        0x2 
 .text._Invalidate1Abs
                0x00006a94       0x84 ..\..\emWinGraphics_v5_46\LinkLibrary\PSoC5\GCC\libemWin_nosnts_cm3_gcc.a(WM.o)
 .text.WM__Invalidate1Abs
                0x00006b18        0x6 ..\..\emWinGraphics_v5_46\LinkLibrary\PSoC5\GCC\libemWin_nosnts_cm3_gcc.a(WM.o)
                0x00006b18                WM__Invalidate1Abs
 .text.WM_InvalidateWindowAndDescsEx
                0x00006b1e       0x64 ..\..\emWinGraphics_v5_46\LinkLibrary\PSoC5\GCC\libemWin_nosnts_cm3_gcc.a(WM.o)
                0x00006b1e                WM_InvalidateWindowAndDescsEx
 .text.WM__InvalidateRect
                0x00006b82       0x76 ..\..\emWinGraphics_v5_46\LinkLibrary\PSoC5\GCC\libemWin_nosnts_cm3_gcc.a(WM.o)
                0x00006b82                WM__InvalidateRect
 .text.WM__InvalidateParent
                0x00006bf8       0x2a ..\..\emWinGraphics_v5_46\LinkLibrary\PSoC5\GCC\libemWin_nosnts_cm3_gcc.a(WM.o)
                0x00006bf8                WM__InvalidateParent
 .text.WM__InvalidateRectEx
                0x00006c22        0x6 ..\..\emWinGraphics_v5_46\LinkLibrary\PSoC5\GCC\libemWin_nosnts_cm3_gcc.a(WM.o)
                0x00006c22                WM__InvalidateRectEx
 .text.WM__DetachWindow
                0x00006c28       0x2a ..\..\emWinGraphics_v5_46\LinkLibrary\PSoC5\GCC\libemWin_nosnts_cm3_gcc.a(WM.o)
                0x00006c28                WM__DetachWindow
 .text.WM_SendMessage
                0x00006c52        0x8 ..\..\emWinGraphics_v5_46\LinkLibrary\PSoC5\GCC\libemWin_nosnts_cm3_gcc.a(WM.o)
                0x00006c52                WM_SendMessage
 .text.WM__SendMsgNoData
                0x00006c5a       0x16 ..\..\emWinGraphics_v5_46\LinkLibrary\PSoC5\GCC\libemWin_nosnts_cm3_gcc.a(WM.o)
                0x00006c5a                WM__SendMsgNoData
 .text.WM__GetClientRectWin
                0x00006c70       0x18 ..\..\emWinGraphics_v5_46\LinkLibrary\PSoC5\GCC\libemWin_nosnts_cm3_gcc.a(WM.o)
                0x00006c70                WM__GetClientRectWin
 .text.WM_InvalidateRect
                0x00006c88       0x78 ..\..\emWinGraphics_v5_46\LinkLibrary\PSoC5\GCC\libemWin_nosnts_cm3_gcc.a(WM.o)
                0x00006c88                WM_InvalidateRect
 .text.WM_InvalidateWindow
                0x00006d00        0x6 ..\..\emWinGraphics_v5_46\LinkLibrary\PSoC5\GCC\libemWin_nosnts_cm3_gcc.a(WM.o)
                0x00006d00                WM_InvalidateWindow
 *fill*         0x00006d06        0x2 
 .text.WM_SelectWindow
                0x00006d08       0x38 ..\..\emWinGraphics_v5_46\LinkLibrary\PSoC5\GCC\libemWin_nosnts_cm3_gcc.a(WM.o)
                0x00006d08                WM_SelectWindow
 .text.WM_CreateWindowAsChild
                0x00006d40      0x154 ..\..\emWinGraphics_v5_46\LinkLibrary\PSoC5\GCC\libemWin_nosnts_cm3_gcc.a(WM.o)
                0x00006d40                WM_CreateWindowAsChild
 .text.WM_CreateWindow
                0x00006e94       0x1a ..\..\emWinGraphics_v5_46\LinkLibrary\PSoC5\GCC\libemWin_nosnts_cm3_gcc.a(WM.o)
                0x00006e94                WM_CreateWindow
 *fill*         0x00006eae        0x2 
 .text.WM_DeleteWindow
                0x00006eb0       0xfc ..\..\emWinGraphics_v5_46\LinkLibrary\PSoC5\GCC\libemWin_nosnts_cm3_gcc.a(WM.o)
                0x00006eb0                WM_DeleteWindow
 .text.WM__GetNextIVR
                0x00006fac      0x184 ..\..\emWinGraphics_v5_46\LinkLibrary\PSoC5\GCC\libemWin_nosnts_cm3_gcc.a(WM.o)
                0x00006fac                WM__GetNextIVR
 .text.WM__InitIVRSearch
                0x00007130      0x100 ..\..\emWinGraphics_v5_46\LinkLibrary\PSoC5\GCC\libemWin_nosnts_cm3_gcc.a(WM.o)
                0x00007130                WM__InitIVRSearch
 .text.WM_Activate
                0x00007230       0x10 ..\..\emWinGraphics_v5_46\LinkLibrary\PSoC5\GCC\libemWin_nosnts_cm3_gcc.a(WM.o)
                0x00007230                WM_Activate
 .text.WM_DefaultProc
                0x00007240       0x4c ..\..\emWinGraphics_v5_46\LinkLibrary\PSoC5\GCC\libemWin_nosnts_cm3_gcc.a(WM.o)
                0x00007240                WM_DefaultProc
 .text._cbBackWin
                0x0000728c       0x48 ..\..\emWinGraphics_v5_46\LinkLibrary\PSoC5\GCC\libemWin_nosnts_cm3_gcc.a(WM.o)
 .text.WM_Init  0x000072d4       0xa8 ..\..\emWinGraphics_v5_46\LinkLibrary\PSoC5\GCC\libemWin_nosnts_cm3_gcc.a(WM.o)
                0x000072d4                WM_Init
 .text.WM__ForEachDesc
                0x0000737c       0x2a ..\..\emWinGraphics_v5_46\LinkLibrary\PSoC5\GCC\libemWin_nosnts_cm3_gcc.a(WM__Private.o)
                0x0000737c                WM__ForEachDesc
 .text.WM__GetFirstSibling
                0x000073a6       0x12 ..\..\emWinGraphics_v5_46\LinkLibrary\PSoC5\GCC\libemWin_nosnts_cm3_gcc.a(WM__Private.o)
                0x000073a6                WM__GetFirstSibling
 .text.WM__GetPrevSibling
                0x000073b8       0x26 ..\..\emWinGraphics_v5_46\LinkLibrary\PSoC5\GCC\libemWin_nosnts_cm3_gcc.a(WM__Private.o)
                0x000073b8                WM__GetPrevSibling
 *fill*         0x000073de        0x2 
 .text.WM__SendMessage
                0x000073e0       0x3c ..\..\emWinGraphics_v5_46\LinkLibrary\PSoC5\GCC\libemWin_nosnts_cm3_gcc.a(WM__Private.o)
                0x000073e0                WM__SendMessage
 .text.WM__UpdateChildPositions
                0x0000741c       0xec ..\..\emWinGraphics_v5_46\LinkLibrary\PSoC5\GCC\libemWin_nosnts_cm3_gcc.a(WM__Private.o)
                0x0000741c                WM__UpdateChildPositions
 .text.WM__AddCriticalHandle
                0x00007508       0x10 ..\..\emWinGraphics_v5_46\LinkLibrary\PSoC5\GCC\libemWin_nosnts_cm3_gcc.a(WM__Private.o)
                0x00007508                WM__AddCriticalHandle
 .text.WM__GetClientRectEx
                0x00007518       0x22 ..\..\emWinGraphics_v5_46\LinkLibrary\PSoC5\GCC\libemWin_nosnts_cm3_gcc.a(WM__Private.o)
                0x00007518                WM__GetClientRectEx
 .text._cbInvalidateOne
                0x0000753a        0x4 ..\..\emWinGraphics_v5_46\LinkLibrary\PSoC5\GCC\libemWin_nosnts_cm3_gcc.a(WM_BringToTop.o)
 *fill*         0x0000753e        0x2 
 .text.WM_BringToTop
                0x00007540       0x74 ..\..\emWinGraphics_v5_46\LinkLibrary\PSoC5\GCC\libemWin_nosnts_cm3_gcc.a(WM_BringToTop.o)
                0x00007540                WM_BringToTop
 .text.WM_ForEachDesc
                0x000075b4        0x4 ..\..\emWinGraphics_v5_46\LinkLibrary\PSoC5\GCC\libemWin_nosnts_cm3_gcc.a(WM_Lib.o)
                0x000075b4                WM_ForEachDesc
 .text.WM_GetClientRectEx
                0x000075b8        0x4 ..\..\emWinGraphics_v5_46\LinkLibrary\PSoC5\GCC\libemWin_nosnts_cm3_gcc.a(WM_Lib.o)
                0x000075b8                WM_GetClientRectEx
 .text.WM_GetClientRect
                0x000075bc       0x1c ..\..\emWinGraphics_v5_46\LinkLibrary\PSoC5\GCC\libemWin_nosnts_cm3_gcc.a(WM_Lib.o)
                0x000075bc                WM_GetClientRect
 .text.WM_GetDesktopWindow
                0x000075d8        0xc ..\..\emWinGraphics_v5_46\LinkLibrary\PSoC5\GCC\libemWin_nosnts_cm3_gcc.a(WM_Lib.o)
                0x000075d8                WM_GetDesktopWindow
 .text.WM_GetFirstChild
                0x000075e4       0x10 ..\..\emWinGraphics_v5_46\LinkLibrary\PSoC5\GCC\libemWin_nosnts_cm3_gcc.a(WM_Lib.o)
                0x000075e4                WM_GetFirstChild
 .text.WM_GetInsideRectEx
                0x000075f4       0x16 ..\..\emWinGraphics_v5_46\LinkLibrary\PSoC5\GCC\libemWin_nosnts_cm3_gcc.a(WM_Lib.o)
                0x000075f4                WM_GetInsideRectEx
 *fill*         0x0000760a        0x2 
 .text.WM_GetInsideRect
                0x0000760c       0x10 ..\..\emWinGraphics_v5_46\LinkLibrary\PSoC5\GCC\libemWin_nosnts_cm3_gcc.a(WM_Lib.o)
                0x0000760c                WM_GetInsideRect
 .text.WM_GetParent
                0x0000761c       0x10 ..\..\emWinGraphics_v5_46\LinkLibrary\PSoC5\GCC\libemWin_nosnts_cm3_gcc.a(WM_Lib.o)
                0x0000761c                WM_GetParent
 .text.WM_BringToBottom
                0x0000762c       0x86 ..\..\emWinGraphics_v5_46\LinkLibrary\PSoC5\GCC\libemWin_nosnts_cm3_gcc.a(WM_Lib.o)
                0x0000762c                WM_BringToBottom
 *fill*         0x000076b2        0x2 
 .text.WM_HasCaptured