Archive member included because of file (symbol)

.\CortexM3\ARM_GCC_493\Debug\TFT_with_emWin.a(cyfitter_cfg.o)
                              .\CortexM3\ARM_GCC_493\Debug\Cm3Start.o (cyfitter_cfg)
.\CortexM3\ARM_GCC_493\Debug\TFT_with_emWin.a(SPIM_1.o)
                              .\CortexM3\ARM_GCC_493\Debug\tft.o (SPIM_1_ReadTxStatus)
.\CortexM3\ARM_GCC_493\Debug\TFT_with_emWin.a(DC.o)
                              .\CortexM3\ARM_GCC_493\Debug\tft.o (DC_Write)
.\CortexM3\ARM_GCC_493\Debug\TFT_with_emWin.a(SPIM_1_IntClock.o)
                              .\CortexM3\ARM_GCC_493\Debug\TFT_with_emWin.a(SPIM_1.o) (SPIM_1_IntClock_Start)
.\CortexM3\ARM_GCC_493\Debug\TFT_with_emWin.a(CyBootAsmGnu.o)
                              .\CortexM3\ARM_GCC_493\Debug\TFT_with_emWin.a(cyfitter_cfg.o) (CyDelayCycles)
.\CortexM3\ARM_GCC_493\Debug\TFT_with_emWin.a(CyLib.o)
                              .\CortexM3\ARM_GCC_493\Debug\GUI_X.o (CyHalt)
.\CortexM3\ARM_GCC_493\Debug\TFT_with_emWin.a(cyPm.o)
                              .\CortexM3\ARM_GCC_493\Debug\TFT_with_emWin.a(CyLib.o) (CyPmReadStatus)
.\CortexM3\ARM_GCC_493\Debug\TFT_with_emWin.a(FORWARD_BTN.o)
                              .\CortexM3\ARM_GCC_493\Debug\main.o (FORWARD_BTN_Read)
.\CortexM3\ARM_GCC_493\Debug\TFT_with_emWin.a(BACK_BTN.o)
                              .\CortexM3\ARM_GCC_493\Debug\start.o (BACK_BTN_Read)
.\CortexM3\ARM_GCC_493\Debug\TFT_with_emWin.a(I2CRTC.o)
                              .\CortexM3\ARM_GCC_493\Debug\main.o (I2CRTC_Start)
.\CortexM3\ARM_GCC_493\Debug\TFT_with_emWin.a(I2CRTC_INT.o)
                              .\CortexM3\ARM_GCC_493\Debug\TFT_with_emWin.a(I2CRTC.o) (I2CRTC_ISR)
.\CortexM3\ARM_GCC_493\Debug\TFT_with_emWin.a(I2CRTC_PM.o)
                              .\CortexM3\ARM_GCC_493\Debug\TFT_with_emWin.a(I2CRTC.o) (I2CRTC_backup)
.\CortexM3\ARM_GCC_493\Debug\TFT_with_emWin.a(I2CRTC_MASTER.o)
                              .\CortexM3\ARM_GCC_493\Debug\ds3231.o (I2CRTC_MasterWriteBuf)
.\CortexM3\ARM_GCC_493\Debug\TFT_with_emWin.a(LCD_Char_1.o)
                              .\CortexM3\ARM_GCC_493\Debug\main.o (LCD_Char_1_PrintString)
.\CortexM3\ARM_GCC_493\Debug\TFT_with_emWin.a(LCD_Char_1_CustChars.o)
                              .\CortexM3\ARM_GCC_493\Debug\TFT_with_emWin.a(LCD_Char_1.o) (LCD_Char_1_LoadCustomFonts)
.\CortexM3\ARM_GCC_493\Debug\TFT_with_emWin.a(RTC_PIN_INT.o)
                              .\CortexM3\ARM_GCC_493\Debug\main.o (RTC_PIN_INT_ClearInterrupt)
.\CortexM3\ARM_GCC_493\Debug\TFT_with_emWin.a(tick_isr.o)
                              .\CortexM3\ARM_GCC_493\Debug\main.o (tick_isr_StartEx)
.\CortexM3\ARM_GCC_493\Debug\TFT_with_emWin.a(CyFlash.o)
                              .\CortexM3\ARM_GCC_493\Debug\TFT_with_emWin.a(cyPm.o) (CyFlash_SetWaitCycles)
.\CortexM3\ARM_GCC_493\Debug\TFT_with_emWin.a(CySpc.o)
                              .\CortexM3\ARM_GCC_493\Debug\TFT_with_emWin.a(CyFlash.o) (CySpcStart)
..\..\emWinGraphics_v5_46\LinkLibrary\PSoC5\GCC\libemWin_nosnts_cm3_gcc.a(F6x8.o)
                              .\CortexM3\ARM_GCC_493\Debug\GUIConf.o (GUI_Font6x8)
..\..\emWinGraphics_v5_46\LinkLibrary\PSoC5\GCC\libemWin_nosnts_cm3_gcc.a(F8x16.o)
                              .\CortexM3\ARM_GCC_493\Debug\main.o (GUI_Font8x16)
..\..\emWinGraphics_v5_46\LinkLibrary\PSoC5\GCC\libemWin_nosnts_cm3_gcc.a(GUI_Alloc.o)
                              .\CortexM3\ARM_GCC_493\Debug\GUIConf.o (GUI_ALLOC_AssignMemory)
..\..\emWinGraphics_v5_46\LinkLibrary\PSoC5\GCC\libemWin_nosnts_cm3_gcc.a(GUI_CharM.o)
                              ..\..\emWinGraphics_v5_46\LinkLibrary\PSoC5\GCC\libemWin_nosnts_cm3_gcc.a(F6x8.o) (GUIMONO_DispChar)
..\..\emWinGraphics_v5_46\LinkLibrary\PSoC5\GCC\libemWin_nosnts_cm3_gcc.a(GUI_Common.o)
                              .\CortexM3\ARM_GCC_493\Debug\main.o (GUI_SetFont)
..\..\emWinGraphics_v5_46\LinkLibrary\PSoC5\GCC\libemWin_nosnts_cm3_gcc.a(GUI_Core.o)
                              ..\..\emWinGraphics_v5_46\LinkLibrary\PSoC5\GCC\libemWin_nosnts_cm3_gcc.a(GUI_Common.o) (GUI__apDevice)
..\..\emWinGraphics_v5_46\LinkLibrary\PSoC5\GCC\libemWin_nosnts_cm3_gcc.a(GUI_Device.o)
                              .\CortexM3\ARM_GCC_493\Debug\LCDConf.o (GUI_DEVICE_CreateAndLink)
..\..\emWinGraphics_v5_46\LinkLibrary\PSoC5\GCC\libemWin_nosnts_cm3_gcc.a(GUI_DispString.o)
                              ..\..\emWinGraphics_v5_46\LinkLibrary\PSoC5\GCC\libemWin_nosnts_cm3_gcc.a(GUI_Common.o) (GUI_DispString)
..\..\emWinGraphics_v5_46\LinkLibrary\PSoC5\GCC\libemWin_nosnts_cm3_gcc.a(GUI_DispStringInRectEx.o)
                              ..\..\emWinGraphics_v5_46\LinkLibrary\PSoC5\GCC\libemWin_nosnts_cm3_gcc.a(GUI_DispString.o) (GUI_DispStringInRectEx)
..\..\emWinGraphics_v5_46\LinkLibrary\PSoC5\GCC\libemWin_nosnts_cm3_gcc.a(GUI_OnKey.o)
[...]
Memory Configuration

Name             Origin             Length             Attributes
rom              0x00000000         0x00040000         xr
ram              0x1fff8000         0x00010000         xrw
*default*        0x00000000         0xffffffff

Linker script and memory map

LOAD c:/program files (x86)/cypress/psoc creator/3.3/psoc creator/import/gnu/arm/4.9.3/bin/../lib/gcc/arm-none-eabi/4.9.3/armv7-m/crti.o
LOAD c:/program files (x86)/cypress/psoc creator/3.3/psoc creator/import/gnu/arm/4.9.3/bin/../lib/gcc/arm-none-eabi/4.9.3/armv7-m/crtbegin.o
LOAD c:/program files (x86)/cypress/psoc creator/3.3/psoc creator/import/gnu/arm/4.9.3/bin/../lib/gcc/arm-none-eabi/4.9.3/../../../../arm-none-eabi/lib/armv7-m/crt0.o
START GROUP
LOAD .\CortexM3\ARM_GCC_493\Debug\main.o
LOAD .\CortexM3\ARM_GCC_493\Debug\tft.o
LOAD .\CortexM3\ARM_GCC_493\Debug\GUI_X.o
LOAD .\CortexM3\ARM_GCC_493\Debug\GUIConf.o
LOAD .\CortexM3\ARM_GCC_493\Debug\LCDConf.o
LOAD .\CortexM3\ARM_GCC_493\Debug\start.o
LOAD .\CortexM3\ARM_GCC_493\Debug\ds3231.o
LOAD .\CortexM3\ARM_GCC_493\Debug\cymetadata.o
LOAD .\CortexM3\ARM_GCC_493\Debug\Cm3Start.o
LOAD .\CortexM3\ARM_GCC_493\Debug\TFT_with_emWin.a
LOAD C:\Program Files (x86)\Cypress\PSoC Creator\3.3\PSoC Creator\psoc\content\cycomponentlibrary\CyComponentLibrary.cylib\CortexM3\ARM_GCC_493\Debug\CyComponentLibrary.a
LOAD c:/program files (x86)/cypress/psoc creator/3.3/psoc creator/import/gnu/arm/4.9.3/bin/../lib/gcc/arm-none-eabi/4.9.3/../../../../arm-none-eabi/lib/armv7-m\libm.a
LOAD ..\..\emWinGraphics_v5_46\LinkLibrary\PSoC5\GCC\libemWin_nosnts_cm3_gcc.a
END GROUP
START GROUP
LOAD c:/program files (x86)/cypress/psoc creator/3.3/psoc creator/import/gnu/arm/4.9.3/bin/../lib/gcc/arm-none-eabi/4.9.3/armv7-m\libgcc.a
LOAD c:/program files (x86)/cypress/psoc creator/3.3/psoc creator/import/gnu/arm/4.9.3/bin/../lib/gcc/arm-none-eabi/4.9.3/../../../../arm-none-eabi/lib/armv7-m\libg_nano.a
LOAD c:/program files (x86)/cypress/psoc creator/3.3/psoc creator/import/gnu/arm/4.9.3/bin/../lib/gcc/arm-none-eabi/4.9.3/../../../../arm-none-eabi/lib/armv7-m\libc_nano.a
END GROUP
START GROUP
LOAD c:/program files (x86)/cypress/psoc creator/3.3/psoc creator/import/gnu/arm/4.9.3/bin/../lib/gcc/arm-none-eabi/4.9.3/armv7-m\libgcc.a
LOAD c:/program files (x86)/cypress/psoc creator/3.3/psoc creator/import/gnu/arm/4.9.3/bin/../lib/gcc/arm-none-eabi/4.9.3/../../../../arm-none-eabi/lib/armv7-m\libc_nano.a
END GROUP
LOAD c:/program files (x86)/cypress/psoc creator/3.3/psoc creator/import/gnu/arm/4.9.3/bin/../lib/gcc/arm-none-eabi/4.9.3/armv7-m/crtend.o
LOAD c:/program files (x86)/cypress/psoc creator/3.3/psoc creator/import/gnu/arm/4.9.3/bin/../lib/gcc/arm-none-eabi/4.9.3/armv7-m/crtn.o
START GROUP
LOAD c:/program files (x86)/cypress/psoc creator/3.3/psoc creator/import/gnu/arm/4.9.3/bin/../lib/gcc/arm-none-eabi/4.9.3/armv7-m\libgcc.a
LOAD c:/program files (x86)/cypress/psoc creator/3.3/psoc creator/import/gnu/arm/4.9.3/bin/../lib/gcc/arm-none-eabi/4.9.3/../../../../arm-none-eabi/lib/armv7-m\libc.a
LOAD c:/program files (x86)/cypress/psoc creator/3.3/psoc creator/import/gnu/arm/4.9.3/bin/../lib/gcc/arm-none-eabi/4.9.3/../../../../arm-none-eabi/lib/armv7-m\libnosys.a
END GROUP
                0x00000000                CY_APPL_ORIGIN = 0x0
                0x00000100                CY_FLASH_ROW_SIZE = 0x100
                0x00000020                CY_ECC_ROW_SIZE = 0x20
                0x00000000                CY_EE_IN_BTLDR = 0x0
                0x00000000                CY_APPL_LOADABLE = 0x0
                0x00000800                CY_EE_SIZE = 0x800
                0x00000001                CY_APPL_NUM = 0x1
                0x00000001                CY_APPL_MAX = 0x1
                0x00000040                CY_METADATA_SIZE = 0x40
                0x00000000                CY_APPL_LOADABLE = 0x0
                0x00000000                CY_CHECKSUM_EXCLUDE_SIZE = ALIGN (0x0, CY_FLASH_ROW_SIZE)
                0x1fff81d8                PROVIDE (__cy_heap_start, _end)
                0x00000001                PROVIDE (__cy_region_num, ((__cy_regions_end - __cy_regions) / 0x10))
                0x20008000                PROVIDE (__cy_stack, (ORIGIN (ram) + 0x10000))
                0x20007800                PROVIDE (__cy_heap_end, (__cy_stack - 0x800))

.cybootloader   0x00000000        0x0
 *(.cybootloader)
                0x00000000                appl1_start = CY_APPL_ORIGIN?CY_APPL_ORIGIN:ALIGN (CY_FLASH_ROW_SIZE)
                0x0001ff00                appl2_start = (appl1_start + ALIGN ((((0x40000 - appl1_start) - (0x2 * CY_FLASH_ROW_SIZE)) / 0x2), CY_FLASH_ROW_SIZE))
                0x00000000                appl_start = (CY_APPL_NUM == 0x1)?appl1_start:appl2_start
                0x00000000                ecc_offset = ((appl_start / CY_FLASH_ROW_SIZE) * CY_ECC_ROW_SIZE)
                0x00000000                ee_offset = (CY_APPL_LOADABLE && ! (CY_EE_IN_BTLDR))?((CY_EE_SIZE / CY_APPL_MAX) * (CY_APPL_NUM - 0x1)):0x0
                0x00000800                ee_size = (CY_APPL_LOADABLE && ! (CY_EE_IN_BTLDR))?(CY_EE_SIZE / CY_APPL_MAX):CY_EE_SIZE
                0x00000000                PROVIDE (CY_ECC_OFFSET, ecc_offset)

.text           0x00000000     0x19d4
 CREATE_OBJECT_SYMBOLS
                0x00000000                PROVIDE (__cy_interrupt_vector, RomVectors)
 *(.romvectors)
 .romvectors    0x00000000       0x10 .\CortexM3\ARM_GCC_493\Debug\Cm3Start.o
                0x00000000                RomVectors
                0x00000001                ASSERT ((. != __cy_interrupt_vector), No interrupt vector)
                0x00000001                ASSERT (CY_APPL_ORIGIN?(SIZEOF (.cybootloader) <= CY_APPL_ORIGIN):0x1, Wrong image location)
                0x00000010                PROVIDE (__cy_reset, Reset)
 *(.text.Reset)
 .text.Reset    0x00000010       0x18 .\CortexM3\ARM_GCC_493\Debug\Cm3Start.o
                0x00000010                Reset
                0x00000001                ASSERT ((. != __cy_reset), No reset code)
 *(.dma_init)
                0x00000001                ASSERT ((((appl_start + .) <= 0x10000) || 0x1), DMA Init must be within the first 64k of flash)
 *(.text .text.* .gnu.linkonce.t.*)
 .text          0x00000028       0x5c c:/program files (x86)/cypress/psoc creator/3.3/psoc creator/import/gnu/arm/4.9.3/bin/../lib/gcc/arm-none-eabi/4.9.3/armv7-m/crtbegin.o
 .text.sw_isr   0x00000084       0x5c .\CortexM3\ARM_GCC_493\Debug\main.o
                0x00000084                sw_isr
 .text.print    0x000000e0       0x28 .\CortexM3\ARM_GCC_493\Debug\main.o
                0x000000e0                print
 .text.error    0x00000108        0xc .\CortexM3\ARM_GCC_493\Debug\main.o
                0x00000108                error
 .text.configure_rtc_tick
                0x00000114       0x2c .\CortexM3\ARM_GCC_493\Debug\main.o
                0x00000114                configure_rtc_tick
 .text.main     0x00000140       0xc4 .\CortexM3\ARM_GCC_493\Debug\main.o
                0x00000140                main
 .text.bcd2bin  0x00000204       0x10 .\CortexM3\ARM_GCC_493\Debug\ds3231.o
                0x00000204                bcd2bin
 .text.bin2bcd  0x00000214       0x18 .\CortexM3\ARM_GCC_493\Debug\ds3231.o
                0x00000214                bin2bcd
 .text.RTC_now  0x0000022c       0x98 .\CortexM3\ARM_GCC_493\Debug\ds3231.o
                0x0000022c                RTC_now
 .text.tick_isr_init
                0x000002c4       0x34 .\CortexM3\ARM_GCC_493\Debug\ds3231.o
                0x000002c4                tick_isr_init
 .text.i2c_status
                0x000002f8       0x3c .\CortexM3\ARM_GCC_493\Debug\ds3231.o
                0x000002f8                i2c_status
 .text.RTC_readRegister
                0x00000334       0x50 .\CortexM3\ARM_GCC_493\Debug\ds3231.o
                0x00000334                RTC_readRegister
 .text.RTC_clearAlarmFlags
                0x00000384       0x40 .\CortexM3\ARM_GCC_493\Debug\ds3231.o
                0x00000384                RTC_clearAlarmFlags
 .text.RTC_setAlarmTime
                0x000003c4       0xac .\CortexM3\ARM_GCC_493\Debug\ds3231.o
                0x000003c4                RTC_setAlarmTime
 .text.IntDefaultHandler
                0x00000470        0x4 .\CortexM3\ARM_GCC_493\Debug\Cm3Start.o
                0x00000470                IntDefaultHandler
 .text._sbrk    0x00000474       0x30 .\CortexM3\ARM_GCC_493\Debug\Cm3Start.o
                0x00000474                _sbrk
 .text.Start_c  0x000004a4       0x4c .\CortexM3\ARM_GCC_493\Debug\Cm3Start.o
                0x000004a4                Start_c
 .text.initialize_psoc
                0x000004f0       0x74 .\CortexM3\ARM_GCC_493\Debug\Cm3Start.o
                0x000004f0                initialize_psoc
 .text.CyClockStartupError
                0x00000564        0x4 .\CortexM3\ARM_GCC_493\Debug\TFT_with_emWin.a(cyfitter_cfg.o)
 .text.cfg_write_bytes32
                0x00000568       0x34 .\CortexM3\ARM_GCC_493\Debug\TFT_with_emWin.a(cyfitter_cfg.o)
 .text.AnalogSetDefault
                0x0000059c       0x28 .\CortexM3\ARM_GCC_493\Debug\TFT_with_emWin.a(cyfitter_cfg.o)
 .text.CYMEMZERO
                0x000005c4        0xc .\CortexM3\ARM_GCC_493\Debug\TFT_with_emWin.a(cyfitter_cfg.o)
 .text.ClockSetup
                0x000005d0       0xb4 .\CortexM3\ARM_GCC_493\Debug\TFT_with_emWin.a(cyfitter_cfg.o)
 .text.CYCONFIGCPY
                0x00000684        0x8 .\CortexM3\ARM_GCC_493\Debug\TFT_with_emWin.a(cyfitter_cfg.o)
 .text.cyfitter_cfg
                0x0000068c      0x130 .\CortexM3\ARM_GCC_493\Debug\TFT_with_emWin.a(cyfitter_cfg.o)
                0x0000068c                cyfitter_cfg
 *fill*         0x000007bc        0x4 
 .text          0x000007c0       0x20 .\CortexM3\ARM_GCC_493\Debug\TFT_with_emWin.a(CyBootAsmGnu.o)
                0x000007c0                CyDelayCycles
                0x000007d0                CyEnterCriticalSection
                0x000007d8                CyExitCriticalSection
 .text.CyHalt   0x000007e0        0x4 .\CortexM3\ARM_GCC_493\Debug\TFT_with_emWin.a(CyLib.o)
                0x000007e0                CyHalt
 .text.CyDelay  0x000007e4       0x2c .\CortexM3\ARM_GCC_493\Debug\TFT_with_emWin.a(CyLib.o)
                0x000007e4                CyDelay
 .text.CyDelayUs
                0x00000810       0x14 .\CortexM3\ARM_GCC_493\Debug\TFT_with_emWin.a(CyLib.o)
                0x00000810                CyDelayUs
 .text.CyIntSetVector
                0x00000824       0x28 .\CortexM3\ARM_GCC_493\Debug\TFT_with_emWin.a(CyLib.o)
                0x00000824                CyIntSetVector
 .text.CyIntSetPriority
                0x0000084c       0x30 .\CortexM3\ARM_GCC_493\Debug\TFT_with_emWin.a(CyLib.o)
                0x0000084c                CyIntSetPriority
 .text.I2CRTC_Init
                0x0000087c       0x68 .\CortexM3\ARM_GCC_493\Debug\TFT_with_emWin.a(I2CRTC.o)
                0x0000087c                I2CRTC_Init
 .text.I2CRTC_Enable
                0x000008e4       0x24 .\CortexM3\ARM_GCC_493\Debug\TFT_with_emWin.a(I2CRTC.o)
                0x000008e4                I2CRTC_Enable
 .text.I2CRTC_Start
                0x00000908       0x28 .\CortexM3\ARM_GCC_493\Debug\TFT_with_emWin.a(I2CRTC.o)
                0x00000908                I2CRTC_Start
 .text.I2CRTC_ISR
                0x00000930      0x2cc .\CortexM3\ARM_GCC_493\Debug\TFT_with_emWin.a(I2CRTC_INT.o)
                0x00000930                I2CRTC_ISR
 .text.I2CRTC_MasterWriteBuf
                0x00000bfc       0xcc .\CortexM3\ARM_GCC_493\Debug\TFT_with_emWin.a(I2CRTC_MASTER.o)
                0x00000bfc                I2CRTC_MasterWriteBuf
 .text.I2CRTC_MasterReadBuf
                0x00000cc8       0xd0 .\CortexM3\ARM_GCC_493\Debug\TFT_with_emWin.a(I2CRTC_MASTER.o)
                0x00000cc8                I2CRTC_MasterReadBuf
 .text.I2CRTC_MasterStatus
                0x00000d98       0x38 .\CortexM3\ARM_GCC_493\Debug\TFT_with_emWin.a(I2CRTC_MASTER.o)
                0x00000d98                I2CRTC_MasterStatus
 .text.I2CRTC_MasterClearStatus
                0x00000dd0       0x24 .\CortexM3\ARM_GCC_493\Debug\TFT_with_emWin.a(I2CRTC_MASTER.o)
                0x00000dd0                I2CRTC_MasterClearStatus
 .text.I2CRTC_MasterClearReadBuf
                0x00000df4       0x30 .\CortexM3\ARM_GCC_493\Debug\TFT_with_emWin.a(I2CRTC_MASTER.o)
                0x00000df4                I2CRTC_MasterClearReadBuf
 .text.LCD_Char_1_WrCntrlNib
                0x00000e24       0x34 .\CortexM3\ARM_GCC_493\Debug\TFT_with_emWin.a(LCD_Char_1.o)
 .text.LCD_Char_1_WrDatNib
                0x00000e58       0x44 .\CortexM3\ARM_GCC_493\Debug\TFT_with_emWin.a(LCD_Char_1.o)
 .text.LCD_Char_1_IsReady
                0x00000e9c       0xe4 .\CortexM3\ARM_GCC_493\Debug\TFT_with_emWin.a(LCD_Char_1.o)
                0x00000e9c                LCD_Char_1_IsReady
 .text.LCD_Char_1_WriteData
                0x00000f80       0x18 .\CortexM3\ARM_GCC_493\Debug\TFT_with_emWin.a(LCD_Char_1.o)
                0x00000f80                LCD_Char_1_WriteData
 .text.LCD_Char_1_PrintString
                0x00000f98       0x1c .\CortexM3\ARM_GCC_493\Debug\TFT_with_emWin.a(LCD_Char_1.o)
                0x00000f98                LCD_Char_1_PrintString
 .text.LCD_Char_1_WriteControl
                0x00000fb4       0x18 .\CortexM3\ARM_GCC_493\Debug\TFT_with_emWin.a(LCD_Char_1.o)
                0x00000fb4                LCD_Char_1_WriteControl
 .text.LCD_Char_1_Init
                0x00000fcc       0x74 .\CortexM3\ARM_GCC_493\Debug\TFT_with_emWin.a(LCD_Char_1.o)
                0x00000fcc                LCD_Char_1_Init
 .text.LCD_Char_1_Enable
                0x00001040       0x14 .\CortexM3\ARM_GCC_493\Debug\TFT_with_emWin.a(LCD_Char_1.o)
                0x00001040                LCD_Char_1_Enable
 .text.LCD_Char_1_Start
                0x00001054       0x1c .\CortexM3\ARM_GCC_493\Debug\TFT_with_emWin.a(LCD_Char_1.o)
                0x00001054                LCD_Char_1_Start
 .text.LCD_Char_1_Position
                0x00001070       0x3c .\CortexM3\ARM_GCC_493\Debug\TFT_with_emWin.a(LCD_Char_1.o)
                0x00001070                LCD_Char_1_Position
 .text.LCD_Char_1_LoadCustomFonts
                0x000010ac       0x2c .\CortexM3\ARM_GCC_493\Debug\TFT_with_emWin.a(LCD_Char_1_CustChars.o)
                0x000010ac                LCD_Char_1_LoadCustomFonts
 .text.RTC_PIN_INT_ClearInterrupt
                0x000010d8       0x10 .\CortexM3\ARM_GCC_493\Debug\TFT_with_emWin.a(RTC_PIN_INT.o)
                0x000010d8                RTC_PIN_INT_ClearInterrupt
 .text.tick_isr_SetVector
                0x000010e8        0xc .\CortexM3\ARM_GCC_493\Debug\TFT_with_emWin.a(tick_isr.o)
                0x000010e8                tick_isr_SetVector
 .text.tick_isr_SetPriority
                0x000010f4       0x10 .\CortexM3\ARM_GCC_493\Debug\TFT_with_emWin.a(tick_isr.o)
                0x000010f4                tick_isr_SetPriority
 .text.tick_isr_Enable
                0x00001104        0xc .\CortexM3\ARM_GCC_493\Debug\TFT_with_emWin.a(tick_isr.o)
                0x00001104                tick_isr_Enable
 .text.tick_isr_Disable
                0x00001110        0xc .\CortexM3\ARM_GCC_493\Debug\TFT_with_emWin.a(tick_isr.o)
                0x00001110                tick_isr_Disable
 .text.tick_isr_StartEx
                0x0000111c       0x1c .\CortexM3\ARM_GCC_493\Debug\TFT_with_emWin.a(tick_isr.o)
                0x0000111c                tick_isr_StartEx
 .text.tick_isr_ClearPending
                0x00001138        0xc .\CortexM3\ARM_GCC_493\Debug\TFT_with_emWin.a(tick_isr.o)
                0x00001138                tick_isr_ClearPending
 .text.__errno  0x00001144        0xc c:/program files (x86)/cypress/psoc creator/3.3/psoc creator/import/gnu/arm/4.9.3/bin/../lib/gcc/arm-none-eabi/4.9.3/../../../../arm-none-eabi/lib/armv7-m\libg_nano.a(lib_a-errno.o)
                0x00001144                __errno
 .text.__libc_init_array
                0x00001150       0x4c c:/program files (x86)/cypress/psoc creator/3.3/psoc creator/import/gnu/arm/4.9.3/bin/../lib/gcc/arm-none-eabi/4.9.3/../../../../arm-none-eabi/lib/armv7-m\libg_nano.a(lib_a-init.o)
                0x00001150                __libc_init_array
 .text.memcpy   0x0000119c       0x16 c:/program files (x86)/cypress/psoc creator/3.3/psoc creator/import/gnu/arm/4.9.3/bin/../lib/gcc/arm-none-eabi/4.9.3/../../../../arm-none-eabi/lib/armv7-m\libg_nano.a(lib_a-memcpy.o)
                0x0000119c                memcpy
 .text.memmove  0x000011b2       0x36 c:/program files (x86)/cypress/psoc creator/3.3/psoc creator/import/gnu/arm/4.9.3/bin/../lib/gcc/arm-none-eabi/4.9.3/../../../../arm-none-eabi/lib/armv7-m\libg_nano.a(lib_a-memmove.o)
                0x000011b2                memmove
 .text.memset   0x000011e8       0x10 c:/program files (x86)/cypress/psoc creator/3.3/psoc creator/import/gnu/arm/4.9.3/bin/../lib/gcc/arm-none-eabi/4.9.3/../../../../arm-none-eabi/lib/armv7-m\libg_nano.a(lib_a-memset.o)
                0x000011e8                memset
 .text.sprintf  0x000011f8       0x48 c:/program files (x86)/cypress/psoc creator/3.3/psoc creator/import/gnu/arm/4.9.3/bin/../lib/gcc/arm-none-eabi/4.9.3/../../../../arm-none-eabi/lib/armv7-m\libg_nano.a(lib_a-sprintf.o)
                0x000011f8                siprintf
                0x000011f8                sprintf
 .text.__ssputs_r
                0x00001240       0xb2 c:/program files (x86)/cypress/psoc creator/3.3/psoc creator/import/gnu/arm/4.9.3/bin/../lib/gcc/arm-none-eabi/4.9.3/../../../../arm-none-eabi/lib/armv7-m\libg_nano.a(lib_a-nano-svfprintf.o)
                0x00001240                __ssputs_r
 *fill*         0x000012f2        0x2 
 .text._svfprintf_r
                0x000012f4      0x1e4 c:/program files (x86)/cypress/psoc creator/3.3/psoc creator/import/gnu/arm/4.9.3/bin/../lib/gcc/arm-none-eabi/4.9.3/../../../../arm-none-eabi/lib/armv7-m\libg_nano.a(lib_a-nano-svfprintf.o)
                0x000012f4                _svfiprintf_r
                0x000012f4                _svfprintf_r
 .text._printf_common
                0x000014d8       0xea c:/program files (x86)/cypress/psoc creator/3.3/psoc creator/import/gnu/arm/4.9.3/bin/../lib/gcc/arm-none-eabi/4.9.3/../../../../arm-none-eabi/lib/armv7-m\libg_nano.a(lib_a-nano-vfprintf_i.o)
                0x000014d8                _printf_common
 *fill*         0x000015c2        0x2 
 .text._printf_i
                0x000015c4      0x240 c:/program files (x86)/cypress/psoc creator/3.3/psoc creator/import/gnu/arm/4.9.3/bin/../lib/gcc/arm-none-eabi/4.9.3/../../../../arm-none-eabi/lib/armv7-m\libg_nano.a(lib_a-nano-vfprintf_i.o)
                0x000015c4                _printf_i
 .text.memchr   0x00001804       0x1c c:/program files (x86)/cypress/psoc creator/3.3/psoc creator/import/gnu/arm/4.9.3/bin/../lib/gcc/arm-none-eabi/4.9.3/../../../../arm-none-eabi/lib/armv7-m\libg_nano.a(lib_a-memchr.o)
                0x00001804                memchr
 .text._free_r  0x00001820       0x88 c:/program files (x86)/cypress/psoc creator/3.3/psoc creator/import/gnu/arm/4.9.3/bin/../lib/gcc/arm-none-eabi/4.9.3/../../../../arm-none-eabi/lib/armv7-m\libg_nano.a(lib_a-nano-freer.o)
                0x00001820                _free_r
 .text._malloc_r
                0x000018a8       0xac c:/program files (x86)/cypress/psoc creator/3.3/psoc creator/import/gnu/arm/4.9.3/bin/../lib/gcc/arm-none-eabi/4.9.3/../../../../arm-none-eabi/lib/armv7-m\libg_nano.a(lib_a-nano-mallocr.o)
                0x000018a8                _malloc_r
 .text._realloc_r
                0x00001954       0x4c c:/program files (x86)/cypress/psoc creator/3.3/psoc creator/import/gnu/arm/4.9.3/bin/../lib/gcc/arm-none-eabi/4.9.3/../../../../arm-none-eabi/lib/armv7-m\libg_nano.a(lib_a-nano-reallocr.o)
                0x00001954                _realloc_r
 .text._sbrk_r  0x000019a0       0x20 c:/program files (x86)/cypress/psoc creator/3.3/psoc creator/import/gnu/arm/4.9.3/bin/../lib/gcc/arm-none-eabi/4.9.3/../../../../arm-none-eabi/lib/armv7-m\libg_nano.a(lib_a-sbrkr.o)
                0x000019a0                _sbrk_r
 .text._malloc_usable_size_r
                0x000019c0       0x14 c:/program files (x86)/cypress/psoc creator/3.3/psoc creator/import/gnu/arm/4.9.3/bin/../lib/gcc/arm-none-eabi/4.9.3/../../../../arm-none-eabi/lib/armv7-m\libg_nano.a(lib_a-nano-msizer.o)
                0x000019c0                _malloc_usable_size_r
 *(.plt)
 *(.gnu.warning)
 *(.glue_7t)
 .glue_7t       0x00000000        0x0 linker stubs
 *(.glue_7)
 .glue_7        0x00000000        0x0 linker stubs
 *(.vfp11_veneer)
 .vfp11_veneer  0x00000000        0x0 linker stubs
 *(.bootloader)
 *(.ARM.extab* .gnu.linkonce.armextab.*)
 *(.gcc_except_table)

.v4_bx          0x000019d4        0x0
 .v4_bx         0x00000000        0x0 linker stubs

.iplt           0x000019d4        0x0
 .iplt          0x00000000        0x0 c:/program files (x86)/cypress/psoc creator/3.3/psoc creator/import/gnu/arm/4.9.3/bin/../lib/gcc/arm-none-eabi/4.9.3/armv7-m/crtbegin.o

.eh_frame_hdr
 *(.eh_frame_hdr)

.eh_frame       0x000019d4        0x4
 *(.eh_frame)
 .eh_frame      0x000019d4        0x0 c:/program files (x86)/cypress/psoc creator/3.3/psoc creator/import/gnu/arm/4.9.3/bin/../lib/gcc/arm-none-eabi/4.9.3/armv7-m/crtbegin.o
 .eh_frame      0x000019d4        0x4 c:/program files (x86)/cypress/psoc creator/3.3/psoc creator/import/gnu/arm/4.9.3/bin/../lib/gcc/arm-none-eabi/4.9.3/armv7-m/crtend.o
                0x000019d8                PROVIDE (__exidx_start, .)

.ARM.exidx
 *(.ARM.exidx* .gnu.linkonce.armexidx.*)
                0x000019d8                __exidx_end = .

.rodata         0x000019d8      0x180
 *(.rodata .rodata.* .gnu.linkonce.r.*)
 .rodata.str1.4
                0x000019d8       0x53 .\CortexM3\ARM_GCC_493\Debug\main.o
                                 0x54 (size before relaxing)
 *fill*         0x00001a2b        0x1 
 .rodata        0x00001a2c       0x10 .\CortexM3\ARM_GCC_493\Debug\ds3231.o
                0x00001a2c                daysInMonth
 .rodata.str1.4
                0x00001a3c       0x28 .\CortexM3\ARM_GCC_493\Debug\ds3231.o
 .rodata        0x00001a64       0x44 .\CortexM3\ARM_GCC_493\Debug\TFT_with_emWin.a(cyfitter_cfg.o)
 .rodata        0x00001aa8       0x40 .\CortexM3\ARM_GCC_493\Debug\TFT_with_emWin.a(LCD_Char_1_CustChars.o)
                0x00001aa8                LCD_Char_1_customFonts
 .rodata.str1.1
                0x00001ae8        0x2 c:/program files (x86)/cypress/psoc creator/3.3/psoc creator/import/gnu/arm/4.9.3/bin/../lib/gcc/arm-none-eabi/4.9.3/../../../../arm-none-eabi/lib/armv7-m\libg_nano.a(lib_a-impure.o)
 .rodata.str1.1
                0x00001aea       0x11 c:/program files (x86)/cypress/psoc creator/3.3/psoc creator/import/gnu/arm/4.9.3/bin/../lib/gcc/arm-none-eabi/4.9.3/../../../../arm-none-eabi/lib/armv7-m\libg_nano.a(lib_a-nano-svfprintf.o)
 .rodata.str1.1
                0x00001afb       0x22 c:/program files (x86)/cypress/psoc creator/3.3/psoc creator/import/gnu/arm/4.9.3/bin/../lib/gcc/arm-none-eabi/4.9.3/../../../../arm-none-eabi/lib/armv7-m\libg_nano.a(lib_a-nano-vfprintf_i.o)
                0x00001b20                . = ALIGN (0x4)
 *fill*         0x00001b1d        0x3 
 *(.init)
 .init          0x00001b20        0x4 c:/program files (x86)/cypress/psoc creator/3.3/psoc creator/import/gnu/arm/4.9.3/bin/../lib/gcc/arm-none-eabi/4.9.3/armv7-m/crti.o
                0x00001b20                _init
 .init          0x00001b24        0x8 c:/program files (x86)/cypress/psoc creator/3.3/psoc creator/import/gnu/arm/4.9.3/bin/../lib/gcc/arm-none-eabi/4.9.3/armv7-m/crtn.o
                0x00001b2c                . = ALIGN (0x4)
                0x00001b2c                __preinit_array_start = .
 *(.preinit_array)
                0x00001b2c                __preinit_array_end = .
                0x00001b2c                . = ALIGN (0x4)
                0x00001b2c                __init_array_start = .
 *(SORT(.init_array.*))
 *(.init_array)
 .init_array    0x00001b2c        0x4 c:/program files (x86)/cypress/psoc creator/3.3/psoc creator/import/gnu/arm/4.9.3/bin/../lib/gcc/arm-none-eabi/4.9.3/armv7-m/crtbegin.o
 .init_array    0x00001b30        0x4 .\CortexM3\ARM_GCC_493\Debug\Cm3Start.o
                0x00001b34                __init_array_end = .
                0x00001b34                . = ALIGN (0x4)
 *(.fini)
 .fini          0x00001b34        0x4 c:/program files (x86)/cypress/psoc creator/3.3/psoc creator/import/gnu/arm/4.9.3/bin/../lib/gcc/arm-none-eabi/4.9.3/armv7-m/crti.o
                0x00001b34                _fini
 .fini          0x00001b38        0x8 c:/program files (x86)/cypress/psoc creator/3.3/psoc creator/import/gnu/arm/4.9.3/bin/../lib/gcc/arm-none-eabi/4.9.3/armv7-m/crtn.o
                0x00001b40                . = ALIGN (0x4)
                0x00001b40                __fini_array_start = .
 *(.fini_array)
 .fini_array    0x00001b40        0x4 c:/program files (x86)/cypress/psoc creator/3.3/psoc creator/import/gnu/arm/4.9.3/bin/../lib/gcc/arm-none-eabi/4.9.3/armv7-m/crtbegin.o
 *(SORT(.fini_array.*))
                0x00001b44                __fini_array_end = .
                0x00001b44                . = ALIGN (0x4)
 *crtbegin.o(.ctors)
 *(EXCLUDE_FILE(*crtend.o) .ctors)
 *(SORT(.ctors.*))
 *crtend.o(.ctors)
                0x00001b44                . = ALIGN (0x4)
 *crtbegin.o(.dtors)
 *(EXCLUDE_FILE(*crtend.o) .dtors)
 *(SORT(.dtors.*))
 *crtend.o(.dtors)
                0x00001b44                . = ALIGN (0x4)
                0x00001b44                __cy_regions = .
                0x00001b44        0x4 LONG 0x1b58 __cy_region_init_ram
                0x00001b48        0x4 LONG 0x1fff8108 __cy_region_start_data
                0x00001b4c        0x4 LONG 0x80 __cy_region_init_size_ram
                0x00001b50        0x4 LONG 0x50 __cy_region_zero_size_ram
                0x00001b54                __cy_regions_end = .
                0x00001b58                . = ALIGN (0x8)
 *fill*         0x00001b54        0x4 
                0x00001b58                _etext = .

.cy_checksum_exclude
                0x00001b58        0x0
 *(.cy_checksum_exclude)

.ramvectors     0x1fff8000      0x100
                0x1fff8000                __cy_region_start_ram = .
 *(.ramvectors)
 .ramvectors    0x1fff8000      0x100 .\CortexM3\ARM_GCC_493\Debug\Cm3Start.o
                0x1fff8000                CyRamVectors

.noinit         0x1fff8100        0x5
 *(.noinit)
 .noinit        0x1fff8100        0x4 .\CortexM3\ARM_GCC_493\Debug\Cm3Start.o
 .noinit        0x1fff8104        0x1 .\CortexM3\ARM_GCC_493\Debug\TFT_with_emWin.a(CyLib.o)
                0x1fff8104                CyResetStatus

.data           0x1fff8108       0x80 load address 0x00001b58
                0x1fff8108                __cy_region_start_data = .
 *(.jcr)
 .jcr           0x1fff8108        0x0 c:/program files (x86)/cypress/psoc creator/3.3/psoc creator/import/gnu/arm/4.9.3/bin/../lib/gcc/arm-none-eabi/4.9.3/armv7-m/crtbegin.o
 .jcr           0x1fff8108        0x4 c:/program files (x86)/cypress/psoc creator/3.3/psoc creator/import/gnu/arm/4.9.3/bin/../lib/gcc/arm-none-eabi/4.9.3/armv7-m/crtend.o
 *(.got.plt)
 *(.got)
 *(.shdata)
 *(.data .data.* .gnu.linkonce.d.*)
 .data          0x1fff810c        0x4 .\CortexM3\ARM_GCC_493\Debug\Cm3Start.o
 .data          0x1fff8110       0x10 .\CortexM3\ARM_GCC_493\Debug\TFT_with_emWin.a(CyLib.o)
                0x1fff8110                cydelay_32k_ms
                0x1fff8114                cydelay_freq_khz
                0x1fff8118                cydelay_freq_mhz
                0x1fff811c                cydelay_freq_hz
 .data.impure_data
                0x1fff8120       0x60 c:/program files (x86)/cypress/psoc creator/3.3/psoc creator/import/gnu/arm/4.9.3/bin/../lib/gcc/arm-none-eabi/4.9.3/../../../../arm-none-eabi/lib/armv7-m\libg_nano.a(lib_a-impure.o)
 .data._impure_ptr
                0x1fff8180        0x4 c:/program files (x86)/cypress/psoc creator/3.3/psoc creator/import/gnu/arm/4.9.3/bin/../lib/gcc/arm-none-eabi/4.9.3/../../../../arm-none-eabi/lib/armv7-m\libg_nano.a(lib_a-impure.o)
                0x1fff8180                _impure_ptr
                0x1fff8188                . = ALIGN (0x8)
 *fill*         0x1fff8184        0x4 
 *(.ram)
                0x1fff8188                _edata = .

.igot.plt       0x1fff8188        0x0 load address 0x00001bd8
 .igot.plt      0x00000000        0x0 c:/program files (x86)/cypress/psoc creator/3.3/psoc creator/import/gnu/arm/4.9.3/bin/../lib/gcc/arm-none-eabi/4.9.3/armv7-m/crtbegin.o

.bss            0x1fff8188       0x50 load address 0x00001bd8
                0x1fff8188                PROVIDE (__bss_start__, .)
 *(.shbss)
 *(.bss .bss.* .gnu.linkonce.b.*)
 .bss           0x1fff8188       0x1c c:/program files (x86)/cypress/psoc creator/3.3/psoc creator/import/gnu/arm/4.9.3/bin/../lib/gcc/arm-none-eabi/4.9.3/armv7-m/crtbegin.o
 .bss           0x1fff81a4        0x1 .\CortexM3\ARM_GCC_493\Debug\TFT_with_emWin.a(I2CRTC.o)
                0x1fff81a4                I2CRTC_initVar
 .bss           0x1fff81a5        0x2 .\CortexM3\ARM_GCC_493\Debug\TFT_with_emWin.a(LCD_Char_1.o)
                0x1fff81a5                LCD_Char_1_enableState
                0x1fff81a6                LCD_Char_1_initVar
 *fill*         0x1fff81a7        0x1 
 .bss.__malloc_sbrk_start
                0x1fff81a8        0x4 c:/program files (x86)/cypress/psoc creator/3.3/psoc creator/import/gnu/arm/4.9.3/bin/../lib/gcc/arm-none-eabi/4.9.3/../../../../arm-none-eabi/lib/armv7-m\libg_nano.a(lib_a-nano-mallocr.o)
                0x1fff81a8                __malloc_sbrk_start
 .bss.__malloc_free_list
                0x1fff81ac        0x4 c:/program files (x86)/cypress/psoc creator/3.3/psoc creator/import/gnu/arm/4.9.3/bin/../lib/gcc/arm-none-eabi/4.9.3/../../../../arm-none-eabi/lib/armv7-m\libg_nano.a(lib_a-nano-mallocr.o)
                0x1fff81ac                __malloc_free_list
 *(COMMON)
 COMMON         0x1fff81b0        0xa .\CortexM3\ARM_GCC_493\Debug\ds3231.o
                0x1fff81b0                RTC_read_buff
 COMMON         0x1fff81ba        0x1 .\CortexM3\ARM_GCC_493\Debug\TFT_with_emWin.a(I2CRTC.o)
                0x1fff81ba                I2CRTC_state
 *fill*         0x1fff81bb        0x1 
 COMMON         0x1fff81bc       0x11 .\CortexM3\ARM_GCC_493\Debug\TFT_with_emWin.a(I2CRTC_MASTER.o)
                0x1fff81bc                I2CRTC_mstrWrBufPtr
                0x1fff81c0                I2CRTC_mstrWrBufIndex
                0x1fff81c4                I2CRTC_mstrRdBufPtr
                0x1fff81c8                I2CRTC_mstrWrBufSize
                0x1fff81c9                I2CRTC_mstrRdBufSize
                0x1fff81ca                I2CRTC_mstrRdBufIndex
                0x1fff81cb                I2CRTC_mstrControl
                0x1fff81cc                I2CRTC_mstrStatus
 *fill*         0x1fff81cd        0x3 
 COMMON         0x1fff81d0        0x4 c:/program files (x86)/cypress/psoc creator/3.3/psoc creator/import/gnu/arm/4.9.3/bin/../lib/gcc/arm-none-eabi/4.9.3/../../../../arm-none-eabi/lib/armv7-m\libg_nano.a(lib_a-reent.o)
                0x1fff81d0                errno
                0x1fff81d8                . = ALIGN (0x8)
 *fill*         0x1fff81d4        0x4 
 *(.ram.b)
                0x1fff81d8                _end = .
                0x1fff81d8                __end = .
                0x1fff81d8                PROVIDE (end, .)
                0x1fff81d8                PROVIDE (__bss_end__, .)
                0x00001b58                __cy_region_init_ram = LOADADDR (.data)
                0x00000080                __cy_region_init_size_ram = (_edata - ADDR (.data))
                0x00000050                __cy_region_zero_size_ram = (_end - _edata)

.heap           0x1fff81d8       0x80 load address 0x00001bd8
                0x1fff81d8                . = _end
                0x1fff8258                . = (. + 0x80)
 *fill*         0x1fff81d8       0x80 
                0x1fff8258                __cy_heap_limit = .

.stack          0x20007800      0x800
                0x20007800                __cy_stack_limit = .
                0x20008000                . = (. + 0x800)
 *fill*         0x20007800      0x800 
                0x00000001                ASSERT ((__cy_stack_limit >= __cy_heap_limit), region RAM overflowed with stack)
                0x00000000                cy_checksum_exclude_size = (CY_APPL_LOADABLE == 0x1)?SIZEOF (.cy_checksum_exclude):0x0
                0x00000001                ASSERT ((cy_checksum_exclude_size <= CY_CHECKSUM_EXCLUDE_SIZE), CY_BOOT: Section .cy_checksum_exclude size exceedes specified limit.)

.cyloadermeta
 *(.cyloadermeta)

.cyloadablemeta
 *(.cyloadablemeta)

.cyconfigecc    0x80000000      0x358
 *(.cyconfigecc)
 .cyconfigecc   0x80000000      0x358 .\CortexM3\ARM_GCC_493\Debug\cymetadata.o
                0x80000000                cy_meta_configecc

.cycustnvl      0x90000000        0x4
 *(.cycustnvl)
 .cycustnvl     0x90000000        0x4 .\CortexM3\ARM_GCC_493\Debug\cymetadata.o
                0x90000000                cy_meta_custnvl

.cywolatch      0x90100000        0x4
 *(.cywolatch)
 .cywolatch     0x90100000        0x4 .\CortexM3\ARM_GCC_493\Debug\cymetadata.o
                0x90100000                cy_meta_wonvl

.cyeeprom       0x90200000        0x0
 *(.cyeeprom)
                0x00000001                ASSERT ((. <= ((0x90200000 + ee_offset) + ee_size)), .cyeeprom data will not fit in EEPROM)

.cyflashprotect
                0x90400000      0x100
 *(.cyflashprotect)
 .cyflashprotect
                0x90400000      0x100 .\CortexM3\ARM_GCC_493\Debug\cymetadata.o
                0x90400000                cy_meta_flashprotect

.cymeta         0x90500000        0xc
 *(.cymeta)
 .cymeta        0x90500000        0xc .\CortexM3\ARM_GCC_493\Debug\cymetadata.o
                0x90500000                cy_metadata

.rel.dyn        0x00001bd8        0x0 load address 0x9050000c
 .rel.iplt      0x00000000        0x0 c:/program files (x86)/cypress/psoc creator/3.3/psoc creator/import/gnu/arm/4.9.3/bin/../lib/gcc/arm-none-eabi/4.9.3/armv7-m/crtbegin.o

.stab
 *(.stab)

.stabstr
 *(.stabstr)

.debug
 *(.debug)

.line
 *(.line)

.debug_srcinfo
 *(.debug_srcinfo)

.debug_sfnames
 *(.debug_sfnames)

.debug_aranges  0x00000000      0xbc8
 *(.debug_aranges)
 .debug_aranges
                0x00000000       0x50 .\CortexM3\ARM_GCC_493\Debug\main.o
 .debug_aranges
                0x00000050       0x48 .\CortexM3\ARM_GCC_493\Debug\tft.o
 .debug_aranges
                0x00000098       0x60 .\CortexM3\ARM_GCC_493\Debug\GUI_X.o
 .debug_aranges
                0x000000f8       0x20 .\CortexM3\ARM_GCC_493\Debug\GUIConf.o
 .debug_aranges
                0x00000118       0x30 .\CortexM3\ARM_GCC_493\Debug\LCDConf.o
 .debug_aranges
                0x00000148       0x28 .\CortexM3\ARM_GCC_493\Debug\start.o
 .debug_aranges
                0x00000170       0xd8 .\CortexM3\ARM_GCC_493\Debug\ds3231.o
 .debug_aranges
                0x00000248       0x18 .\CortexM3\ARM_GCC_493\Debug\cymetadata.o
 .debug_aranges
                0x00000260       0x48 .\CortexM3\ARM_GCC_493\Debug\Cm3Start.o
 .debug_aranges
                0x000002a8       0x58 .\CortexM3\ARM_GCC_493\Debug\TFT_with_emWin.a(cyfitter_cfg.o)
 .debug_aranges
                0x00000300       0xd8 .\CortexM3\ARM_GCC_493\Debug\TFT_with_emWin.a(SPIM_1.o)
 .debug_aranges
                0x000003d8       0x38 .\CortexM3\ARM_GCC_493\Debug\TFT_with_emWin.a(DC.o)
 .debug_aranges
                0x00000410       0x70 .\CortexM3\ARM_GCC_493\Debug\TFT_with_emWin.a(SPIM_1_IntClock.o)
 .debug_aranges
                0x00000480       0x20 .\CortexM3\ARM_GCC_493\Debug\TFT_with_emWin.a(CyBootAsmGnu.o)
 .debug_aranges
                0x000004a0      0x298 .\CortexM3\ARM_GCC_493\Debug\TFT_with_emWin.a(CyLib.o)
 .debug_aranges
                0x00000738       0x98 .\CortexM3\ARM_GCC_493\Debug\TFT_with_emWin.a(cyPm.o)
 .debug_aranges
                0x000007d0       0x38 .\CortexM3\ARM_GCC_493\Debug\TFT_with_emWin.a(FORWARD_BTN.o)
 .debug_aranges
                0x00000808       0x38 .\CortexM3\ARM_GCC_493\Debug\TFT_with_emWin.a(BACK_BTN.o)
 .debug_aranges
                0x00000840       0x38 .\CortexM3\ARM_GCC_493\Debug\TFT_with_emWin.a(I2CRTC.o)
 .debug_aranges
                0x00000878       0x20 .\CortexM3\ARM_GCC_493\Debug\TFT_with_emWin.a(I2CRTC_INT.o)
 .debug_aranges
                0x00000898       0x38 .\CortexM3\ARM_GCC_493\Debug\TFT_with_emWin.a(I2CRTC_PM.o)
 .debug_aranges
                0x000008d0       0x80 .\CortexM3\ARM_GCC_493\Debug\TFT_with_emWin.a(I2CRTC_MASTER.o)
 .debug_aranges
                0x00000950       0x98 .\CortexM3\ARM_GCC_493\Debug\TFT_with_emWin.a(LCD_Char_1.o)
 .debug_aranges
                0x000009e8       0x20 .\CortexM3\ARM_GCC_493\Debug\TFT_with_emWin.a(LCD_Char_1_CustChars.o)
 .debug_aranges
                0x00000a08       0x48 .\CortexM3\ARM_GCC_493\Debug\TFT_with_emWin.a(RTC_PIN_INT.o)
 .debug_aranges
                0x00000a50       0x80 .\CortexM3\ARM_GCC_493\Debug\TFT_with_emWin.a(tick_isr.o)
 .debug_aranges
                0x00000ad0       0x80 .\CortexM3\ARM_GCC_493\Debug\TFT_with_emWin.a(CyFlash.o)
 .debug_aranges
                0x00000b50       0x78 .\CortexM3\ARM_GCC_493\Debug\TFT_with_emWin.a(CySpc.o)

.debug_pubnames
 *(.debug_pubnames)

.debug_info     0x00000000     0x8890
 *(.debug_info .gnu.linkonce.wi.*)
 .debug_info    0x00000000      0xd88 .\CortexM3\ARM_GCC_493\Debug\main.o
 .debug_info    0x00000d88      0x319 .\CortexM3\ARM_GCC_493\Debug\tft.o
 .debug_info    0x000010a1      0x2a7 .\CortexM3\ARM_GCC_493\Debug\GUI_X.o
 .debug_info    0x00001348      0x640 .\CortexM3\ARM_GCC_493\Debug\GUIConf.o
 .debug_info    0x00001988      0x980 .\CortexM3\ARM_GCC_493\Debug\LCDConf.o
 .debug_info    0x00002308      0x203 .\CortexM3\ARM_GCC_493\Debug\start.o
 .debug_info    0x0000250b      0xd56 .\CortexM3\ARM_GCC_493\Debug\ds3231.o
 .debug_info    0x00003261      0x13a .\CortexM3\ARM_GCC_493\Debug\cymetadata.o
 .debug_info    0x0000339b      0x3a3 .\CortexM3\ARM_GCC_493\Debug\Cm3Start.o
 .debug_info    0x0000373e      0x5e5 .\CortexM3\ARM_GCC_493\Debug\TFT_with_emWin.a(cyfitter_cfg.o)
 .debug_info    0x00003d23      0x4b1 .\CortexM3\ARM_GCC_493\Debug\TFT_with_emWin.a(SPIM_1.o)
 .debug_info    0x000041d4      0x11e .\CortexM3\ARM_GCC_493\Debug\TFT_with_emWin.a(DC.o)
 .debug_info    0x000042f2      0x281 .\CortexM3\ARM_GCC_493\Debug\TFT_with_emWin.a(SPIM_1_IntClock.o)
 .debug_info    0x00004573       0xe9 .\CortexM3\ARM_GCC_493\Debug\TFT_with_emWin.a(CyBootAsmGnu.o)
 .debug_info    0x0000465c     0x136c .\CortexM3\ARM_GCC_493\Debug\TFT_with_emWin.a(CyLib.o)
 .debug_info    0x000059c8      0xa55 .\CortexM3\ARM_GCC_493\Debug\TFT_with_emWin.a(cyPm.o)
 .debug_info    0x0000641d      0x11e .\CortexM3\ARM_GCC_493\Debug\TFT_with_emWin.a(FORWARD_BTN.o)
 .debug_info    0x0000653b      0x11e .\CortexM3\ARM_GCC_493\Debug\TFT_with_emWin.a(BACK_BTN.o)
 .debug_info    0x00006659      0x2d8 .\CortexM3\ARM_GCC_493\Debug\TFT_with_emWin.a(I2CRTC.o)
 .debug_info    0x00006931      0x17d .\CortexM3\ARM_GCC_493\Debug\TFT_with_emWin.a(I2CRTC_INT.o)
 .debug_info    0x00006aae      0x1fb .\CortexM3\ARM_GCC_493\Debug\TFT_with_emWin.a(I2CRTC_PM.o)
 .debug_info    0x00006ca9      0x3fe .\CortexM3\ARM_GCC_493\Debug\TFT_with_emWin.a(I2CRTC_MASTER.o)
 .debug_info    0x000070a7      0x75f .\CortexM3\ARM_GCC_493\Debug\TFT_with_emWin.a(LCD_Char_1.o)
 .debug_info    0x00007806      0x15c .\CortexM3\ARM_GCC_493\Debug\TFT_with_emWin.a(LCD_Char_1_CustChars.o)
 .debug_info    0x00007962      0x170 .\CortexM3\ARM_GCC_493\Debug\TFT_with_emWin.a(RTC_PIN_INT.o)
 .debug_info    0x00007ad2      0x2c9 .\CortexM3\ARM_GCC_493\Debug\TFT_with_emWin.a(tick_isr.o)
 .debug_info    0x00007d9b      0x608 .\CortexM3\ARM_GCC_493\Debug\TFT_with_emWin.a(CyFlash.o)
 .debug_info    0x000083a3      0x4ed .\CortexM3\ARM_GCC_493\Debug\TFT_with_emWin.a(CySpc.o)

.debug_abbrev   0x00000000     0x2808
 *(.debug_abbrev)
 .debug_abbrev  0x00000000      0x2ff .\CortexM3\ARM_GCC_493\Debug\main.o
 .debug_abbrev  0x000002ff      0x144 .\CortexM3\ARM_GCC_493\Debug\tft.o
 .debug_abbrev  0x00000443      0x16c .\CortexM3\ARM_GCC_493\Debug\GUI_X.o
 .debug_abbrev  0x000005af      0x19d .\CortexM3\ARM_GCC_493\Debug\GUIConf.o
 .debug_abbrev  0x0000074c      0x238 .\CortexM3\ARM_GCC_493\Debug\LCDConf.o
 .debug_abbrev  0x00000984      0x117 .\CortexM3\ARM_GCC_493\Debug\start.o
 .debug_abbrev  0x00000a9b      0x2a8 .\CortexM3\ARM_GCC_493\Debug\ds3231.o
 .debug_abbrev  0x00000d43       0x66 .\CortexM3\ARM_GCC_493\Debug\cymetadata.o
 .debug_abbrev  0x00000da9      0x20f .\CortexM3\ARM_GCC_493\Debug\Cm3Start.o
 .debug_abbrev  0x00000fb8      0x212 .\CortexM3\ARM_GCC_493\Debug\TFT_with_emWin.a(cyfitter_cfg.o)
 .debug_abbrev  0x000011ca      0x180 .\CortexM3\ARM_GCC_493\Debug\TFT_with_emWin.a(SPIM_1.o)
 .debug_abbrev  0x0000134a       0x9d .\CortexM3\ARM_GCC_493\Debug\TFT_with_emWin.a(DC.o)
 .debug_abbrev  0x000013e7      0x146 .\CortexM3\ARM_GCC_493\Debug\TFT_with_emWin.a(SPIM_1_IntClock.o)
 .debug_abbrev  0x0000152d       0x14 .\CortexM3\ARM_GCC_493\Debug\TFT_with_emWin.a(CyBootAsmGnu.o)
 .debug_abbrev  0x00001541      0x296 .\CortexM3\ARM_GCC_493\Debug\TFT_with_emWin.a(CyLib.o)
 .debug_abbrev  0x000017d7      0x1fa .\CortexM3\ARM_GCC_493\Debug\TFT_with_emWin.a(cyPm.o)
 .debug_abbrev  0x000019d1       0x9d .\CortexM3\ARM_GCC_493\Debug\TFT_with_emWin.a(FORWARD_BTN.o)
 .debug_abbrev  0x00001a6e       0x9d .\CortexM3\ARM_GCC_493\Debug\TFT_with_emWin.a(BACK_BTN.o)
 .debug_abbrev  0x00001b0b      0x15c .\CortexM3\ARM_GCC_493\Debug\TFT_with_emWin.a(I2CRTC.o)
 .debug_abbrev  0x00001c67       0xca .\CortexM3\ARM_GCC_493\Debug\TFT_with_emWin.a(I2CRTC_INT.o)
 .debug_abbrev  0x00001d31      0x12b .\CortexM3\ARM_GCC_493\Debug\TFT_with_emWin.a(I2CRTC_PM.o)
 .debug_abbrev  0x00001e5c      0x149 .\CortexM3\ARM_GCC_493\Debug\TFT_with_emWin.a(I2CRTC_MASTER.o)
 .debug_abbrev  0x00001fa5      0x17e .\CortexM3\ARM_GCC_493\Debug\TFT_with_emWin.a(LCD_Char_1.o)
 .debug_abbrev  0x00002123      0x10d .\CortexM3\ARM_GCC_493\Debug\TFT_with_emWin.a(LCD_Char_1_CustChars.o)
 .debug_abbrev  0x00002230       0xac .\CortexM3\ARM_GCC_493\Debug\TFT_with_emWin.a(RTC_PIN_INT.o)
 .debug_abbrev  0x000022dc      0x180 .\CortexM3\ARM_GCC_493\Debug\TFT_with_emWin.a(tick_isr.o)
 .debug_abbrev  0x0000245c      0x1de .\CortexM3\ARM_GCC_493\Debug\TFT_with_emWin.a(CyFlash.o)
 .debug_abbrev  0x0000263a      0x1ce .\CortexM3\ARM_GCC_493\Debug\TFT_with_emWin.a(CySpc.o)

.debug_line     0x00000000     0x3336
 *(.debug_line)
 .debug_line    0x00000000      0x2fc .\CortexM3\ARM_GCC_493\Debug\main.o
 .debug_line    0x000002fc      0x206 .\CortexM3\ARM_GCC_493\Debug\tft.o
 .debug_line    0x00000502      0x215 .\CortexM3\ARM_GCC_493\Debug\GUI_X.o
 .debug_line    0x00000717       0x84 .\CortexM3\ARM_GCC_493\Debug\GUIConf.o
 .debug_line    0x0000079b      0x203 .\CortexM3\ARM_GCC_493\Debug\LCDConf.o
 .debug_line    0x0000099e      0x1e9 .\CortexM3\ARM_GCC_493\Debug\start.o
 .debug_line    0x00000b87      0x41a .\CortexM3\ARM_GCC_493\Debug\ds3231.o
 .debug_line    0x00000fa1       0x53 .\CortexM3\ARM_GCC_493\Debug\cymetadata.o
 .debug_line    0x00000ff4      0x249 .\CortexM3\ARM_GCC_493\Debug\Cm3Start.o
 .debug_line    0x0000123d      0x1fc .\CortexM3\ARM_GCC_493\Debug\TFT_with_emWin.a(cyfitter_cfg.o)
 .debug_line    0x00001439      0x249 .\CortexM3\ARM_GCC_493\Debug\TFT_with_emWin.a(SPIM_1.o)
 .debug_line    0x00001682       0x91 .\CortexM3\ARM_GCC_493\Debug\TFT_with_emWin.a(DC.o)
 .debug_line    0x00001713      0x197 .\CortexM3\ARM_GCC_493\Debug\TFT_with_emWin.a(SPIM_1_IntClock.o)
 .debug_line    0x000018aa       0x68 .\CortexM3\ARM_GCC_493\Debug\TFT_with_emWin.a(CyBootAsmGnu.o)
 .debug_line    0x00001912      0x806 .\CortexM3\ARM_GCC_493\Debug\TFT_with_emWin.a(CyLib.o)
 .debug_line    0x00002118      0x366 .\CortexM3\ARM_GCC_493\Debug\TFT_with_emWin.a(cyPm.o)
 .debug_line    0x0000247e       0x9a .\CortexM3\ARM_GCC_493\Debug\TFT_with_emWin.a(FORWARD_BTN.o)
 .debug_line    0x00002518       0x97 .\CortexM3\ARM_GCC_493\Debug\TFT_with_emWin.a(BACK_BTN.o)
 .debug_line    0x000025af       0xe4 .\CortexM3\ARM_GCC_493\Debug\TFT_with_emWin.a(I2CRTC.o)
 .debug_line    0x00002693      0x11c .\CortexM3\ARM_GCC_493\Debug\TFT_with_emWin.a(I2CRTC_INT.o)
 .debug_line    0x000027af       0xc3 .\CortexM3\ARM_GCC_493\Debug\TFT_with_emWin.a(I2CRTC_PM.o)
 .debug_line    0x00002872      0x205 .\CortexM3\ARM_GCC_493\Debug\TFT_with_emWin.a(I2CRTC_MASTER.o)
 .debug_line    0x00002a77      0x1f6 .\CortexM3\ARM_GCC_493\Debug\TFT_with_emWin.a(LCD_Char_1.o)
 .debug_line    0x00002c6d       0x93 .\CortexM3\ARM_GCC_493\Debug\TFT_with_emWin.a(LCD_Char_1_CustChars.o)
 .debug_line    0x00002d00       0xbe .\CortexM3\ARM_GCC_493\Debug\TFT_with_emWin.a(RTC_PIN_INT.o)
 .debug_line    0x00002dbe      0x14e .\CortexM3\ARM_GCC_493\Debug\TFT_with_emWin.a(tick_isr.o)
 .debug_line    0x00002f0c      0x1ec .\CortexM3\ARM_GCC_493\Debug\TFT_with_emWin.a(CyFlash.o)
 .debug_line    0x000030f8      0x23e .\CortexM3\ARM_GCC_493\Debug\TFT_with_emWin.a(CySpc.o)

.debug_frame    0x00000000     0x20cc
 *(.debug_frame)
 .debug_frame   0x00000000       0xdc .\CortexM3\ARM_GCC_493\Debug\main.o
 .debug_frame   0x000000dc       0xa4 .\CortexM3\ARM_GCC_493\Debug\tft.o
 .debug_frame   0x00000180       0xb8 .\CortexM3\ARM_GCC_493\Debug\GUI_X.o
 .debug_frame   0x00000238       0x2c .\CortexM3\ARM_GCC_493\Debug\GUIConf.o
 .debug_frame   0x00000264       0x70 .\CortexM3\ARM_GCC_493\Debug\LCDConf.o
 .debug_frame   0x000002d4       0x48 .\CortexM3\ARM_GCC_493\Debug\start.o
 .debug_frame   0x0000031c      0x2c0 .\CortexM3\ARM_GCC_493\Debug\ds3231.o
 .debug_frame   0x000005dc       0xac .\CortexM3\ARM_GCC_493\Debug\Cm3Start.o
 .debug_frame   0x00000688       0xe4 .\CortexM3\ARM_GCC_493\Debug\TFT_with_emWin.a(cyfitter_cfg.o)
 .debug_frame   0x0000076c      0x1e8 .\CortexM3\ARM_GCC_493\Debug\TFT_with_emWin.a(SPIM_1.o)
 .debug_frame   0x00000954       0x50 .\CortexM3\ARM_GCC_493\Debug\TFT_with_emWin.a(DC.o)
 .debug_frame   0x000009a4       0xe0 .\CortexM3\ARM_GCC_493\Debug\TFT_with_emWin.a(SPIM_1_IntClock.o)
 .debug_frame   0x00000a84      0x728 .\CortexM3\ARM_GCC_493\Debug\TFT_with_emWin.a(CyLib.o)
 .debug_frame   0x000011ac      0x1f8 .\CortexM3\ARM_GCC_493\Debug\TFT_with_emWin.a(cyPm.o)
 .debug_frame   0x000013a4       0x50 .\CortexM3\ARM_GCC_493\Debug\TFT_with_emWin.a(FORWARD_BTN.o)
 .debug_frame   0x000013f4       0x50 .\CortexM3\ARM_GCC_493\Debug\TFT_with_emWin.a(BACK_BTN.o)
 .debug_frame   0x00001444       0x94 .\CortexM3\ARM_GCC_493\Debug\TFT_with_emWin.a(I2CRTC.o)
 .debug_frame   0x000014d8       0x30 .\CortexM3\ARM_GCC_493\Debug\TFT_with_emWin.a(I2CRTC_INT.o)
 .debug_frame   0x00001508       0x74 .\CortexM3\ARM_GCC_493\Debug\TFT_with_emWin.a(I2CRTC_PM.o)
 .debug_frame   0x0000157c      0x138 .\CortexM3\ARM_GCC_493\Debug\TFT_with_emWin.a(I2CRTC_MASTER.o)
 .debug_frame   0x000016b4      0x1e4 .\CortexM3\ARM_GCC_493\Debug\TFT_with_emWin.a(LCD_Char_1.o)
 .debug_frame   0x00001898       0x30 .\CortexM3\ARM_GCC_493\Debug\TFT_with_emWin.a(LCD_Char_1_CustChars.o)
 .debug_frame   0x000018c8       0x70 .\CortexM3\ARM_GCC_493\Debug\TFT_with_emWin.a(RTC_PIN_INT.o)
 .debug_frame   0x00001938      0x104 .\CortexM3\ARM_GCC_493\Debug\TFT_with_emWin.a(tick_isr.o)
 .debug_frame   0x00001a3c      0x174 .\CortexM3\ARM_GCC_493\Debug\TFT_with_emWin.a(CyFlash.o)
 .debug_frame   0x00001bb0      0x160 .\CortexM3\ARM_GCC_493\Debug\TFT_with_emWin.a(CySpc.o)
 .debug_frame   0x00001d10       0x20 c:/program files (x86)/cypress/psoc creator/3.3/psoc creator/import/gnu/arm/4.9.3/bin/../lib/gcc/arm-none-eabi/4.9.3/../../../../arm-none-eabi/lib/armv7-m\libg_nano.a(lib_a-errno.o)
 .debug_frame   0x00001d30       0x28 c:/program files (x86)/cypress/psoc creator/3.3/psoc creator/import/gnu/arm/4.9.3/bin/../lib/gcc/arm-none-eabi/4.9.3/../../../../arm-none-eabi/lib/armv7-m\libg_nano.a(lib_a-exit.o)
 .debug_frame   0x00001d58       0x2c c:/program files (x86)/cypress/psoc creator/3.3/psoc creator/import/gnu/arm/4.9.3/bin/../lib/gcc/arm-none-eabi/4.9.3/../../../../arm-none-eabi/lib/armv7-m\libg_nano.a(lib_a-init.o)
 .debug_frame   0x00001d84       0x28 c:/program files (x86)/cypress/psoc creator/3.3/psoc creator/import/gnu/arm/4.9.3/bin/../lib/gcc/arm-none-eabi/4.9.3/../../../../arm-none-eabi/lib/armv7-m\libg_nano.a(lib_a-memcpy.o)
 .debug_frame   0x00001dac       0x28 c:/program files (x86)/cypress/psoc creator/3.3/psoc creator/import/gnu/arm/4.9.3/bin/../lib/gcc/arm-none-eabi/4.9.3/../../../../arm-none-eabi/lib/armv7-m\libg_nano.a(lib_a-memmove.o)
 .debug_frame   0x00001dd4       0x20 c:/program files (x86)/cypress/psoc creator/3.3/psoc creator/import/gnu/arm/4.9.3/bin/../lib/gcc/arm-none-eabi/4.9.3/../../../../arm-none-eabi/lib/armv7-m\libg_nano.a(lib_a-memset.o)
 .debug_frame   0x00001df4       0x70 c:/program files (x86)/cypress/psoc creator/3.3/psoc creator/import/gnu/arm/4.9.3/bin/../lib/gcc/arm-none-eabi/4.9.3/../../../../arm-none-eabi/lib/armv7-m\libg_nano.a(lib_a-sprintf.o)
 .debug_frame   0x00001e64       0x20 c:/program files (x86)/cypress/psoc creator/3.3/psoc creator/import/gnu/arm/4.9.3/bin/../lib/gcc/arm-none-eabi/4.9.3/../../../../arm-none-eabi/lib/armv7-m\libg_nano.a(lib_a-strcpy.o)
 .debug_frame   0x00001e84       0x8c c:/program files (x86)/cypress/psoc creator/3.3/psoc creator/import/gnu/arm/4.9.3/bin/../lib/gcc/arm-none-eabi/4.9.3/../../../../arm-none-eabi/lib/armv7-m\libg_nano.a(lib_a-nano-svfprintf.o)
 .debug_frame   0x00001f10       0x58 c:/program files (x86)/cypress/psoc creator/3.3/psoc creator/import/gnu/arm/4.9.3/bin/../lib/gcc/arm-none-eabi/4.9.3/../../../../arm-none-eabi/lib/armv7-m\libg_nano.a(lib_a-nano-vfprintf_i.o)
 .debug_frame   0x00001f68       0x28 c:/program files (x86)/cypress/psoc creator/3.3/psoc creator/import/gnu/arm/4.9.3/bin/../lib/gcc/arm-none-eabi/4.9.3/../../../../arm-none-eabi/lib/armv7-m\libg_nano.a(lib_a-memchr.o)
 .debug_frame   0x00001f90       0x2c c:/program files (x86)/cypress/psoc creator/3.3/psoc creator/import/gnu/arm/4.9.3/bin/../lib/gcc/arm-none-eabi/4.9.3/../../../../arm-none-eabi/lib/armv7-m\libg_nano.a(lib_a-nano-freer.o)
 .debug_frame   0x00001fbc       0x2c c:/program files (x86)/cypress/psoc creator/3.3/psoc creator/import/gnu/arm/4.9.3/bin/../lib/gcc/arm-none-eabi/4.9.3/../../../../arm-none-eabi/lib/armv7-m\libg_nano.a(lib_a-nano-mallocr.o)
 .debug_frame   0x00001fe8       0x3c c:/program files (x86)/cypress/psoc creator/3.3/psoc creator/import/gnu/arm/4.9.3/bin/../lib/gcc/arm-none-eabi/4.9.3/../../../../arm-none-eabi/lib/armv7-m\libg_nano.a(lib_a-nano-reallocr.o)
 .debug_frame   0x00002024       0x2c c:/program files (x86)/cypress/psoc creator/3.3/psoc creator/import/gnu/arm/4.9.3/bin/../lib/gcc/arm-none-eabi/4.9.3/../../../../arm-none-eabi/lib/armv7-m\libg_nano.a(lib_a-sbrkr.o)
 .debug_frame   0x00002050       0x20 c:/program files (x86)/cypress/psoc creator/3.3/psoc creator/import/gnu/arm/4.9.3/bin/../lib/gcc/arm-none-eabi/4.9.3/../../../../arm-none-eabi/lib/armv7-m\libg_nano.a(lib_a-nano-msizer.o)
 .debug_frame   0x00002070       0x5c c:/program files (x86)/cypress/psoc creator/3.3/psoc creator/import/gnu/arm/4.9.3/bin/../lib/gcc/arm-none-eabi/4.9.3/../../../../arm-none-eabi/lib/armv7-m\libg_nano.a(lib_a-reent.o)

.debug_str      0x00000000     0x2aba
 *(.debug_str)
 .debug_str     0x00000000      0x606 .\CortexM3\ARM_GCC_493\Debug\main.o
                                0x670 (size before relaxing)
 .debug_str     0x00000606       0x73 .\CortexM3\ARM_GCC_493\Debug\tft.o
                                0x278 (size before relaxing)
 .debug_str     0x00000679       0xf4 .\CortexM3\ARM_GCC_493\Debug\GUI_X.o
                                0x2ef (size before relaxing)
 .debug_str     0x0000076d       0x57 .\CortexM3\ARM_GCC_493\Debug\GUIConf.o
                                0x434 (size before relaxing)
 .debug_str     0x000007c4      0x46a .\CortexM3\ARM_GCC_493\Debug\LCDConf.o
                                0x671 (size before relaxing)
 .debug_str     0x00000c2e       0x43 .\CortexM3\ARM_GCC_493\Debug\start.o
                                0x280 (size before relaxing)
 .debug_str     0x00000c71      0x207 .\CortexM3\ARM_GCC_493\Debug\ds3231.o
                                0x4b1 (size before relaxing)
 .debug_str     0x00000e78       0x77 .\CortexM3\ARM_GCC_493\Debug\cymetadata.o
                                0x243 (size before relaxing)
 .debug_str     0x00000eef      0x14c .\CortexM3\ARM_GCC_493\Debug\Cm3Start.o
                                0x357 (size before relaxing)
 .debug_str     0x0000103b      0x184 .\CortexM3\ARM_GCC_493\Debug\TFT_with_emWin.a(cyfitter_cfg.o)
                                0x391 (size before relaxing)
 .debug_str     0x000011bf      0x298 .\CortexM3\ARM_GCC_493\Debug\TFT_with_emWin.a(SPIM_1.o)
                                0x495 (size before relaxing)
 .debug_str     0x00001457       0x55 .\CortexM3\ARM_GCC_493\Debug\TFT_with_emWin.a(DC.o)
                                0x22c (size before relaxing)
 .debug_str     0x000014ac      0x199 .\CortexM3\ARM_GCC_493\Debug\TFT_with_emWin.a(SPIM_1_IntClock.o)
                                0x3a7 (size before relaxing)
 .debug_str     0x00001645      0x7a9 .\CortexM3\ARM_GCC_493\Debug\TFT_with_emWin.a(CyLib.o)
                                0xa7c (size before relaxing)
 .debug_str     0x00001dee      0x35b .\CortexM3\ARM_GCC_493\Debug\TFT_with_emWin.a(cyPm.o)
                                0x774 (size before relaxing)
 .debug_str     0x00002149       0x6a .\CortexM3\ARM_GCC_493\Debug\TFT_with_emWin.a(FORWARD_BTN.o)
                                0x259 (size before relaxing)
 .debug_str     0x000021b3       0x5e .\CortexM3\ARM_GCC_493\Debug\TFT_with_emWin.a(BACK_BTN.o)
                                0x24a (size before relaxing)
 .debug_str     0x00002211       0xeb .\CortexM3\ARM_GCC_493\Debug\TFT_with_emWin.a(I2CRTC.o)
                                0x35f (size before relaxing)
 .debug_str     0x000022fc       0x9d .\CortexM3\ARM_GCC_493\Debug\TFT_with_emWin.a(I2CRTC_INT.o)
                                0x2cd (size before relaxing)
 .debug_str     0x00002399       0x67 .\CortexM3\ARM_GCC_493\Debug\TFT_with_emWin.a(I2CRTC_PM.o)
                                0x2e5 (size before relaxing)
 .debug_str     0x00002400       0xe6 .\CortexM3\ARM_GCC_493\Debug\TFT_with_emWin.a(I2CRTC_MASTER.o)
                                0x436 (size before relaxing)
 .debug_str     0x000024e6      0x1c8 .\CortexM3\ARM_GCC_493\Debug\TFT_with_emWin.a(LCD_Char_1.o)
                                0x436 (size before relaxing)
 .debug_str     0x000026ae       0x3b .\CortexM3\ARM_GCC_493\Debug\TFT_with_emWin.a(LCD_Char_1_CustChars.o)
                                0x281 (size before relaxing)
 .debug_str     0x000026e9       0xa1 .\CortexM3\ARM_GCC_493\Debug\TFT_with_emWin.a(RTC_PIN_INT.o)
                                0x2a1 (size before relaxing)
 .debug_str     0x0000278a       0xeb .\CortexM3\ARM_GCC_493\Debug\TFT_with_emWin.a(tick_isr.o)
                                0x31d (size before relaxing)
 .debug_str     0x00002875      0x197 .\CortexM3\ARM_GCC_493\Debug\TFT_with_emWin.a(CyFlash.o)
                                0x3ee (size before relaxing)
 .debug_str     0x00002a0c       0xae .\CortexM3\ARM_GCC_493\Debug\TFT_with_emWin.a(CySpc.o)
                                0x377 (size before relaxing)

.debug_loc      0x00000000     0x2e8f
 *(.debug_loc)
 .debug_loc     0x00000000       0x60 .\CortexM3\ARM_GCC_493\Debug\main.o
 .debug_loc     0x00000060       0x9d .\CortexM3\ARM_GCC_493\Debug\tft.o
 .debug_loc     0x000000fd       0x40 .\CortexM3\ARM_GCC_493\Debug\GUI_X.o
 .debug_loc     0x0000013d       0xb0 .\CortexM3\ARM_GCC_493\Debug\LCDConf.o
 .debug_loc     0x000001ed      0x668 .\CortexM3\ARM_GCC_493\Debug\ds3231.o
 .debug_loc     0x00000855      0x144 .\CortexM3\ARM_GCC_493\Debug\Cm3Start.o
 .debug_loc     0x00000999      0x259 .\CortexM3\ARM_GCC_493\Debug\TFT_with_emWin.a(cyfitter_cfg.o)
 .debug_loc     0x00000bf2       0xfe .\CortexM3\ARM_GCC_493\Debug\TFT_with_emWin.a(SPIM_1.o)
 .debug_loc     0x00000cf0       0x42 .\CortexM3\ARM_GCC_493\Debug\TFT_with_emWin.a(DC.o)
 .debug_loc     0x00000d32      0x12c .\CortexM3\ARM_GCC_493\Debug\TFT_with_emWin.a(SPIM_1_IntClock.o)
 .debug_loc     0x00000e5e      0xa11 .\CortexM3\ARM_GCC_493\Debug\TFT_with_emWin.a(CyLib.o)
 .debug_loc     0x0000186f      0x1e4 .\CortexM3\ARM_GCC_493\Debug\TFT_with_emWin.a(cyPm.o)
 .debug_loc     0x00001a53       0x42 .\CortexM3\ARM_GCC_493\Debug\TFT_with_emWin.a(FORWARD_BTN.o)
 .debug_loc     0x00001a95       0x42 .\CortexM3\ARM_GCC_493\Debug\TFT_with_emWin.a(BACK_BTN.o)
 .debug_loc     0x00001ad7       0x39 .\CortexM3\ARM_GCC_493\Debug\TFT_with_emWin.a(I2CRTC.o)
 .debug_loc     0x00001b10       0x29 .\CortexM3\ARM_GCC_493\Debug\TFT_with_emWin.a(I2CRTC_INT.o)
 .debug_loc     0x00001b39       0x13 .\CortexM3\ARM_GCC_493\Debug\TFT_with_emWin.a(I2CRTC_PM.o)
 .debug_loc     0x00001b4c      0x52f .\CortexM3\ARM_GCC_493\Debug\TFT_with_emWin.a(I2CRTC_MASTER.o)
 .debug_loc     0x0000207b      0x3c6 .\CortexM3\ARM_GCC_493\Debug\TFT_with_emWin.a(LCD_Char_1.o)
 .debug_loc     0x00002441       0x48 .\CortexM3\ARM_GCC_493\Debug\TFT_with_emWin.a(LCD_Char_1_CustChars.o)
 .debug_loc     0x00002489       0x63 .\CortexM3\ARM_GCC_493\Debug\TFT_with_emWin.a(RTC_PIN_INT.o)
 .debug_loc     0x000024ec       0x56 .\CortexM3\ARM_GCC_493\Debug\TFT_with_emWin.a(tick_isr.o)
 .debug_loc     0x00002542      0x300 .\CortexM3\ARM_GCC_493\Debug\TFT_with_emWin.a(CyFlash.o)
 .debug_loc     0x00002842      0x64d .\CortexM3\ARM_GCC_493\Debug\TFT_with_emWin.a(CySpc.o)

.debug_macinfo
 *(.debug_macinfo)

.debug_ranges   0x00000000      0x9f0
 *(.debug_ranges)
 .debug_ranges  0x00000000       0x40 .\CortexM3\ARM_GCC_493\Debug\main.o
 .debug_ranges  0x00000040       0x38 .\CortexM3\ARM_GCC_493\Debug\tft.o
 .debug_ranges  0x00000078       0x50 .\CortexM3\ARM_GCC_493\Debug\GUI_X.o
 .debug_ranges  0x000000c8       0x10 .\CortexM3\ARM_GCC_493\Debug\GUIConf.o
 .debug_ranges  0x000000d8       0x20 .\CortexM3\ARM_GCC_493\Debug\LCDConf.o
 .debug_ranges  0x000000f8       0x18 .\CortexM3\ARM_GCC_493\Debug\start.o
 .debug_ranges  0x00000110       0xc8 .\CortexM3\ARM_GCC_493\Debug\ds3231.o
 .debug_ranges  0x000001d8       0x38 .\CortexM3\ARM_GCC_493\Debug\Cm3Start.o
 .debug_ranges  0x00000210       0x48 .\CortexM3\ARM_GCC_493\Debug\TFT_with_emWin.a(cyfitter_cfg.o)
 .debug_ranges  0x00000258       0xc8 .\CortexM3\ARM_GCC_493\Debug\TFT_with_emWin.a(SPIM_1.o)
 .debug_ranges  0x00000320       0x28 .\CortexM3\ARM_GCC_493\Debug\TFT_with_emWin.a(DC.o)
 .debug_ranges  0x00000348       0x60 .\CortexM3\ARM_GCC_493\Debug\TFT_with_emWin.a(SPIM_1_IntClock.o)
 .debug_ranges  0x000003a8      0x288 .\CortexM3\ARM_GCC_493\Debug\TFT_with_emWin.a(CyLib.o)
 .debug_ranges  0x00000630       0x88 .\CortexM3\ARM_GCC_493\Debug\TFT_with_emWin.a(cyPm.o)
 .debug_ranges  0x000006b8       0x28 .\CortexM3\ARM_GCC_493\Debug\TFT_with_emWin.a(FORWARD_BTN.o)
 .debug_ranges  0x000006e0       0x28 .\CortexM3\ARM_GCC_493\Debug\TFT_with_emWin.a(BACK_BTN.o)
 .debug_ranges  0x00000708       0x28 .\CortexM3\ARM_GCC_493\Debug\TFT_with_emWin.a(I2CRTC.o)
 .debug_ranges  0x00000730       0x10 .\CortexM3\ARM_GCC_493\Debug\TFT_with_emWin.a(I2CRTC_INT.o)
 .debug_ranges  0x00000740       0x28 .\CortexM3\ARM_GCC_493\Debug\TFT_with_emWin.a(I2CRTC_PM.o)
 .debug_ranges  0x00000768       0x70 .\CortexM3\ARM_GCC_493\Debug\TFT_with_emWin.a(I2CRTC_MASTER.o)
 .debug_ranges  0x000007d8       0x88 .\CortexM3\ARM_GCC_493\Debug\TFT_with_emWin.a(LCD_Char_1.o)
 .debug_ranges  0x00000860       0x10 .\CortexM3\ARM_GCC_493\Debug\TFT_with_emWin.a(LCD_Char_1_CustChars.o)
 .debug_ranges  0x00000870       0x38 .\CortexM3\ARM_GCC_493\Debug\TFT_with_emWin.a(RTC_PIN_INT.o)
 .debug_ranges  0x000008a8       0x70 .\CortexM3\ARM_GCC_493\Debug\TFT_with_emWin.a(tick_isr.o)
 .debug_ranges  0x00000918       0x70 .\CortexM3\ARM_GCC_493\Debug\TFT_with_emWin.a(CyFlash.o)
 .debug_ranges  0x00000988       0x68 .\CortexM3\ARM_GCC_493\Debug\TFT_with_emWin.a(CySpc.o)

.comment        0x00000000       0xde
 .comment       0x00000000       0x70 .\CortexM3\ARM_GCC_493\Debug\main.o
                                 0x71 (size before relaxing)
 .comment       0x00000000       0x71 .\CortexM3\ARM_GCC_493\Debug\tft.o
 .comment       0x00000000       0x71 .\CortexM3\ARM_GCC_493\Debug\GUI_X.o
 .comment       0x00000000       0x71 .\CortexM3\ARM_GCC_493\Debug\GUIConf.o
 .comment       0x00000000       0x71 .\CortexM3\ARM_GCC_493\Debug\LCDConf.o
 .comment       0x00000000       0x71 .\CortexM3\ARM_GCC_493\Debug\start.o
 .comment       0x00000000       0x71 .\CortexM3\ARM_GCC_493\Debug\ds3231.o
 .comment       0x00000000       0x71 .\CortexM3\ARM_GCC_493\Debug\cymetadata.o
 .comment       0x00000000       0x71 .\CortexM3\ARM_GCC_493\Debug\Cm3Start.o
 .comment       0x00000000       0x71 .\CortexM3\ARM_GCC_493\Debug\TFT_with_emWin.a(cyfitter_cfg.o)
 .comment       0x00000000       0x71 .\CortexM3\ARM_GCC_493\Debug\TFT_with_emWin.a(SPIM_1.o)
 .comment       0x00000000       0x71 .\CortexM3\ARM_GCC_493\Debug\TFT_with_emWin.a(DC.o)
 .comment       0x00000000       0x71 .\CortexM3\ARM_GCC_493\Debug\TFT_with_emWin.a(SPIM_1_IntClock.o)
 .comment       0x00000000       0x71 .\CortexM3\ARM_GCC_493\Debug\TFT_with_emWin.a(CyLib.o)
 .comment       0x00000000       0x71 .\CortexM3\ARM_GCC_493\Debug\TFT_with_emWin.a(cyPm.o)
 .comment       0x00000000       0x71 .\CortexM3\ARM_GCC_493\Debug\TFT_with_emWin.a(FORWARD_BTN.o)
 .comment       0x00000000       0x71 .\CortexM3\ARM_GCC_493\Debug\TFT_with_emWin.a(BACK_BTN.o)
 .comment       0x00000000       0x71 .\CortexM3\ARM_GCC_493\Debug\TFT_with_emWin.a(I2CRTC.o)
 .comment       0x00000000       0x71 .\CortexM3\ARM_GCC_493\Debug\TFT_with_emWin.a(I2CRTC_INT.o)
 .comment       0x00000000       0x71 .\CortexM3\ARM_GCC_493\Debug\TFT_with_emWin.a(I2CRTC_PM.o)
 .comment       0x00000000       0x71 .\CortexM3\ARM_GCC_493\Debug\TFT_with_emWin.a(I2CRTC_MASTER.o)
 .comment       0x00000000       0x71 .\CortexM3\ARM_GCC_493\Debug\TFT_with_emWin.a(LCD_Char_1.o)
 .comment       0x00000000       0x71 .\CortexM3\ARM_GCC_493\Debug\TFT_with_emWin.a(LCD_Char_1_CustChars.o)
 .comment       0x00000000       0x71 .\CortexM3\ARM_GCC_493\Debug\TFT_with_emWin.a(RTC_PIN_INT.o)
 .comment       0x00000000       0x71 .\CortexM3\ARM_GCC_493\Debug\TFT_with_emWin.a(tick_isr.o)
 .comment       0x00000000       0x71 .\CortexM3\ARM_GCC_493\Debug\TFT_with_emWin.a(CyFlash.o)
 .comment       0x00000000       0x71 .\CortexM3\ARM_GCC_493\Debug\TFT_with_emWin.a(CySpc.o)
 .comment       0x00000070       0x6e ..\..\emWinGraphics_v5_46\LinkLibrary\PSoC5\GCC\libemWin_nosnts_cm3_gcc.a(F6x8.o)
                                 0x6f (size before relaxing)
 .comment       0x00000000       0x6f ..\..\emWinGraphics_v5_46\LinkLibrary\PSoC5\GCC\libemWin_nosnts_cm3_gcc.a(F8x16.o)
 .comment       0x00000000       0x6f ..\..\emWinGraphics_v5_46\LinkLibrary\PSoC5\GCC\libemWin_nosnts_cm3_gcc.a(GUI_Alloc.o)
 .comment       0x00000000       0x6f ..\..\emWinGraphics_v5_46\LinkLibrary\PSoC5\GCC\libemWin_nosnts_cm3_gcc.a(GUI_CharM.o)
 .comment       0x00000000       0x6f ..\..\emWinGraphics_v5_46\LinkLibrary\PSoC5\GCC\libemWin_nosnts_cm3_gcc.a(GUI_Common.o)
 .comment       0x00000000       0x6f ..\..\emWinGraphics_v5_46\LinkLibrary\PSoC5\GCC\libemWin_nosnts_cm3_gcc.a(GUI_Core.o)
 .comment       0x00000000       0x6f ..\..\emWinGraphics_v5_46\LinkLibrary\PSoC5\GCC\libemWin_nosnts_cm3_gcc.a(GUI_Device.o)
 .comment       0x00000000       0x6f ..\..\emWinGraphics_v5_46\LinkLibrary\PSoC5\GCC\libemWin_nosnts_cm3_gcc.a(GUI_DispString.o)
 .comment       0x00000000       0x6f ..\..\emWinGraphics_v5_46\LinkLibrary\PSoC5\GCC\libemWin_nosnts_cm3_gcc.a(GUI_DispStringInRectEx.o)
 .comment       0x00000000       0x6f ..\..\emWinGraphics_v5_46\LinkLibrary\PSoC5\GCC\libemWin_nosnts_cm3_gcc.a(GUI_OnKey.o)
 .comment       0x00000000       0x6f ..\..\emWinGraphics_v5_46\LinkLibrary\PSoC5\GCC\libemWin_nosnts_cm3_gcc.a(GUI_Time.o)
 .comment       0x00000000       0x6f ..\..\emWinGraphics_v5_46\LinkLibrary\PSoC5\GCC\libemWin_nosnts_cm3_gcc.a(GUI_UC.o)
 .comment       0x00000000       0x6f ..\..\emWinGraphics_v5_46\LinkLibrary\PSoC5\GCC\libemWin_nosnts_cm3_gcc.a(GUI_UC_EncodeNone.o)
 .comment       0x00000000       0x6f ..\..\emWinGraphics_v5_46\LinkLibrary\PSoC5\GCC\libemWin_nosnts_cm3_gcc.a(GUI_WaitEvent.o)
 .comment       0x00000000       0x6f ..\..\emWinGraphics_v5_46\LinkLibrary\PSoC5\GCC\libemWin_nosnts_cm3_gcc.a(GUICC_M565.o)
 .comment       0x00000000       0x6f ..\..\emWinGraphics_v5_46\LinkLibrary\PSoC5\GCC\libemWin_nosnts_cm3_gcc.a(GUIDRV_FlexColor.o)
 .comment       0x00000000       0x6f ..\..\emWinGraphics_v5_46\LinkLibrary\PSoC5\GCC\libemWin_nosnts_cm3_gcc.a(GUIDRV_FlexColor_16bpp_C0B8.o)
 .comment       0x00000000       0x6f ..\..\emWinGraphics_v5_46\LinkLibrary\PSoC5\GCC\libemWin_nosnts_cm3_gcc.a(GUIDRV_FlexColor_Func66709.o)
 .comment       0x00000000       0x6f ..\..\emWinGraphics_v5_46\LinkLibrary\PSoC5\GCC\libemWin_nosnts_cm3_gcc.a(LCD.o)
 .comment       0x00000000       0x6f ..\..\emWinGraphics_v5_46\LinkLibrary\PSoC5\GCC\libemWin_nosnts_cm3_gcc.a(LCD_Color.o)
 .comment       0x00000000       0x6f ..\..\emWinGraphics_v5_46\LinkLibrary\PSoC5\GCC\libemWin_nosnts_cm3_gcc.a(LCD_GetColorIndex.o)
 .comment       0x00000000       0x6f ..\..\emWinGraphics_v5_46\LinkLibrary\PSoC5\GCC\libemWin_nosnts_cm3_gcc.a(LCD_GetEx.o)
 .comment       0x00000000       0x6f ..\..\emWinGraphics_v5_46\LinkLibrary\PSoC5\GCC\libemWin_nosnts_cm3_gcc.a(LCD_GetNumDisplays.o)
 .comment       0x00000000       0x6f ..\..\emWinGraphics_v5_46\LinkLibrary\PSoC5\GCC\libemWin_nosnts_cm3_gcc.a(LCD_GetP.o)
 .comment       0x00000000       0x6f ..\..\emWinGraphics_v5_46\LinkLibrary\PSoC5\GCC\libemWin_nosnts_cm3_gcc.a(LCD_Rotate180.o)
 .comment       0x00000000       0x6f ..\..\emWinGraphics_v5_46\LinkLibrary\PSoC5\GCC\libemWin_nosnts_cm3_gcc.a(LCD_RotateCCW.o)
 .comment       0x00000000       0x6f ..\..\emWinGraphics_v5_46\LinkLibrary\PSoC5\GCC\libemWin_nosnts_cm3_gcc.a(LCD_RotateCW.o)
 .comment       0x00000000       0x6f ..\..\emWinGraphics_v5_46\LinkLibrary\PSoC5\GCC\libemWin_nosnts_cm3_gcc.a(LCD_SelectLCD.o)
 .comment       0x00000000       0x6f ..\..\emWinGraphics_v5_46\LinkLibrary\PSoC5\GCC\libemWin_nosnts_cm3_gcc.a(LCD_Set.o)
 .comment       0x00000000       0x6f ..\..\emWinGraphics_v5_46\LinkLibrary\PSoC5\GCC\libemWin_nosnts_cm3_gcc.a(LCD_UpdateColorIndices.o)
 .comment       0x00000000       0x6f ..\..\emWinGraphics_v5_46\LinkLibrary\PSoC5\GCC\libemWin_nosnts_cm3_gcc.a(WM.o)
 .comment       0x00000000       0x6f ..\..\emWinGraphics_v5_46\LinkLibrary\PSoC5\GCC\libemWin_nosnts_cm3_gcc.a(WM__Private.o)
 .comment       0x00000000       0x6f ..\..\emWinGraphics_v5_46\LinkLibrary\PSoC5\GCC\libemWin_nosnts_cm3_gcc.a(WM_Lib.o)
 .comment       0x00000000       0x6f ..\..\emWinGraphics_v5_46\LinkLibrary\PSoC5\GCC\libemWin_nosnts_cm3_gcc.a(WM_Move.o)
 .comment       0x00000000       0x6f ..\..\emWinGraphics_v5_46\LinkLibrary\PSoC5\GCC\libemWin_nosnts_cm3_gcc.a(WM_Timer.o)
 .comment       0x00000000       0x6f ..\..\emWinGraphics_v5_46\LinkLibrary\PSoC5\GCC\libemWin_nosnts_cm3_gcc.a(WM_Touch.o)
 .comment       0x00000000       0x6f ..\..\emWinGraphics_v5_46\LinkLibrary\PSoC5\GCC\libemWin_nosnts_cm3_gcc.a(GUI__DivTbl.o)
 .comment       0x00000000       0x6f ..\..\emWinGraphics_v5_46\LinkLibrary\PSoC5\GCC\libemWin_nosnts_cm3_gcc.a(GUI__ManageCache.o)
 .comment       0x00000000       0x6f ..\..\emWinGraphics_v5_46\LinkLibrary\PSoC5\GCC\libemWin_nosnts_cm3_gcc.a(GUI__Private.o)
 .comment       0x00000000       0x6f ..\..\emWinGraphics_v5_46\LinkLibrary\PSoC5\GCC\libemWin_nosnts_cm3_gcc.a(GUI__SinHQ.o)
 .comment       0x00000000       0x6f ..\..\emWinGraphics_v5_46\LinkLibrary\PSoC5\GCC\libemWin_nosnts_cm3_gcc.a(GUI__Wrap.o)
 .comment       0x00000000       0x6f ..\..\emWinGraphics_v5_46\LinkLibrary\PSoC5\GCC\libemWin_nosnts_cm3_gcc.a(GUI_Char.o)
 .comment       0x00000000       0x6f ..\..\emWinGraphics_v5_46\LinkLibrary\PSoC5\GCC\libemWin_nosnts_cm3_gcc.a(GUI_CharLine.o)
 .comment       0x00000000       0x6f ..\..\emWinGraphics_v5_46\LinkLibrary\PSoC5\GCC\libemWin_nosnts_cm3_gcc.a(GUI_DispChar.o)
 .comment       0x00000000       0x6f ..\..\emWinGraphics_v5_46\LinkLibrary\PSoC5\GCC\libemWin_nosnts_cm3_gcc.a(GUI_PID.o)
 .comment       0x00000000       0x6f ..\..\emWinGraphics_v5_46\LinkLibrary\PSoC5\GCC\libemWin_nosnts_cm3_gcc.a(GUI_SelectLayer.o)
 .comment       0x00000000       0x6f ..\..\emWinGraphics_v5_46\LinkLibrary\PSoC5\GCC\libemWin_nosnts_cm3_gcc.a(GUI_Timer.o)
 .comment       0x00000000       0x6f ..\..\emWinGraphics_v5_46\LinkLibrary\PSoC5\GCC\libemWin_nosnts_cm3_gcc.a(GUICC_0.o)
 .comment       0x00000000       0x6f ..\..\emWinGraphics_v5_46\LinkLibrary\PSoC5\GCC\libemWin_nosnts_cm3_gcc.a(GUIDEV.o)
 .comment       0x00000000       0x6f ..\..\emWinGraphics_v5_46\LinkLibrary\PSoC5\GCC\libemWin_nosnts_cm3_gcc.a(GUIDEV_16.o)
 .comment       0x00000000       0x6f ..\..\emWinGraphics_v5_46\LinkLibrary\PSoC5\GCC\libemWin_nosnts_cm3_gcc.a(GUIDEV_Banding.o)
 .comment       0x00000000       0x6f ..\..\emWinGraphics_v5_46\LinkLibrary\PSoC5\GCC\libemWin_nosnts_cm3_gcc.a(GUIDEV_Clear.o)
 .comment       0x00000000       0x6f ..\..\emWinGraphics_v5_46\LinkLibrary\PSoC5\GCC\libemWin_nosnts_cm3_gcc.a(GUIDEV_GetYSize.o)
 .comment       0x00000000       0x6f ..\..\emWinGraphics_v5_46\LinkLibrary\PSoC5\GCC\libemWin_nosnts_cm3_gcc.a(GUIDEV_ReduceYSize.o)
 .comment       0x00000000       0x6f ..\..\emWinGraphics_v5_46\LinkLibrary\PSoC5\GCC\libemWin_nosnts_cm3_gcc.a(GUIDEV_SetOrg.o)
 .comment       0x00000000       0x6f ..\..\emWinGraphics_v5_46\LinkLibrary\PSoC5\GCC\libemWin_nosnts_cm3_gcc.a(GUIDEV_StaticDevices.o)
 .comment       0x00000000       0x6f ..\..\emWinGraphics_v5_46\LinkLibrary\PSoC5\GCC\libemWin_nosnts_cm3_gcc.a(GUIDEV_Usage.o)
 .comment       0x00000000       0x6f ..\..\emWinGraphics_v5_46\LinkLibrary\PSoC5\GCC\libemWin_nosnts_cm3_gcc.a(GUIDEV_UsageBM.o)
 .comment       0x00000000       0x6f ..\..\emWinGraphics_v5_46\LinkLibrary\PSoC5\GCC\libemWin_nosnts_cm3_gcc.a(GUIDEV_Write.o)
 .comment       0x00000000       0x6f ..\..\emWinGraphics_v5_46\LinkLibrary\PSoC5\GCC\libemWin_nosnts_cm3_gcc.a(GUIDEV_WriteToActiveOpaque.o)
 .comment       0x00000000       0x6f ..\..\emWinGraphics_v5_46\LinkLibrary\PSoC5\GCC\libemWin_nosnts_cm3_gcc.a(LCD_AA.o)
 .comment       0x00000000       0x6f ..\..\emWinGraphics_v5_46\LinkLibrary\PSoC5\GCC\libemWin_nosnts_cm3_gcc.a(LCD_GetPixelColor.o)
 .comment       0x00000000       0x6f ..\..\emWinGraphics_v5_46\LinkLibrary\PSoC5\GCC\libemWin_nosnts_cm3_gcc.a(LCD_Mirror.o)
 .comment       0x00000000       0x6f ..\..\emWinGraphics_v5_46\LinkLibrary\PSoC5\GCC\libemWin_nosnts_cm3_gcc.a(LCD_SetClipRectEx.o)
 .comment       0x00000000       0x6f ..\..\emWinGraphics_v5_46\LinkLibrary\PSoC5\GCC\libemWin_nosnts_cm3_gcc.a(WM_PID__GetPrevState.o)
 .comment       0x00000000       0x6f ..\..\emWinGraphics_v5_46\LinkLibrary\PSoC5\GCC\libemWin_nosnts_cm3_gcc.a(WM_Screen2Win.o)
 .comment       0x00000000       0x6f ..\..\emWinGraphics_v5_46\LinkLibrary\PSoC5\GCC\libemWin_nosnts_cm3_gcc.a(WM_SetCapture.o)
 .comment       0x00000000       0x6f ..\..\emWinGraphics_v5_46\LinkLibrary\PSoC5\GCC\libemWin_nosnts_cm3_gcc.a(GUI__Alpha.o)
 .comment       0x00000000       0x6f ..\..\emWinGraphics_v5_46\LinkLibrary\PSoC5\GCC\libemWin_nosnts_cm3_gcc.a(GUI__CompactPixelIndices.o)
 .comment       0x00000000       0x6f ..\..\emWinGraphics_v5_46\LinkLibrary\PSoC5\GCC\libemWin_nosnts_cm3_gcc.a(GUI__ExpandPixelIndices.o)
 .comment       0x00000000       0x6f ..\..\emWinGraphics_v5_46\LinkLibrary\PSoC5\GCC\libemWin_nosnts_cm3_gcc.a(GUI_SetAlpha.o)
 .comment       0x00000000       0x6f ..\..\emWinGraphics_v5_46\LinkLibrary\PSoC5\GCC\libemWin_nosnts_cm3_gcc.a(GUICC_8888.o)
 .comment       0x00000000       0x6f ..\..\emWinGraphics_v5_46\LinkLibrary\PSoC5\GCC\libemWin_nosnts_cm3_gcc.a(GUICC_8888_Index2Color.o)
 .comment       0x00000000       0x6f ..\..\emWinGraphics_v5_46\LinkLibrary\PSoC5\GCC\libemWin_nosnts_cm3_gcc.a(GUIDEV_32.o)
 .comment       0x00000000       0x6f ..\..\emWinGraphics_v5_46\LinkLibrary\PSoC5\GCC\libemWin_nosnts_cm3_gcc.a(GUIDEV_CreateFixed.o)
 .comment       0x00000000       0x6f ..\..\emWinGraphics_v5_46\LinkLibrary\PSoC5\GCC\libemWin_nosnts_cm3_gcc.a(GUIDEV_GetDataPtr.o)
 .comment       0x00000000       0x6f ..\..\emWinGraphics_v5_46\LinkLibrary\PSoC5\GCC\libemWin_nosnts_cm3_gcc.a(GUIDEV_GetPos.o)
 .comment       0x00000000       0x6f ..\..\emWinGraphics_v5_46\LinkLibrary\PSoC5\GCC\libemWin_nosnts_cm3_gcc.a(GUIDEV_GetXSize.o)
 .comment       0x00000000       0x6f ..\..\emWinGraphics_v5_46\LinkLibrary\PSoC5\GCC\libemWin_nosnts_cm3_gcc.a(GUIDEV_WriteToActiveAlpha.o)
 .comment       0x00000000       0x6f ..\..\emWinGraphics_v5_46\LinkLibrary\PSoC5\GCC\libemWin_nosnts_cm3_gcc.a(LCD_ReadRect.o)

.debug_weaknames
 *(.debug_weaknames)

.debug_funcnames
 *(.debug_funcnames)

.debug_typenames
 *(.debug_typenames)

.debug_varnames
 *(.debug_varnames)

.note.gnu.arm.ident
 *(.note.gnu.arm.ident)

.ARM.attributes
                0x00000000       0x29
 *(.ARM.attributes)
 .ARM.attributes
                0x00000000       0x1d c:/program files (x86)/cypress/psoc creator/3.3/psoc creator/import/gnu/arm/4.9.3/bin/../lib/gcc/arm-none-eabi/4.9.3/armv7-m/crti.o
 .ARM.attributes
                0x0000001d       0x2d c:/program files (x86)/cypress/psoc creator/3.3/psoc creator/import/gnu/arm/4.9.3/bin/../lib/gcc/arm-none-eabi/4.9.3/armv7-m/crtbegin.o
 .ARM.attributes
                0x0000004a       0x1b c:/program files (x86)/cypress/psoc creator/3.3/psoc creator/import/gnu/arm/4.9.3/bin/../lib/gcc/arm-none-eabi/4.9.3/../../../../arm-none-eabi/lib/armv7-m/crt0.o
 .ARM.attributes
                0x00000065       0x33 .\CortexM3\ARM_GCC_493\Debug\main.o
 .ARM.attributes
                0x00000098       0x33 .\CortexM3\ARM_GCC_493\Debug\tft.o
 .ARM.attributes
                0x000000cb       0x33 .\CortexM3\ARM_GCC_493\Debug\GUI_X.o
 .ARM.attributes
                0x000000fe       0x33 .\CortexM3\ARM_GCC_493\Debug\GUIConf.o
 .ARM.attributes
                0x00000131       0x33 .\CortexM3\ARM_GCC_493\Debug\LCDConf.o
 .ARM.attributes
                0x00000164       0x33 .\CortexM3\ARM_GCC_493\Debug\start.o
 .ARM.attributes
                0x00000197       0x33 .\CortexM3\ARM_GCC_493\Debug\ds3231.o
 .ARM.attributes
                0x000001ca       0x33 .\CortexM3\ARM_GCC_493\Debug\cymetadata.o
 .ARM.attributes
                0x000001fd       0x33 .\CortexM3\ARM_GCC_493\Debug\Cm3Start.o
 .ARM.attributes
                0x00000230       0x33 .\CortexM3\ARM_GCC_493\Debug\TFT_with_emWin.a(cyfitter_cfg.o)
 .ARM.attributes
                0x00000263       0x33 .\CortexM3\ARM_GCC_493\Debug\TFT_with_emWin.a(SPIM_1.o)
 .ARM.attributes
                0x00000296       0x33 .\CortexM3\ARM_GCC_493\Debug\TFT_with_emWin.a(DC.o)
 .ARM.attributes
                0x000002c9       0x33 .\CortexM3\ARM_GCC_493\Debug\TFT_with_emWin.a(SPIM_1_IntClock.o)
 .ARM.attributes
                0x000002fc       0x21 .\CortexM3\ARM_GCC_493\Debug\TFT_with_emWin.a(CyBootAsmGnu.o)
 .ARM.attributes
                0x0000031d       0x33 .\CortexM3\ARM_GCC_493\Debug\TFT_with_emWin.a(CyLib.o)
 .ARM.attributes
                0x00000350       0x33 .\CortexM3\ARM_GCC_493\Debug\TFT_with_emWin.a(cyPm.o)
 .ARM.attributes
                0x00000383       0x33 .\CortexM3\ARM_GCC_493\Debug\TFT_with_emWin.a(FORWARD_BTN.o)
 .ARM.attributes
                0x000003b6       0x33 .\CortexM3\ARM_GCC_493\Debug\TFT_with_emWin.a(BACK_BTN.o)
 .ARM.attributes
                0x000003e9       0x33 .\CortexM3\ARM_GCC_493\Debug\TFT_with_emWin.a(I2CRTC.o)
 .ARM.attributes
                0x0000041c       0x33 .\CortexM3\ARM_GCC_493\Debug\TFT_with_emWin.a(I2CRTC_INT.o)
 .ARM.attributes
                0x0000044f       0x33 .\CortexM3\ARM_GCC_493\Debug\TFT_with_emWin.a(I2CRTC_PM.o)
 .ARM.attributes
                0x00000482       0x33 .\CortexM3\ARM_GCC_493\Debug\TFT_with_emWin.a(I2CRTC_MASTER.o)
 .ARM.attributes
                0x000004b5       0x33 .\CortexM3\ARM_GCC_493\Debug\TFT_with_emWin.a(LCD_Char_1.o)
 .ARM.attributes
                0x000004e8       0x33 .\CortexM3\ARM_GCC_493\Debug\TFT_with_emWin.a(LCD_Char_1_CustChars.o)
 .ARM.attributes
                0x0000051b       0x33 .\CortexM3\ARM_GCC_493\Debug\TFT_with_emWin.a(RTC_PIN_INT.o)
 .ARM.attributes
                0x0000054e       0x33 .\CortexM3\ARM_GCC_493\Debug\TFT_with_emWin.a(tick_isr.o)
 .ARM.attributes
                0x00000581       0x33 .\CortexM3\ARM_GCC_493\Debug\TFT_with_emWin.a(CyFlash.o)
 .ARM.attributes
                0x000005b4       0x33 .\CortexM3\ARM_GCC_493\Debug\TFT_with_emWin.a(CySpc.o)
 .ARM.attributes
                0x000005e7       0x33 ..\..\emWinGraphics_v5_46\LinkLibrary\PSoC5\GCC\libemWin_nosnts_cm3_gcc.a(F6x8.o)
 .ARM.attributes
                0x0000061a       0x33 ..\..\emWinGraphics_v5_46\LinkLibrary\PSoC5\GCC\libemWin_nosnts_cm3_gcc.a(F8x16.o)
 .ARM.attributes
                0x0000064d       0x33 ..\..\emWinGraphics_v5_46\LinkLibrary\PSoC5\GCC\libemWin_nosnts_cm3_gcc.a(GUI_Alloc.o)
 .ARM.attributes
                0x00000680       0x33 ..\..\emWinGraphics_v5_46\LinkLibrary\PSoC5\GCC\libemWin_nosnts_cm3_gcc.a(GUI_CharM.o)
 .ARM.attributes
                0x000006b3       0x33 ..\..\emWinGraphics_v5_46\LinkLibrary\PSoC5\GCC\libemWin_nosnts_cm3_gcc.a(GUI_Common.o)
 .ARM.attributes
                0x000006e6       0x33 ..\..\emWinGraphics_v5_46\LinkLibrary\PSoC5\GCC\libemWin_nosnts_cm3_gcc.a(GUI_Core.o)
 .ARM.attributes
                0x00000719       0x33 ..\..\emWinGraphics_v5_46\LinkLibrary\PSoC5\GCC\libemWin_nosnts_cm3_gcc.a(GUI_Device.o)
 .ARM.attributes
                0x0000074c       0x33 ..\..\emWinGraphics_v5_46\LinkLibrary\PSoC5\GCC\libemWin_nosnts_cm3_gcc.a(GUI_DispString.o)
 .ARM.attributes
                0x0000077f       0x33 ..\..\emWinGraphics_v5_46\LinkLibrary\PSoC5\GCC\libemWin_nosnts_cm3_gcc.a(GUI_DispStringInRectEx.o)
 .ARM.attributes
                0x000007b2       0x33 ..\..\emWinGraphics_v5_46\LinkLibrary\PSoC5\GCC\libemWin_nosnts_cm3_gcc.a(GUI_OnKey.o)
 .ARM.attributes
                0x000007e5       0x33 ..\..\emWinGraphics_v5_46\LinkLibrary\PSoC5\GCC\libemWin_nosnts_cm3_gcc.a(GUI_Time.o)
 .ARM.attributes
                0x00000818       0x33 ..\..\emWinGraphics_v5_46\LinkLibrary\PSoC5\GCC\libemWin_nosnts_cm3_gcc.a(GUI_UC.o)
 .ARM.attributes
                0x0000084b       0x33 ..\..\emWinGraphics_v5_46\LinkLibrary\PSoC5\GCC\libemWin_nosnts_cm3_gcc.a(GUI_UC_EncodeNone.o)
 .ARM.attributes
                0x0000087e       0x33 ..\..\emWinGraphics_v5_46\LinkLibrary\PSoC5\GCC\libemWin_nosnts_cm3_gcc.a(GUI_WaitEvent.o)
 .ARM.attributes
                0x000008b1       0x33 ..\..\emWinGraphics_v5_46\LinkLibrary\PSoC5\GCC\libemWin_nosnts_cm3_gcc.a(GUICC_M565.o)
 .ARM.attributes
                0x000008e4       0x33 ..\..\emWinGraphics_v5_46\LinkLibrary\PSoC5\GCC\libemWin_nosnts_cm3_gcc.a(GUIDRV_FlexColor.o)
 .ARM.attributes
                0x00000917       0x33 ..\..\emWinGraphics_v5_46\LinkLibrary\PSoC5\GCC\libemWin_nosnts_cm3_gcc.a(GUIDRV_FlexColor_16bpp_C0B8.o)
 .ARM.attributes
                0x0000094a       0x33 ..\..\emWinGraphics_v5_46\LinkLibrary\PSoC5\GCC\libemWin_nosnts_cm3_gcc.a(GUIDRV_FlexColor_Func66709.o)
 .ARM.attributes
                0x0000097d       0x33 ..\..\emWinGraphics_v5_46\LinkLibrary\PSoC5\GCC\libemWin_nosnts_cm3_gcc.a(LCD.o)
 .ARM.attributes
                0x000009b0       0x33 ..\..\emWinGraphics_v5_46\LinkLibrary\PSoC5\GCC\libemWin_nosnts_cm3_gcc.a(LCD_Color.o)
 .ARM.attributes
                0x000009e3       0x33 ..\..\emWinGraphics_v5_46\LinkLibrary\PSoC5\GCC\libemWin_nosnts_cm3_gcc.a(LCD_GetColorIndex.o)
 .ARM.attributes
                0x00000a16       0x33 ..\..\emWinGraphics_v5_46\LinkLibrary\PSoC5\GCC\libemWin_nosnts_cm3_gcc.a(LCD_GetEx.o)
 .ARM.attributes
                0x00000a49       0x33 ..\..\emWinGraphics_v5_46\LinkLibrary\PSoC5\GCC\libemWin_nosnts_cm3_gcc.a(LCD_GetNumDisplays.o)
 .ARM.attributes
                0x00000a7c       0x33 ..\..\emWinGraphics_v5_46\LinkLibrary\PSoC5\GCC\libemWin_nosnts_cm3_gcc.a(LCD_GetP.o)
 .ARM.attributes
                0x00000aaf       0x33 ..\..\emWinGraphics_v5_46\LinkLibrary\PSoC5\GCC\libemWin_nosnts_cm3_gcc.a(LCD_Rotate180.o)
 .ARM.attributes
                0x00000ae2       0x33 ..\..\emWinGraphics_v5_46\LinkLibrary\PSoC5\GCC\libemWin_nosnts_cm3_gcc.a(LCD_RotateCCW.o)
 .ARM.attributes
                0x00000b15       0x33 ..\..\emWinGraphics_v5_46\LinkLibrary\PSoC5\GCC\libemWin_nosnts_cm3_gcc.a(LCD_RotateCW.o)
 .ARM.attributes
                0x00000b48       0x33 ..\..\emWinGraphics_v5_46\LinkLibrary\PSoC5\GCC\libemWin_nosnts_cm3_gcc.a(LCD_SelectLCD.o)
 .ARM.attributes
                0x00000b7b       0x33 ..\..\emWinGraphics_v5_46\LinkLibrary\PSoC5\GCC\libemWin_nosnts_cm3_gcc.a(LCD_Set.o)
 .ARM.attributes
                0x00000bae       0x33 ..\..\emWinGraphics_v5_46\LinkLibrary\PSoC5\GCC\libemWin_nosnts_cm3_gcc.a(LCD_UpdateColorIndices.o)
 .ARM.attributes
                0x00000be1       0x33 ..\..\emWinGraphics_v5_46\LinkLibrary\PSoC5\GCC\libemWin_nosnts_cm3_gcc.a(WM.o)
 .ARM.attributes
                0x00000c14       0x33 ..\..\emWinGraphics_v5_46\LinkLibrary\PSoC5\GCC\libemWin_nosnts_cm3_gcc.a(WM__Private.o)
 .ARM.attributes
                0x00000c47       0x33 ..\..\emWinGraphics_v5_46\LinkLibrary\PSoC5\GCC\libemWin_nosnts_cm3_gcc.a(WM_Lib.o)
 .ARM.attributes
                0x00000c7a       0x33 ..\..\emWinGraphics_v5_46\LinkLibrary\PSoC5\GCC\libemWin_nosnts_cm3_gcc.a(WM_Move.o)
 .ARM.attributes
                0x00000cad       0x33 ..\..\emWinGraphics_v5_46\LinkLibrary\PSoC5\GCC\libemWin_nosnts_cm3_gcc.a(WM_Timer.o)
 .ARM.attributes
                0x00000ce0       0x33 ..\..\emWinGraphics_v5_46\LinkLibrary\PSoC5\GCC\libemWin_nosnts_cm3_gcc.a(WM_Touch.o)
 .ARM.attributes
                0x00000d13       0x33 ..\..\emWinGraphics_v5_46\LinkLibrary\PSoC5\GCC\libemWin_nosnts_cm3_gcc.a(GUI__DivTbl.o)
 .ARM.attributes
                0x00000d46       0x33 ..\..\emWinGraphics_v5_46\LinkLibrary\PSoC5\GCC\libemWin_nosnts_cm3_gcc.a(GUI__ManageCache.o)
 .ARM.attributes
                0x00000d79       0x33 ..\..\emWinGraphics_v5_46\LinkLibrary\PSoC5\GCC\libemWin_nosnts_cm3_gcc.a(GUI__Private.o)
 .ARM.attributes
                0x00000dac       0x33 ..\..\emWinGraphics_v5_46\LinkLibrary\PSoC5\GCC\libemWin_nosnts_cm3_gcc.a(GUI__SinHQ.o)
 .ARM.attributes
                0x00000ddf       0x33 ..\..\emWinGraphics_v5_46\LinkLibrary\PSoC5\GCC\libemWin_nosnts_cm3_gcc.a(GUI__Wrap.o)
 .ARM.attributes
                0x00000e12       0x33 ..\..\emWinGraphics_v5_46\LinkLibrary\PSoC5\GCC\libemWin_nosnts_cm3_gcc.a(GUI_Char.o)
 .ARM.attributes
                0x00000e45       0x33 ..\..\emWinGraphics_v5_46\LinkLibrary\PSoC5\GCC\libemWin_nosnts_cm3_gcc.a(GUI_CharLine.o)
 .ARM.attributes
                0x00000e78       0x33 ..\..\emWinGraphics_v5_46\LinkLibrary\PSoC5\GCC\libemWin_nosnts_cm3_gcc.a(GUI_DispChar.o)
 .ARM.attributes
                0x00000eab       0x33 ..\..\emWinGraphics_v5_46\LinkLibrary\PSoC5\GCC\libemWin_nosnts_cm3_gcc.a(GUI_PID.o)
 .ARM.attributes
                0x00000ede       0x33 ..\..\emWinGraphics_v5_46\LinkLibrary\PSoC5\GCC\libemWin_nosnts_cm3_gcc.a(GUI_SelectLayer.o)
 .ARM.attributes
                0x00000f11       0x33 ..\..\emWinGraphics_v5_46\LinkLibrary\PSoC5\GCC\libemWin_nosnts_cm3_gcc.a(GUI_Timer.o)
 .ARM.attributes
                0x00000f44       0x33 ..\..\emWinGraphics_v5_46\LinkLibrary\PSoC5\GCC\libemWin_nosnts_cm3_gcc.a(GUICC_0.o)
 .ARM.attributes
                0x00000f77       0x33 ..\..\emWinGraphics_v5_46\LinkLibrary\PSoC5\GCC\libemWin_nosnts_cm3_gcc.a(GUIDEV.o)
 .ARM.attributes
                0x00000faa       0x33 ..\..\emWinGraphics_v5_46\LinkLibrary\PSoC5\GCC\libemWin_nosnts_cm3_gcc.a(GUIDEV_16.o)
 .ARM.attributes
                0x00000fdd       0x33 ..\..\emWinGraphics_v5_46\LinkLibrary\PSoC5\GCC\libemWin_nosnts_cm3_gcc.a(GUIDEV_Banding.o)
 .ARM.attributes
                0x00001010       0x33 ..\..\emWinGraphics_v5_46\LinkLibrary\PSoC5\GCC\libemWin_nosnts_cm3_gcc.a(GUIDEV_Clear.o)
 .ARM.attributes
                0x00001043       0x33 ..\..\emWinGraphics_v5_46\LinkLibrary\PSoC5\GCC\libemWin_nosnts_cm3_gcc.a(GUIDEV_GetYSize.o)
 .ARM.attributes
                0x00001076       0x33 ..\..\emWinGraphics_v5_46\LinkLibrary\PSoC5\GCC\libemWin_nosnts_cm3_gcc.a(GUIDEV_ReduceYSize.o)
 .ARM.attributes
                0x000010a9       0x33 ..\..\emWinGraphics_v5_46\LinkLibrary\PSoC5\GCC\libemWin_nosnts_cm3_gcc.a(GUIDEV_SetOrg.o)
 .ARM.attributes
                0x000010dc       0x33 ..\..\emWinGraphics_v5_46\LinkLibrary\PSoC5\GCC\libemWin_nosnts_cm3_gcc.a(GUIDEV_StaticDevices.o)
 .ARM.attributes
                0x0000110f       0x33 ..\..\emWinGraphics_v5_46\LinkLibrary\PSoC5\GCC\libemWin_nosnts_cm3_gcc.a(GUIDEV_Usage.o)
 .ARM.attributes
                0x00001142       0x33 ..\..\emWinGraphics_v5_46\LinkLibrary\PSoC5\GCC\libemWin_nosnts_cm3_gcc.a(GUIDEV_UsageBM.o)
 .ARM.attributes
                0x00001175       0x33 ..\..\emWinGraphics_v5_46\LinkLibrary\PSoC5\GCC\libemWin_nosnts_cm3_gcc.a(GUIDEV_Write.o)
 .ARM.attributes
                0x000011a8       0x33 ..\..\emWinGraphics_v5_46\LinkLibrary\PSoC5\GCC\libemWin_nosnts_cm3_gcc.a(GUIDEV_WriteToActiveOpaque.o)
 .ARM.attributes
                0x000011db       0x33 ..\..\emWinGraphics_v5_46\LinkLibrary\PSoC5\GCC\libemWin_nosnts_cm3_gcc.a(LCD_AA.o)
 .ARM.attributes
                0x0000120e       0x33 ..\..\emWinGraphics_v5_46\LinkLibrary\PSoC5\GCC\libemWin_nosnts_cm3_gcc.a(LCD_GetPixelColor.o)
 .ARM.attributes
                0x00001241       0x33 ..\..\emWinGraphics_v5_46\LinkLibrary\PSoC5\GCC\libemWin_nosnts_cm3_gcc.a(LCD_Mirror.o)
 .ARM.attributes
                0x00001274       0x33 ..\..\emWinGraphics_v5_46\LinkLibrary\PSoC5\GCC\libemWin_nosnts_cm3_gcc.a(LCD_SetClipRectEx.o)
 .ARM.attributes
                0x000012a7       0x33 ..\..\emWinGraphics_v5_46\LinkLibrary\PSoC5\GCC\libemWin_nosnts_cm3_gcc.a(WM_PID__GetPrevState.o)
 .ARM.attributes
                0x000012da       0x33 ..\..\emWinGraphics_v5_46\LinkLibrary\PSoC5\GCC\libemWin_nosnts_cm3_gcc.a(WM_Screen2Win.o)
 .ARM.attributes
                0x0000130d       0x33 ..\..\emWinGraphics_v5_46\LinkLibrary\PSoC5\GCC\libemWin_nosnts_cm3_gcc.a(WM_SetCapture.o)
 .ARM.attributes
                0x00001340       0x33 ..\..\emWinGraphics_v5_46\LinkLibrary\PSoC5\GCC\libemWin_nosnts_cm3_gcc.a(GUI__Alpha.o)
 .ARM.attributes
                0x00001373       0x33 ..\..\emWinGraphics_v5_46\LinkLibrary\PSoC5\GCC\libemWin_nosnts_cm3_gcc.a(GUI__CompactPixelIndices.o)
 .ARM.attributes
                0x000013a6       0x33 ..\..\emWinGraphics_v5_46\LinkLibrary\PSoC5\GCC\libemWin_nosnts_cm3_gcc.a(GUI__ExpandPixelIndices.o)
 .ARM.attributes
                0x000013d9       0x33 ..\..\emWinGraphics_v5_46\LinkLibrary\PSoC5\GCC\libemWin_nosnts_cm3_gcc.a(GUI_SetAlpha.o)
 .ARM.attributes
                0x0000140c       0x33 ..\..\emWinGraphics_v5_46\LinkLibrary\PSoC5\GCC\libemWin_nosnts_cm3_gcc.a(GUICC_8888.o)
 .ARM.attributes
                0x0000143f       0x33 ..\..\emWinGraphics_v5_46\LinkLibrary\PSoC5\GCC\libemWin_nosnts_cm3_gcc.a(GUICC_8888_Index2Color.o)
 .ARM.attributes
                0x00001472       0x33 ..\..\emWinGraphics_v5_46\LinkLibrary\PSoC5\GCC\libemWin_nosnts_cm3_gcc.a(GUIDEV_32.o)
 .ARM.attributes
                0x000014a5       0x33 ..\..\emWinGraphics_v5_46\LinkLibrary\PSoC5\GCC\libemWin_nosnts_cm3_gcc.a(GUIDEV_CreateFixed.o)
 .ARM.attributes
                0x000014d8       0x33 ..\..\emWinGraphics_v5_46\LinkLibrary\PSoC5\GCC\libemWin_nosnts_cm3_gcc.a(GUIDEV_GetDataPtr.o)
 .ARM.attributes
                0x0000150b       0x33 ..\..\emWinGraphics_v5_46\LinkLibrary\PSoC5\GCC\libemWin_nosnts_cm3_gcc.a(GUIDEV_GetPos.o)
 .ARM.attributes
                0x0000153e       0x33 ..\..\emWinGraphics_v5_46\LinkLibrary\PSoC5\GCC\libemWin_nosnts_cm3_gcc.a(GUIDEV_GetXSize.o)
 .ARM.attributes
                0x00001571       0x33 ..\..\emWinGraphics_v5_46\LinkLibrary\PSoC5\GCC\libemWin_nosnts_cm3_gcc.a(GUIDEV_WriteToActiveAlpha.o)
 .ARM.attributes
                0x000015a4       0x33 ..\..\emWinGraphics_v5_46\LinkLibrary\PSoC5\GCC\libemWin_nosnts_cm3_gcc.a(LCD_ReadRect.o)
 .ARM.attributes
                0x000015d7       0x1d c:/program files (x86)/cypress/psoc creator/3.3/psoc creator/import/gnu/arm/4.9.3/bin/../lib/gcc/arm-none-eabi/4.9.3/armv7-m\libgcc.a(_arm_muldivsf3.o)
 .ARM.attributes
                0x000015f4       0x1d c:/program files (x86)/cypress/psoc creator/3.3/psoc creator/import/gnu/arm/4.9.3/bin/../lib/gcc/arm-none-eabi/4.9.3/armv7-m\libgcc.a(_arm_fixsfsi.o)
 .ARM.attributes
                0x00001611       0x2d c:/program files (x86)/cypress/psoc creator/3.3/psoc creator/import/gnu/arm/4.9.3/bin/../lib/gcc/arm-none-eabi/4.9.3/../../../../arm-none-eabi/lib/armv7-m\libg_nano.a(lib_a-errno.o)
 .ARM.attributes
                0x0000163e       0x2d c:/program files (x86)/cypress/psoc creator/3.3/psoc creator/import/gnu/arm/4.9.3/bin/../lib/gcc/arm-none-eabi/4.9.3/../../../../arm-none-eabi/lib/armv7-m\libg_nano.a(lib_a-exit.o)
 .ARM.attributes
                0x0000166b       0x2d c:/program files (x86)/cypress/psoc creator/3.3/psoc creator/import/gnu/arm/4.9.3/bin/../lib/gcc/arm-none-eabi/4.9.3/../../../../arm-none-eabi/lib/armv7-m\libg_nano.a(lib_a-impure.o)
 .ARM.attributes
                0x00001698       0x2d c:/program files (x86)/cypress/psoc creator/3.3/psoc creator/import/gnu/arm/4.9.3/bin/../lib/gcc/arm-none-eabi/4.9.3/../../../../arm-none-eabi/lib/armv7-m\libg_nano.a(lib_a-init.o)
 .ARM.attributes
                0x000016c5       0x2d c:/program files (x86)/cypress/psoc creator/3.3/psoc creator/import/gnu/arm/4.9.3/bin/../lib/gcc/arm-none-eabi/4.9.3/../../../../arm-none-eabi/lib/armv7-m\libg_nano.a(lib_a-memcpy.o)
 .ARM.attributes
                0x000016f2       0x2d c:/program files (x86)/cypress/psoc creator/3.3/psoc creator/import/gnu/arm/4.9.3/bin/../lib/gcc/arm-none-eabi/4.9.3/../../../../arm-none-eabi/lib/armv7-m\libg_nano.a(lib_a-memmove.o)
 .ARM.attributes
                0x0000171f       0x2d c:/program files (x86)/cypress/psoc creator/3.3/psoc creator/import/gnu/arm/4.9.3/bin/../lib/gcc/arm-none-eabi/4.9.3/../../../../arm-none-eabi/lib/armv7-m\libg_nano.a(lib_a-memset.o)
 .ARM.attributes
                0x0000174c       0x2d c:/program files (x86)/cypress/psoc creator/3.3/psoc creator/import/gnu/arm/4.9.3/bin/../lib/gcc/arm-none-eabi/4.9.3/../../../../arm-none-eabi/lib/armv7-m\libg_nano.a(lib_a-sprintf.o)
 .ARM.attributes
                0x00001779       0x2d c:/program files (x86)/cypress/psoc creator/3.3/psoc creator/import/gnu/arm/4.9.3/bin/../lib/gcc/arm-none-eabi/4.9.3/../../../../arm-none-eabi/lib/armv7-m\libg_nano.a(lib_a-strcpy.o)
 .ARM.attributes
                0x000017a6       0x2d c:/program files (x86)/cypress/psoc creator/3.3/psoc creator/import/gnu/arm/4.9.3/bin/../lib/gcc/arm-none-eabi/4.9.3/../../../../arm-none-eabi/lib/armv7-m\libg_nano.a(lib_a-nano-svfprintf.o)
 .ARM.attributes
                0x000017d3       0x2d c:/program files (x86)/cypress/psoc creator/3.3/psoc creator/import/gnu/arm/4.9.3/bin/../lib/gcc/arm-none-eabi/4.9.3/../../../../arm-none-eabi/lib/armv7-m\libg_nano.a(lib_a-nano-vfprintf_i.o)
 .ARM.attributes
                0x00001800       0x2d c:/program files (x86)/cypress/psoc creator/3.3/psoc creator/import/gnu/arm/4.9.3/bin/../lib/gcc/arm-none-eabi/4.9.3/../../../../arm-none-eabi/lib/armv7-m\libg_nano.a(lib_a-memchr.o)
 .ARM.attributes
                0x0000182d       0x2d c:/program files (x86)/cypress/psoc creator/3.3/psoc creator/import/gnu/arm/4.9.3/bin/../lib/gcc/arm-none-eabi/4.9.3/../../../../arm-none-eabi/lib/armv7-m\libg_nano.a(lib_a-nano-freer.o)
 .ARM.attributes
                0x0000185a       0x2d c:/program files (x86)/cypress/psoc creator/3.3/psoc creator/import/gnu/arm/4.9.3/bin/../lib/gcc/arm-none-eabi/4.9.3/../../../../arm-none-eabi/lib/armv7-m\libg_nano.a(lib_a-nano-mallocr.o)
 .ARM.attributes
                0x00001887       0x2d c:/program files (x86)/cypress/psoc creator/3.3/psoc creator/import/gnu/arm/4.9.3/bin/../lib/gcc/arm-none-eabi/4.9.3/../../../../arm-none-eabi/lib/armv7-m\libg_nano.a(lib_a-nano-reallocr.o)
 .ARM.attributes
                0x000018b4       0x2d c:/program files (x86)/cypress/psoc creator/3.3/psoc creator/import/gnu/arm/4.9.3/bin/../lib/gcc/arm-none-eabi/4.9.3/../../../../arm-none-eabi/lib/armv7-m\libg_nano.a(lib_a-sbrkr.o)
 .ARM.attributes
                0x000018e1       0x2d c:/program files (x86)/cypress/psoc creator/3.3/psoc creator/import/gnu/arm/4.9.3/bin/../lib/gcc/arm-none-eabi/4.9.3/../../../../arm-none-eabi/lib/armv7-m\libg_nano.a(lib_a-nano-msizer.o)
 .ARM.attributes
                0x0000190e       0x2d c:/program files (x86)/cypress/psoc creator/3.3/psoc creator/import/gnu/arm/4.9.3/bin/../lib/gcc/arm-none-eabi/4.9.3/../../../../arm-none-eabi/lib/armv7-m\libg_nano.a(lib_a-reent.o)
 .ARM.attributes
                0x0000193b       0x2d c:/program files (x86)/cypress/psoc creator/3.3/psoc creator/import/gnu/arm/4.9.3/bin/../lib/gcc/arm-none-eabi/4.9.3/armv7-m/crtend.o
 .ARM.attributes